Archive member included because of file (symbol)

/cygdrive/d/greenstoneprj/home/gallite/soft/build/8809p_fpga/int_rom_programmer/bcpu/platform/base/std/lib/libstd_cool_profile.a(atoi.o)
                              (atoi)
/cygdrive/d/greenstoneprj/home/gallite/soft/build/8809p_fpga/int_rom_programmer/bcpu/platform/base/std/lib/libstd_cool_profile.a(bsearch.o)
                              (bsearch)
/cygdrive/d/greenstoneprj/home/gallite/soft/build/8809p_fpga/int_rom_programmer/bcpu/platform/base/std/lib/libstd_cool_profile.a(ctype.o)
                              (_ctype)
/cygdrive/d/greenstoneprj/home/gallite/soft/build/8809p_fpga/int_rom_programmer/bcpu/platform/base/std/lib/libstd_cool_profile.a(memchr.o)
                              (memchr)
/cygdrive/d/greenstoneprj/home/gallite/soft/build/8809p_fpga/int_rom_programmer/bcpu/platform/base/std/lib/libstd_cool_profile.a(memcmp.o)
                              (memcmp)
/cygdrive/d/greenstoneprj/home/gallite/soft/build/8809p_fpga/int_rom_programmer/bcpu/platform/base/std/lib/libstd_cool_profile.a(memcpy.o)
                              (memcpy)
/cygdrive/d/greenstoneprj/home/gallite/soft/build/8809p_fpga/int_rom_programmer/bcpu/platform/base/std/lib/libstd_cool_profile.a(memmove.o)
                              (memmove)
/cygdrive/d/greenstoneprj/home/gallite/soft/build/8809p_fpga/int_rom_programmer/bcpu/platform/base/std/lib/libstd_cool_profile.a(memscan.o)
                              (memscan)
/cygdrive/d/greenstoneprj/home/gallite/soft/build/8809p_fpga/int_rom_programmer/bcpu/platform/base/std/lib/libstd_cool_profile.a(memset.o)
                              (memset)
/cygdrive/d/greenstoneprj/home/gallite/soft/build/8809p_fpga/int_rom_programmer/bcpu/platform/base/std/lib/libstd_cool_profile.a(qsort.o)
                              (qsort)
/cygdrive/d/greenstoneprj/home/gallite/soft/build/8809p_fpga/int_rom_programmer/bcpu/platform/base/std/lib/libstd_cool_profile.a(strcat.o)
                              (strcat)
/cygdrive/d/greenstoneprj/home/gallite/soft/build/8809p_fpga/int_rom_programmer/bcpu/platform/base/std/lib/libstd_cool_profile.a(strchr.o)
                              (strchr)
/cygdrive/d/greenstoneprj/home/gallite/soft/build/8809p_fpga/int_rom_programmer/bcpu/platform/base/std/lib/libstd_cool_profile.a(strcmp.o)
                              (strcmp)
/cygdrive/d/greenstoneprj/home/gallite/soft/build/8809p_fpga/int_rom_programmer/bcpu/platform/base/std/lib/libstd_cool_profile.a(strcpy.o)
                              (strcpy)
/cygdrive/d/greenstoneprj/home/gallite/soft/build/8809p_fpga/int_rom_programmer/bcpu/platform/base/std/lib/libstd_cool_profile.a(strcspn.o)
                              (strcspn)
/cygdrive/d/greenstoneprj/home/gallite/soft/build/8809p_fpga/int_rom_programmer/bcpu/platform/base/std/lib/libstd_cool_profile.a(strlen.o)
                              (strlen)
/cygdrive/d/greenstoneprj/home/gallite/soft/build/8809p_fpga/int_rom_programmer/bcpu/platform/base/std/lib/libstd_cool_profile.a(strncat.o)
                              (strncat)
/cygdrive/d/greenstoneprj/home/gallite/soft/build/8809p_fpga/int_rom_programmer/bcpu/platform/base/std/lib/libstd_cool_profile.a(strncmp.o)
                              (strncmp)
/cygdrive/d/greenstoneprj/home/gallite/soft/build/8809p_fpga/int_rom_programmer/bcpu/platform/base/std/lib/libstd_cool_profile.a(strncpy.o)
                              (strncpy)
/cygdrive/d/greenstoneprj/home/gallite/soft/build/8809p_fpga/int_rom_programmer/bcpu/platform/base/std/lib/libstd_cool_profile.a(strnicmp.o)
                              (strnicmp)
/cygdrive/d/greenstoneprj/home/gallite/soft/build/8809p_fpga/int_rom_programmer/bcpu/platform/base/std/lib/libstd_cool_profile.a(strsep.o)
                              (strsep)
/cygdrive/d/greenstoneprj/home/gallite/soft/build/8809p_fpga/int_rom_programmer/bcpu/platform/base/std/lib/libstd_cool_profile.a(strspn.o)
                              (strspn)
/cygdrive/d/greenstoneprj/home/gallite/soft/build/8809p_fpga/int_rom_programmer/bcpu/platform/base/std/lib/libstd_cool_profile.a(strstr.o)
                              (strstr)
/cygdrive/d/greenstoneprj/home/gallite/soft/build/8809p_fpga/int_rom_programmer/bcpu/platform/base/std/lib/libstd_cool_profile.a(strtok.o)
                              (strtok_r)
/cygdrive/d/greenstoneprj/home/gallite/soft/build/8809p_fpga/int_rom_programmer/bcpu/platform/base/std/lib/libstd_cool_profile.a(strtol.o)
                              (strtol)
/cygdrive/d/greenstoneprj/home/gallite/soft/build/8809p_fpga/int_rom_programmer/bcpu/platform/base/std/lib/libstd_cool_profile.a(strtoul.o)
                              (strtoul)
/cygdrive/d/greenstoneprj/home/gallite/soft/build/8809p_fpga/int_rom_programmer/bcpu/platform/base/std/lib/libstd_cool_profile.a(vsprintf.o)
                              (vsnprintf)
[...]
Memory Configuration

Name             Origin             Length             Attributes
*default*        0x0000000000000000 0xffffffffffffffff

Linker script and memory map

                0xffffffff81e80000                . = 0xffffffff81e80000
                0xffffffff81e80000                _bcpu_rom_start = .
                0xffffffffa1e80000                . = (. + 0x20000000)

.bcpu_rom_text  0xffffffffa1e80000    0x10f90 load address 0xffffffff81e80000
                0xffffffffa1e80000                __bcpu_rom_main = .
 *bcpu_rom.o(.text .text.*)
 .text          0xffffffffa1e80000       0x54 /cygdrive/d/greenstoneprj/home/gallite/soft/build/8809p_fpga/int_rom_programmer/bcpu/platform/chip/bcpu/lib/libbcpu_cool_profile.a(bcpu_rom.o)
                0xffffffffa1e80000                __bcpu_start
                0xffffffffa1e80024                __bcpu_init
 *bcpu_romstring.o(.text .text.*)
 .text          0xffffffffa1e80054        0x0 /cygdrive/d/greenstoneprj/home/gallite/soft/build/8809p_fpga/int_rom_programmer/bcpu/platform/chip/bcpu/lib/libbcpu_cool_profile.a(bcpu_romstring.o)
 *bcpu_rom_version.o(.text .text.*)
 .text          0xffffffffa1e80054        0x0 /cygdrive/d/greenstoneprj/home/gallite/soft/build/8809p_fpga/int_rom_programmer/bcpu/platform/chip/bcpu/lib/libbcpu_cool_profile.a(bcpu_rom_version.o)
 *spal_cache.o(.text .text.*)
 *fill*         0xffffffffa1e80054        0xc 00
 .text          0xffffffffa1e80060       0x60 /cygdrive/d/greenstoneprj/home/gallite/soft/build/8809p_fpga/int_rom_programmer/bcpu/platform/chip/bcpu/lib/libbcpu_cool_profile.a(spal_cache.o)
                0xffffffffa1e80060                spal_InvalidateDcache
                0xffffffffa1e80090                spal_InvalidateCache
 *spp_cipher.o(.text .text.*)
 .text          0xffffffffa1e800c0       0x50 /cygdrive/d/greenstoneprj/home/gallite/soft/build/8809p_fpga/int_rom_programmer/bcpu/platform/chip/bcpu/lib/libbcpu_cool_profile.a(spp_cipher.o)
                0xffffffffa1e800c1                spp_CipherDecipherNb
                0xffffffffa1e800d1                spp_CipherCipherNb
                0xffffffffa1e800e1                spp_CipherStart
                0xffffffffa1e80101                spp_CipherCountInit
                0xffffffffa1e80180                . = 0x180
 *fill*         0xffffffffa1e80110       0x70 00
 *spal_irq_handler.o(.text .text.*)
 .text          0xffffffffa1e80180      0x2ec /cygdrive/d/greenstoneprj/home/gallite/soft/build/8809p_fpga/int_rom_programmer/bcpu/platform/chip/bcpu/lib/libbcpu_cool_profile.a(spal_irq_handler.o)
                0xffffffffa1e80180                __bb_int_handler
                0xffffffffa1e80438                spal_BbGetSp
                0xffffffffa1e80440                spal_IrqInit
 *spp_*.o(.text .text.*)
 *fill*         0xffffffffa1e8046c        0x4 00
 .text          0xffffffffa1e80470       0x20 /cygdrive/d/greenstoneprj/home/gallite/soft/build/8809p_fpga/int_rom_programmer/bcpu/platform/chip/bcpu/lib/libbcpu_cool_profile.a(spp_cfg.o)
                0xffffffffa1e80471                spp_Open
 .text          0xffffffffa1e80490      0x348 /cygdrive/d/greenstoneprj/home/gallite/soft/build/8809p_fpga/int_rom_programmer/bcpu/platform/chip/bcpu/lib/libbcpu_cool_profile.a(spp_fcch_detect_asm.o)
                0xffffffffa1e80490                spp_FcchDetectAsm
 *fill*         0xffffffffa1e807d8        0x8 00
 .text          0xffffffffa1e807e0      0x690 /cygdrive/d/greenstoneprj/home/gallite/soft/build/8809p_fpga/int_rom_programmer/bcpu/platform/chip/bcpu/lib/libbcpu_cool_profile.a(spp_gsm_amr_rx.o)
                0xffffffffa1e807e1                spp_GetAmrIc
                0xffffffffa1e80911                spp_GetAmrMetric
                0xffffffffa1e80a01                spp_SearchAmrMarker
 .text          0xffffffffa1e80e70     0x18d0 /cygdrive/d/greenstoneprj/home/gallite/soft/build/8809p_fpga/int_rom_programmer/bcpu/platform/chip/bcpu/lib/libbcpu_cool_profile.a(spp_gsm_decoder.o)
                0xffffffffa1e80e71                spp_ReorderFR_EFR
                0xffffffffa1e812a1                spp_DecodeBlock
 .text          0xffffffffa1e82740      0xf50 /cygdrive/d/greenstoneprj/home/gallite/soft/build/8809p_fpga/int_rom_programmer/bcpu/platform/chip/bcpu/lib/libbcpu_cool_profile.a(spp_gsm_equalizer.o)
                0xffffffffa1e82741                spp_EqSoftShift
                0xffffffffa1e82831                spp_TofSearch
                0xffffffffa1e82951                spp_FofEstimation
                0xffffffffa1e82bc1                spp_Equalize
                0xffffffffa1e83101                spp_ChannelEstimation
                0xffffffffa1e83331                spp_EqualizeDecodeSch
                0xffffffffa1e834e1                spp_EqualizeNBurst
 .text          0xffffffffa1e83690      0xfd0 /cygdrive/d/greenstoneprj/home/gallite/soft/build/8809p_fpga/int_rom_programmer/bcpu/platform/chip/bcpu/lib/libbcpu_cool_profile.a(spp_gsm_rx.o)
                0xffffffffa1e83691                spp_GetUSF
                0xffffffffa1e837b1                spp_DecodeStealingBits
                0xffffffffa1e83901                spp_GetChannelType
                0xffffffffa1e83b01                spp_GetMonPower
                0xffffffffa1e83b51                spp_DeinterleaveBlock
                0xffffffffa1e83ba1                spp_SearchFcchFilter
                0xffffffffa1e840a1                spp_SearchFcch
 .text          0xffffffffa1e84660        0x0 /cygdrive/d/greenstoneprj/home/gallite/soft/build/8809p_fpga/int_rom_programmer/bcpu/platform/chip/bcpu/lib/libbcpu_cool_profile.a(spp_gsm_tables.o)
 .text          0xffffffffa1e84660     0x1d40 /cygdrive/d/greenstoneprj/home/gallite/soft/build/8809p_fpga/int_rom_programmer/bcpu/platform/chip/bcpu/lib/libbcpu_cool_profile.a(spp_gsm_tx.o)
                0xffffffffa1e84661                spp_Modulation
                0xffffffffa1e849b1                spp_BuildNBurst
                0xffffffffa1e84a71                spp_EncodeABurst
                0xffffffffa1e84bc1                spp_EncodeBlock
 .text          0xffffffffa1e863a0      0x230 /cygdrive/d/greenstoneprj/home/gallite/soft/build/8809p_fpga/int_rom_programmer/bcpu/platform/chip/bcpu/lib/libbcpu_cool_profile.a(spp_math.o)
                0xffffffffa1e863a1                spp_10log10
                0xffffffffa1e86461                spp_Log2
                0xffffffffa1e86521                spp_DivL
 .text          0xffffffffa1e865d0       0x80 /cygdrive/d/greenstoneprj/home/gallite/soft/build/8809p_fpga/int_rom_programmer/bcpu/platform/chip/bcpu/lib/libbcpu_cool_profile.a(spp_misc.o)
                0xffffffffa1e865d1                spp_FullBurstReady
                0xffffffffa1e865e1                spp_ResetFullBurstReady
                0xffffffffa1e865f1                spp_OneFullBurstReady
                0xffffffffa1e86621                spp_OneFullBurstDone
 .text          0xffffffffa1e86650      0x190 /cygdrive/d/greenstoneprj/home/gallite/soft/build/8809p_fpga/int_rom_programmer/bcpu/platform/chip/bcpu/lib/libbcpu_cool_profile.a(spp_pch_detect.o)
                0xffffffffa1e86651                spp_DetectDummyPCH
 .text          0xffffffffa1e867e0        0x0 /cygdrive/d/greenstoneprj/home/gallite/soft/build/8809p_fpga/int_rom_programmer/bcpu/platform/chip/bcpu/lib/libbcpu_cool_profile.a(spp_version.o)
 .text          0xffffffffa1e867e0       0x4c /cygdrive/d/greenstoneprj/home/gallite/soft/build/8809p_fpga/int_rom_programmer/bcpu/platform/chip/bcpu/lib/libbcpu_cool_profile.a(spp_DummyPCH_DisAsm.o)
                0xffffffffa1e867e0                spp_DummyPCH_DisAsm
 .text          0xffffffffa1e8682c      0x220 /cygdrive/d/greenstoneprj/home/gallite/soft/build/8809p_fpga/int_rom_programmer/bcpu/platform/chip/bcpu/lib/libbcpu_cool_profile.a(spp_fcch_detect_filter_asm.o)
                0xffffffffa1e8682c                spp_FcchDetectFilterAsm
 *spal_*.o(.text .text.*)
 *fill*         0xffffffffa1e86a4c        0x4 00
 .text          0xffffffffa1e86a50       0x30 /cygdrive/d/greenstoneprj/home/gallite/soft/build/8809p_fpga/int_rom_programmer/bcpu/platform/chip/bcpu/lib/libbcpu_cool_profile.a(spal_cfg.o)
                0xffffffffa1e86a51                spal_Open
 .text          0xffffffffa1e86a80      0x570 /cygdrive/d/greenstoneprj/home/gallite/soft/build/8809p_fpga/int_rom_programmer/bcpu/platform/chip/bcpu/lib/libbcpu_cool_profile.a(spal_debug.o)
                0xffffffffa1e86a81                spal_DbgPxtsProfileTask
                0xffffffffa1e86b51                spal_DbgPxtsDump
                0xffffffffa1e86b81                spal_DbgHstSendEvent
                0xffffffffa1e86be1                spal_DbgPxtsProfilePulse
                0xffffffffa1e86cb1                spal_DbgPxtsProfileFunctionEnter
                0xffffffffa1e86d81                spal_DbgPxtsProfileFunctionExit
                0xffffffffa1e86e51                spal_DbgPxtsProfileWindowEnter
                0xffffffffa1e86f21                spal_DbgPxtsProfileWindowExit
 .text          0xffffffffa1e86ff0      0xf00 /cygdrive/d/greenstoneprj/home/gallite/soft/build/8809p_fpga/int_rom_programmer/bcpu/platform/chip/bcpu/lib/libbcpu_cool_profile.a(spal_gdb_stub.o)
                0xffffffffa1e86ff1                spal_DbgGdbHstSendEvent
                0xffffffffa1e87031                spal_GdbOpen
                0xffffffffa1e87071                spal_GdbBreaks
                0xffffffffa1e870a1                spal_GdbBreakPrint
                0xffffffffa1e87151                spal_GdbPrepare
                0xffffffffa1e87171                spal_GdbSendcmd
                0xffffffffa1e871d1                spal_Gdb16Step
                0xffffffffa1e87561                spal_Gdb32Step
                0xffffffffa1e877c1                spal_Gdb16EndStep
                0xffffffffa1e877f1                spal_Gdb32EndStep
                0xffffffffa1e87811                spal_GdbLoop
                0xffffffffa1e87b21                spal_GdbException
                0xffffffffa1e87bc1                spal_GdbIrqDebug
                0xffffffffa1e87c51                spal_GdbBreakRaise
                0xffffffffa1e87d01                spal_GdbBreakSoftBreakPoint
                0xffffffffa1e87da1                spal_GdbBreakBreakPoint
                0xffffffffa1e87e31                spal_GdbBreakDivBy0
 .text          0xffffffffa1e87ef0      0x180 /cygdrive/d/greenstoneprj/home/gallite/soft/build/8809p_fpga/int_rom_programmer/bcpu/platform/chip/bcpu/lib/libbcpu_cool_profile.a(spal_irq.o)
                0xffffffffa1e87ef1                spal_IrqSetMask
                0xffffffffa1e87f11                spal_IrqHandler
 .text          0xffffffffa1e88070       0xa0 /cygdrive/d/greenstoneprj/home/gallite/soft/build/8809p_fpga/int_rom_programmer/bcpu/platform/chip/bcpu/lib/libbcpu_cool_profile.a(spal_itlv.o)
                0xffffffffa1e88071                spal_ItlvBusy
                0xffffffffa1e88081                spal_ItlvItlv
                0xffffffffa1e880c1                spal_ItlvDitlv
                0xffffffffa1e88101                spal_ItlvIntClear
 .text          0xffffffffa1e88110        0x0 /cygdrive/d/greenstoneprj/home/gallite/soft/build/8809p_fpga/int_rom_programmer/bcpu/platform/chip/bcpu/lib/libbcpu_cool_profile.a(spal_version.o)
 .text          0xffffffffa1e88110      0x280 /cygdrive/d/greenstoneprj/home/gallite/soft/build/8809p_fpga/int_rom_programmer/bcpu/platform/chip/bcpu/lib/libbcpu_cool_profile.a(spal_vitac.o)
                0xffffffffa1e88111                spal_VitacBusy
                0xffffffffa1e88131                spal_VitacEqualize
                0xffffffffa1e88221                spal_VitacFullDecoding
 .text          0xffffffffa1e88390      0x9e0 /cygdrive/d/greenstoneprj/home/gallite/soft/build/8809p_fpga/int_rom_programmer/bcpu/platform/chip/bcpu/lib/libbcpu_cool_profile.a(spal_xcor.o)
                0xffffffffa1e88391                spal_XcorResetFchFilterParam
                0xffffffffa1e883b1                spal_XcorTscxcNb
                0xffffffffa1e883e1                spal_XcorTscxcSch
                0xffffffffa1e88411                spal_XcorBiterror
                0xffffffffa1e88441                spal_XcorChest
                0xffffffffa1e884c1                spal_XcorSrec
                0xffffffffa1e88511                spal_XcorBmsum
                0xffffffffa1e88621                spal_XcorErrCalc
                0xffffffffa1e88651                spal_XcorIcorCalc
                0xffffffffa1e88681                spal_XcorHvextract
                0xffffffffa1e886b1                spal_XcorDcoc
                0xffffffffa1e88861                spal_XcorDcocHburst
                0xffffffffa1e888d1                spal_XcorFchxc_Delay
                0xffffffffa1e88a61                spal_XcorFchxc_AutoCorr
                0xffffffffa1e88ab1                spal_XcorFchxc
                0xffffffffa1e88c01                spal_XcorFchFilter
 .text          0xffffffffa1e88d70      0x1a0 /cygdrive/d/greenstoneprj/home/gallite/soft/build/8809p_fpga/int_rom_programmer/bcpu/platform/chip/bcpu/lib/libbcpu_cool_profile.a(spal_XcorFchFilterAsm.o)
                0xffffffffa1e88d70                spal_XcorFchFilterAsm
 .text          0xffffffffa1e88f10      0x400 /cygdrive/d/greenstoneprj/home/gallite/soft/build/8809p_fpga/int_rom_programmer/bcpu/platform/chip/bcpu/lib/libbcpu_cool_profile.a(spal_cap_cp2.o)
                0xffffffffa1e88f10                spal_CapDecodeCrc
                0xffffffffa1e88fd0                spal_CapEncodeCrc
                0xffffffffa1e89090                spal_CapConvoluate
                0xffffffffa1e89180                spal_CapConvSrc
                0xffffffffa1e89240                spal_CapFireCorrection
 .text          0xffffffffa1e89310       0xf0 /cygdrive/d/greenstoneprj/home/gallite/soft/build/8809p_fpga/int_rom_programmer/bcpu/platform/chip/bcpu/lib/libbcpu_cool_profile.a(spal_cipher.o)
                0xffffffffa1e89311                spal_CipherCountInit
                0xffffffffa1e89331                spal_CipherStart
                0xffffffffa1e89381                spal_CipherCipherNb
                0xffffffffa1e893d1                spal_CipherDecipherNb
 .text          0xffffffffa1e89400       0x30 /cygdrive/d/greenstoneprj/home/gallite/soft/build/8809p_fpga/int_rom_programmer/bcpu/platform/chip/bcpu/lib/libbcpu_cool_profile.a(spal_cordic.o)
                0xffffffffa1e89401                spal_CordicAngle
 .text          0xffffffffa1e89430       0x10 /cygdrive/d/greenstoneprj/home/gallite/soft/build/8809p_fpga/int_rom_programmer/bcpu/platform/chip/bcpu/lib/libbcpu_cool_profile.a(spal_gdb.o)
                0xffffffffa1e89430                spal_DbgGdbPrintf
 .text          0xffffffffa1e89440       0x60 /cygdrive/d/greenstoneprj/home/gallite/soft/build/8809p_fpga/int_rom_programmer/bcpu/platform/chip/bcpu/lib/libbcpu_cool_profile.a(spal_ifc.o)
                0xffffffffa1e89441                spal_IfcTxFifoReset
                0xffffffffa1e89451                spal_IfcTxFifoSetup
                0xffffffffa1e89471                spal_IfcDisableRf
                0xffffffffa1e89481                spal_IfcParamRf
 *spc_amr_tx.o(.text .text.*)
 .text          0xffffffffa1e894a0      0xa70 /cygdrive/d/greenstoneprj/home/gallite/soft/build/8809p_fpga/int_rom_programmer/bcpu/platform/chip/bcpu/lib/libbcpu_cool_profile.a(spc_amr_tx.o)
                0xffffffffa1e894a1                spc_AHSencoding
                0xffffffffa1e89891                spc_AFSencoding
                0xffffffffa1e89b61                spc_UpdateAmrCfg
                0xffffffffa1e89cc1                spc_RetrieveCodecMode
                0xffffffffa1e89d51                spc_AmrEncode
 *spc_amr_rx.o(.text .text.*)
 .text          0xffffffffa1e89f10     0x13c0 /cygdrive/d/greenstoneprj/home/gallite/soft/build/8809p_fpga/int_rom_programmer/bcpu/platform/chip/bcpu/lib/libbcpu_cool_profile.a(spc_amr_rx.o)
                0xffffffffa1e89f11                spc_AmrFrameFilter
                0xffffffffa1e89f41                spc_UpdateCMR
                0xffffffffa1e8a011                spc_AHSdecoding
                0xffffffffa1e8a641                spc_AFSdecoding
                0xffffffffa1e8aa61                spc_AmrRatscch
                0xffffffffa1e8aba1                spc_AmrDecode
 *spc_irq_handler.o(.text .text.*)
 .text          0xffffffffa1e8b2d0      0x5e0 /cygdrive/d/greenstoneprj/home/gallite/soft/build/8809p_fpga/int_rom_programmer/bcpu/platform/chip/bcpu/lib/libbcpu_cool_profile.a(spc_irq_handler.o)
                0xffffffffa1e8b2d1                bb_prog_rx_win
                0xffffffffa1e8b4f1                spc_IrqHandler
 *spc_mailbox.o(.text .text.*)
 .text          0xffffffffa1e8b8b0        0x0 /cygdrive/d/greenstoneprj/home/gallite/soft/build/8809p_fpga/int_rom_programmer/bcpu/platform/chip/bcpu/lib/libbcpu_cool_profile.a(spc_mailbox.o)
 *spc_rx.o(.text .text.*)
 .text          0xffffffffa1e8b8b0     0x1890 /cygdrive/d/greenstoneprj/home/gallite/soft/build/8809p_fpga/int_rom_programmer/bcpu/platform/chip/bcpu/lib/libbcpu_cool_profile.a(spc_rx.o)
                0xffffffffa1e8b8b1                spc_SppToMboxSpeechMode
                0xffffffffa1e8b911                spc_CheckLoopMode
                0xffffffffa1e8ba41                spc_BfiFilter
                0xffffffffa1e8bb41                spc_SetFacch
                0xffffffffa1e8bc61                spc_VocBfiFilter
                0xffffffffa1e8bde1                spc_UpdateSpeechDec
                0xffffffffa1e8bf51                spc_TCHRxProcess
                0xffffffffa1e8c6b1                spc_CCHRxProcess
                0xffffffffa1e8cbb1                spc_NBurstProcess
                0xffffffffa1e8cc11                spc_SchProcess
                0xffffffffa1e8ccf1                spc_MonitoringProcess
                0xffffffffa1e8cd51                spc_FcchProcess
                0xffffffffa1e8ceb1                spc_RxProcess
 *spc_scheduler.o(.text .text.*)
 .text          0xffffffffa1e8d140      0x4b0 /cygdrive/d/greenstoneprj/home/gallite/soft/build/8809p_fpga/int_rom_programmer/bcpu/platform/chip/bcpu/lib/libbcpu_cool_profile.a(spc_scheduler.o)
                0xffffffffa1e8d141                spc_GnrlReset
                0xffffffffa1e8d461                spc_SchedulerMain
 *spc_tables.o(.text .text.*)
 .text          0xffffffffa1e8d5f0        0x0 /cygdrive/d/greenstoneprj/home/gallite/soft/build/8809p_fpga/int_rom_programmer/bcpu/platform/chip/bcpu/lib/libbcpu_cool_profile.a(spc_tables.o)
 *spc_tx.o(.text .text.*)
 .text          0xffffffffa1e8d5f0     0x1190 /cygdrive/d/greenstoneprj/home/gallite/soft/build/8809p_fpga/int_rom_programmer/bcpu/platform/chip/bcpu/lib/libbcpu_cool_profile.a(spc_tx.o)
                0xffffffffa1e8d5f1                spc_MboxToSppSpeechMode
                0xffffffffa1e8d6e1                spc_EgprsCCHTxProcess
                0xffffffffa1e8d6f1                spc_UpdateSpeechEnc
                0xffffffffa1e8d8d1                spc_ResetCodec
                0xffffffffa1e8d9c1                spc_DataFacch
                0xffffffffa1e8dad1                spc_DataEncode
                0xffffffffa1e8dc41                spc_TCHTxProcess
                0xffffffffa1e8e0b1                spc_CCHTxProcess
                0xffffffffa1e8e2d1                spc_RACHTxProcess
                0xffffffffa1e8e3d1                spc_TxProcess
                0xffffffffa1e8e4a1                spc_UpdateOnFint
 *spc_version.o(.text .text.*)
 .text          0xffffffffa1e8e780        0x0 /cygdrive/d/greenstoneprj/home/gallite/soft/build/8809p_fpga/int_rom_programmer/bcpu/platform/chip/bcpu/lib/libbcpu_cool_profile.a(spc_version.o)
 *spc_rx_ext_8809.o(.text .text.*)
 .text          0xffffffffa1e8e780     0x2170 /cygdrive/d/greenstoneprj/home/gallite/soft/build/8809p_fpga/int_rom_programmer/bcpu/platform/chip/bcpu/lib/libbcpu_cool_profile.a(spc_rx_ext_8809.o)
                0xffffffffa1e8e781                spal_XcorChest_8taps_Ext_8809
                0xffffffffa1e8e811                spal_XcorComplexConvolution_Ext_8809
                0xffffffffa1e8ea41                spal_XcorComplexMatrixMultiply_Ext_8809
                0xffffffffa1e8eb81                spp_Max_Ext_8809
                0xffffffffa1e8ebd1                spp_8tapDetect_Ext_8809
                0xffffffffa1e8ecb1                spp_PrefltCheckValid_Ext_8809
                0xffffffffa1e8ed61                spp_Equalize_Prefilter_Ext_8809
                0xffffffffa1e8f351                spp_3tapRebuild_Prefilter_Ext_8809
                0xffffffffa1e8f551                spal_XcorSrec_8tap_Ext_8809
                0xffffffffa1e8f661                spp_BuildRefNBurst_Prefilter_Ext_8809
                0xffffffffa1e8f751                spp_LpChannelEstimation_Ext_8809
                0xffffffffa1e8fa31                spp_LsePrefilter_Ext_8809
                0xffffffffa1e8fc41                spp_GprsLsePrefilter_Ext_8809
                0xffffffffa1e8ff51                spp_FofEstimation_Prefilter_Ext_8809
                0xffffffffa1e90031                spp_EqualizeNBurst_Prefilter_Ext_8809
                0xffffffffa1e90361                spc_CCHRxProcess_Ext_8809
                0xffffffffa1e908a1                spc_InitRx_Ext_8809
 *(.bcpu_rom_text)
 *atoi.o(.text .text.*)
 .text          0xffffffffa1e908f0       0x40 /cygdrive/d/greenstoneprj/home/gallite/soft/build/8809p_fpga/int_rom_programmer/bcpu/platform/base/std/lib/libstd_cool_profile.a(atoi.o)
                0xffffffffa1e908f1                atoi
 *ctype.o(.text .text.*)
 .text          0xffffffffa1e90930        0x0 /cygdrive/d/greenstoneprj/home/gallite/soft/build/8809p_fpga/int_rom_programmer/bcpu/platform/base/std/lib/libstd_cool_profile.a(ctype.o)
 *memchr.o(.text .text.*)
 .text          0xffffffffa1e90930       0x40 /cygdrive/d/greenstoneprj/home/gallite/soft/build/8809p_fpga/int_rom_programmer/bcpu/platform/base/std/lib/libstd_cool_profile.a(memchr.o)
                0xffffffffa1e90931                memchr
 *memcmp.o(.text .text.*)
 .text          0xffffffffa1e90970       0x30 /cygdrive/d/greenstoneprj/home/gallite/soft/build/8809p_fpga/int_rom_programmer/bcpu/platform/base/std/lib/libstd_cool_profile.a(memcmp.o)
                0xffffffffa1e90971                memcmp
 *memcpy.o(.text .text.*)
 .text          0xffffffffa1e909a0      0x1d0 /cygdrive/d/greenstoneprj/home/gallite/soft/build/8809p_fpga/int_rom_programmer/bcpu/platform/base/std/lib/libstd_cool_profile.a(memcpy.o)
                0xffffffffa1e909a1                memcpy
 *memmove.o(.text .text.*)
 .text          0xffffffffa1e90b70      0x140 /cygdrive/d/greenstoneprj/home/gallite/soft/build/8809p_fpga/int_rom_programmer/bcpu/platform/base/std/lib/libstd_cool_profile.a(memmove.o)
                0xffffffffa1e90b71                memmove
 *memscan.o(.text .text.*)
 .text          0xffffffffa1e90cb0       0x20 /cygdrive/d/greenstoneprj/home/gallite/soft/build/8809p_fpga/int_rom_programmer/bcpu/platform/base/std/lib/libstd_cool_profile.a(memscan.o)
                0xffffffffa1e90cb1                memscan
 *memset.o(.text .text.*)
 .text          0xffffffffa1e90cd0       0x90 /cygdrive/d/greenstoneprj/home/gallite/soft/build/8809p_fpga/int_rom_programmer/bcpu/platform/base/std/lib/libstd_cool_profile.a(memset.o)
                0xffffffffa1e90cd1                memset
 *strcat.o(.text .text.*)
 .text          0xffffffffa1e90d60       0x20 /cygdrive/d/greenstoneprj/home/gallite/soft/build/8809p_fpga/int_rom_programmer/bcpu/platform/base/std/lib/libstd_cool_profile.a(strcat.o)
                0xffffffffa1e90d61                strcat
 *strchr.o(.text .text.*)
 .text          0xffffffffa1e90d80       0x50 /cygdrive/d/greenstoneprj/home/gallite/soft/build/8809p_fpga/int_rom_programmer/bcpu/platform/base/std/lib/libstd_cool_profile.a(strchr.o)
                0xffffffffa1e90d81                strchr
                0xffffffffa1e90db1                strrchr
 *strcmp.o(.text .text.*)
 .text          0xffffffffa1e90dd0       0x40 /cygdrive/d/greenstoneprj/home/gallite/soft/build/8809p_fpga/int_rom_programmer/bcpu/platform/base/std/lib/libstd_cool_profile.a(strcmp.o)
                0xffffffffa1e90dd1                strcmp
 *strcpy.o(.text .text.*)
 .text          0xffffffffa1e90e10       0x20 /cygdrive/d/greenstoneprj/home/gallite/soft/build/8809p_fpga/int_rom_programmer/bcpu/platform/base/std/lib/libstd_cool_profile.a(strcpy.o)
                0xffffffffa1e90e11                strcpy
 *strlen.o(.text .text.*)
 .text          0xffffffffa1e90e30       0x40 /cygdrive/d/greenstoneprj/home/gallite/soft/build/8809p_fpga/int_rom_programmer/bcpu/platform/base/std/lib/libstd_cool_profile.a(strlen.o)
                0xffffffffa1e90e31                strlen
                0xffffffffa1e90e51                strnlen
 *strncmp.o(.text .text.*)
 .text          0xffffffffa1e90e70       0x40 /cygdrive/d/greenstoneprj/home/gallite/soft/build/8809p_fpga/int_rom_programmer/bcpu/platform/base/std/lib/libstd_cool_profile.a(strncmp.o)
                0xffffffffa1e90e71                strncmp
 *strncpy.o(.text .text.*)
 .text          0xffffffffa1e90eb0       0x40 /cygdrive/d/greenstoneprj/home/gallite/soft/build/8809p_fpga/int_rom_programmer/bcpu/platform/base/std/lib/libstd_cool_profile.a(strncpy.o)
                0xffffffffa1e90eb1                strncpy
 *strsep.o(.text .text.*)
 .text          0xffffffffa1e90ef0       0x40 /cygdrive/d/greenstoneprj/home/gallite/soft/build/8809p_fpga/int_rom_programmer/bcpu/platform/base/std/lib/libstd_cool_profile.a(strsep.o)
                0xffffffffa1e90ef1                strsep
 *strstr.o(.text .text.*)
 .text          0xffffffffa1e90f30       0x60 /cygdrive/d/greenstoneprj/home/gallite/soft/build/8809p_fpga/int_rom_programmer/bcpu/platform/base/std/lib/libstd_cool_profile.a(strstr.o)
                0xffffffffa1e90f31                strstr
                0xffffffffa1e90f90                . = ALIGN (0x10)
                0xffffffff81e90f90                . = (. - 0x20000000)

.bcpu_rom_rodata
                0xffffffff81e90f90     0x30c0
 *bcpu_rom.o(.rdata .rodata .rodata.str1.4 .rodata.*)
 *bcpu_romstring.o(.rdata .rodata .rodata.str1.4 .rodata.*)
 .rodata        0xffffffff81e90f90       0x44 /cygdrive/d/greenstoneprj/home/gallite/soft/build/8809p_fpga/int_rom_programmer/bcpu/platform/chip/bcpu/lib/libbcpu_cool_profile.a(bcpu_romstring.o)
                0xffffffff81e90f90                bcpu_romCsString
                0xffffffff81e90fc4                bcpu_romDT
 *bcpu_rom_version.o(.rdata .rodata .rodata.str1.4 .rodata.*)
 *spal_cache.o(.rdata .rodata .rodata.str1.4 .rodata.*)
 *spp_cipher.o(.rdata .rodata .rodata.str1.4 .rodata.*)
 *spal_irq_handler.o(.rdata .rodata .rodata.str1.4 .rodata.*)
 *spp_*.o(.rdata .rodata .rodata.str1.4 .rodata.*)
 .rodata        0xffffffff81e90fd4       0x18 /cygdrive/d/greenstoneprj/home/gallite/soft/build/8809p_fpga/int_rom_programmer/bcpu/platform/chip/bcpu/lib/libbcpu_cool_profile.a(spp_gsm_equalizer.o)
 .rodata        0xffffffff81e90fec       0x18 /cygdrive/d/greenstoneprj/home/gallite/soft/build/8809p_fpga/int_rom_programmer/bcpu/platform/chip/bcpu/lib/libbcpu_cool_profile.a(spp_gsm_rx.o)
 .rodata        0xffffffff81e91004     0x1f48 /cygdrive/d/greenstoneprj/home/gallite/soft/build/8809p_fpga/int_rom_programmer/bcpu/platform/chip/bcpu/lib/libbcpu_cool_profile.a(spp_gsm_tables.o)
                0xffffffff81e91004                g_sppCsCrcParam
                0xffffffff81e91174                g_sppCsConvParam
                0xffffffff81e912e4                g_sppCsSrcParam
                0xffffffff81e91374                g_sppVitacDecParam
                0xffffffff81e9142c                g_sppVitacPolyres
                0xffffffff81e9144c                g_sppInputLengthBitAfs
                0xffffffff81e91454                g_sppAfsReorderTables
                0xffffffff81e91474                g_sppInputLengthBitAhs
                0xffffffff81e9147c                g_sppAhsReorderTables
                0xffffffff81e91494                g_sppMatrixHr
                0xffffffff81e91574                g_sppMatrixFrInv
                0xffffffff81e9177c                g_sppMatrixEfr1
                0xffffffff81e917c0                g_sppMatrixEfr1Inv
                0xffffffff81e91804                g_sppMatrixEfr2Inv
                0xffffffff81e919fc                g_sppNbFwequStartSt
                0xffffffff81e91a04                g_sppNbBwequStartSt
                0xffffffff81e91a0c                g_sppGsmTscSch
                0xffffffff81e91a14                g_sppGsmTscAburst
                0xffffffff81e91a1c                g_sppGsmTscNburst
                0xffffffff81e91a3c                g_sppUsfCs2Cs3
                0xffffffff81e91a44                g_spp_UsfCs4
                0xffffffff81e91a54                g_sppIcSidRatscch
                0xffffffff81e91a5c                g_sppIcAfsSpeech
                0xffffffff81e91a64                g_sppIcAhsSpeech
                0xffffffff81e91a6c                g_sppImAfsSid
                0xffffffff81e91a88                g_sppImAhsSid
                0xffffffff81e91aa8                g_sppImRatscch
                0xffffffff81e91ac8                g_sppAfsSidMarker
                0xffffffff81e91ae4                g_sppAhsSidMarker
                0xffffffff81e91b00                g_sppRatscchMarker
                0xffffffff81e91b1c                g_sppConvOutLengthBitAhs
                0xffffffff81e91b24                g_sppConvOutMaskAhs
                0xffffffff81e91b3c                g_sppChestTab
                0xffffffff81e922f8                g_sppCsPuncturingTable
 .rodata        0xffffffff81e92f4c      0x300 /cygdrive/d/greenstoneprj/home/gallite/soft/build/8809p_fpga/int_rom_programmer/bcpu/platform/chip/bcpu/lib/libbcpu_cool_profile.a(spp_pch_detect.o)
                0xffffffff81e92f4c                g_sppPCH_vector_a
                0xffffffff81e930a4                g_sppPCH_vector_b1
                0xffffffff81e930f8                g_sppPCH_vector_b2
                0xffffffff81e9314c                g_sppPCH_vector_b3
                0xffffffff81e931a0                g_sppPCH_vector_b4
                0xffffffff81e931f4                g_sppPCH_b_pos
                0xffffffff81e93248                g_sppPCH_size_vector_b
 .rodata.str1.4
                0xffffffff81e9324c       0x38 /cygdrive/d/greenstoneprj/home/gallite/soft/build/8809p_fpga/int_rom_programmer/bcpu/platform/chip/bcpu/lib/libbcpu_cool_profile.a(spp_version.o)
 .rodata        0xffffffff81e93284       0x10 /cygdrive/d/greenstoneprj/home/gallite/soft/build/8809p_fpga/int_rom_programmer/bcpu/platform/chip/bcpu/lib/libbcpu_cool_profile.a(spp_version.o)
                0xffffffff81e93284                g_sppMapVersion
 *spal_*.o(.rdata .rodata .rodata.str1.4 .rodata.*)
 .rodata        0xffffffff81e93294       0x44 /cygdrive/d/greenstoneprj/home/gallite/soft/build/8809p_fpga/int_rom_programmer/bcpu/platform/chip/bcpu/lib/libbcpu_cool_profile.a(spal_gdb_stub.o)
 .rodata        0xffffffff81e932d8       0x14 /cygdrive/d/greenstoneprj/home/gallite/soft/build/8809p_fpga/int_rom_programmer/bcpu/platform/chip/bcpu/lib/libbcpu_cool_profile.a(spal_version.o)
                0xffffffff81e932d8                g_spalMapAccess
                0xffffffff81e932dc                g_spalMapVersion
 .rodata.str1.4
                0xffffffff81e932ec       0x38 /cygdrive/d/greenstoneprj/home/gallite/soft/build/8809p_fpga/int_rom_programmer/bcpu/platform/chip/bcpu/lib/libbcpu_cool_profile.a(spal_version.o)
 .rodata        0xffffffff81e93324       0x40 /cygdrive/d/greenstoneprj/home/gallite/soft/build/8809p_fpga/int_rom_programmer/bcpu/platform/chip/bcpu/lib/libbcpu_cool_profile.a(spal_gdb.o)
                0xffffffff81e93324                spal_GdbGBreak
 *spc_amr_tx.o(.rdata .rodata .rodata.str1.4 .rodata.*)
 *spc_amr_rx.o(.rdata .rodata .rodata.str1.4 .rodata.*)
 *spc_irq_handler.o(.rdata .rodata .rodata.str1.4 .rodata.*)
 *spc_mailbox.o(.rdata .rodata .rodata.str1.4 .rodata.*)
 *spc_rx.o(.rdata .rodata .rodata.str1.4 .rodata.*)
 .rodata        0xffffffff81e93364       0x58 /cygdrive/d/greenstoneprj/home/gallite/soft/build/8809p_fpga/int_rom_programmer/bcpu/platform/chip/bcpu/lib/libbcpu_cool_profile.a(spc_rx.o)
 *spc_scheduler.o(.rdata .rodata .rodata.str1.4 .rodata.*)
 *spc_tables.o(.rdata .rodata .rodata.str1.4 .rodata.*)
 .rodata        0xffffffff81e933bc      0x1a0 /cygdrive/d/greenstoneprj/home/gallite/soft/build/8809p_fpga/int_rom_programmer/bcpu/platform/chip/bcpu/lib/libbcpu_cool_profile.a(spc_tables.o)
                0xffffffff81e933bc                AFSfilterCI
                0xffffffff81e93488                AHSfilterCI
                0xffffffff81e934f0                MutedFrame_AMR
                0xffffffff81e934f8                MutedFrame_HR
                0xffffffff81e93508                MutedFrame_EFR
                0xffffffff81e93528                MutedFrame_FR
                0xffffffff81e9354c                spcSizeFromMCS
 *spc_tx.o(.rdata .rodata .rodata.str1.4 .rodata.*)
 *spc_version.o(.rdata .rodata .rodata.str1.4 .rodata.*)
 .rodata.str1.4
                0xffffffff81e9355c       0x3d /cygdrive/d/greenstoneprj/home/gallite/soft/build/8809p_fpga/int_rom_programmer/bcpu/platform/chip/bcpu/lib/libbcpu_cool_profile.a(spc_version.o)
                                         0x40 (size before relaxing)
 *fill*         0xffffffff81e93599        0x3 00
 .rodata        0xffffffff81e9359c       0x10 /cygdrive/d/greenstoneprj/home/gallite/soft/build/8809p_fpga/int_rom_programmer/bcpu/platform/chip/bcpu/lib/libbcpu_cool_profile.a(spc_version.o)
                0xffffffff81e9359c                g_spcMapVersion
 *spc_rx_ext_8809.o(.rdata .rodata .rodata.str1.4 .rodata.*)
 .rodata        0xffffffff81e935ac      0x9a0 /cygdrive/d/greenstoneprj/home/gallite/soft/build/8809p_fpga/int_rom_programmer/bcpu/platform/chip/bcpu/lib/libbcpu_cool_profile.a(spc_rx_ext_8809.o)
                0xffffffff81e935ac                gc_EqShiftTableDefault_Ext_8809
                0xffffffff81e935b4                gc_sppChestTabEgprs_Ext_8809
 *(.bcpu_rom_rodata)
 *atoi.o(.rdata .rodata .rodata.str1.4 .rodata.*)
 *ctype.o(.rdata .rodata .rodata.str1.4 .rodata.*)
 .rodata        0xffffffff81e93f4c      0x100 /cygdrive/d/greenstoneprj/home/gallite/soft/build/8809p_fpga/int_rom_programmer/bcpu/platform/base/std/lib/libstd_cool_profile.a(ctype.o)
                0xffffffff81e93f4c                _ctype
 *memchr.o(.rdata .rodata .rodata.str1.4 .rodata.*)
 *memcmp.o(.rdata .rodata .rodata.str1.4 .rodata.*)
 *memcpy.o(.rdata .rodata .rodata.str1.4 .rodata.*)
 *memmove.o(.rdata .rodata .rodata.str1.4 .rodata.*)
 *memscan.o(.rdata .rodata .rodata.str1.4 .rodata.*)
 *memset.o(.rdata .rodata .rodata.str1.4 .rodata.*)
 *strcat.o(.rdata .rodata .rodata.str1.4 .rodata.*)
 *strchr.o(.rdata .rodata .rodata.str1.4 .rodata.*)
 *strcmp.o(.rdata .rodata .rodata.str1.4 .rodata.*)
 *strcpy.o(.rdata .rodata .rodata.str1.4 .rodata.*)
 *strlen.o(.rdata .rodata .rodata.str1.4 .rodata.*)
 *strncmp.o(.rdata .rodata .rodata.str1.4 .rodata.*)
 *strncpy.o(.rdata .rodata .rodata.str1.4 .rodata.*)
 *strsep.o(.rdata .rodata .rodata.str1.4 .rodata.*)
 *strstr.o(.rdata .rodata .rodata.str1.4 .rodata.*)
                0xffffffff81e94050                . = ALIGN (0x10)
 *fill*         0xffffffff81e9404c        0x4 00
                0xffffffff81e94050                __bcpu_rom_end = .
                0xffffffff81980000                . = 0xffffffff81980000
                0xffffffff81980000                _bb_sram_romed_start = .

.bbsram         0xffffffff81980000     0x1400
                0xffffffff81980000                _bb_sram_romed_cached_start = .
 *(BB_ITLV_SECTION)
 BB_ITLV_SECTION
                0xffffffff81980000      0xf20 /cygdrive/d/greenstoneprj/home/gallite/soft/build/8809p_fpga/int_rom_programmer/bcpu/platform/chip/bcpu/lib/libbcpu_cool_profile.a(spc_scheduler.o)
                0xffffffff81980000                g_spcItlvBufTab
                0xffffffff81980f20                . = ALIGN (0x4)
                0xffffffff81980f20                _bb_sram_romed_itlv_buf_end = .
 *(BB_SPC_CTX_SECTION)
 BB_SPC_CTX_SECTION
                0xffffffff81980f20      0x4d8 /cygdrive/d/greenstoneprj/home/gallite/soft/build/8809p_fpga/int_rom_programmer/bcpu/platform/chip/bcpu/lib/libbcpu_cool_profile.a(spc_scheduler.o)
                0xffffffff81980f20                g_spcCtxStruct
                0xffffffff81981400                . = ALIGN (0x10)
 *fill*         0xffffffff819813f8        0x8 00
                0xffffffff81981400                _bb_sram_romed_cached_end = .
                0x0000000000001400                _bb_sram_romed_cached_size = (_bb_sram_romed_cached_end - _bb_sram_romed_cached_start)
                0xffffffffa1981400                . = (. + 0x20000000)

.bbsramu        0xffffffffa1981400      0xd40
                0xffffffffa1981400                _bb_sram_romed_uncached_start = .
                0xffffffffa1981400                . = ALIGN (0x10)
                0xffffffffa1981400                _mbbsramu = .
 *(BB_STATIC_SECTION)
 BB_STATIC_SECTION
                0xffffffffa1981400      0xd40 /cygdrive/d/greenstoneprj/home/gallite/soft/build/8809p_fpga/int_rom_programmer/bcpu/platform/chip/bcpu/lib/libbcpu_cool_profile.a(spc_scheduler.o)
                0xffffffffa1981400                g_spcStaticBufTab
                0xffffffffa1982140                . = ALIGN (0x10)
                0xffffffffa1982140                _bb_sram_romed_uncached_end = .
                0x0000000000000d40                _bb_sram_romed_uncached_size = (_bb_sram_romed_uncached_end - _bb_sram_romed_uncached_start)
                0x0000000000002140                _bb_sram_romed_size = (_bb_sram_romed_cached_size + _bb_sram_romed_uncached_size)
                0xffffffff81982140                _bb_sram_romed_end = (_bb_sram_romed_start + _bb_sram_romed_size)

.bbsram_globals
                0xffffffff81983240      0x1a1
                0xffffffff81983240                _bb_sram_romed_globals_start = .
 *(BB_SRAM_GLOBALS)
 BB_SRAM_GLOBALS
                0xffffffff81983240       0x14 /cygdrive/d/greenstoneprj/home/gallite/soft/build/8809p_fpga/int_rom_programmer/bcpu/platform/chip/bcpu/lib/libbcpu_cool_profile.a(bcpu_ram.o)
                0xffffffff81983240                bcpu_error_code
                0xffffffff81983244                bcpu_error_status
                0xffffffff81983248                bcpu_sp_context
                0xffffffff8198324c                bcpu_stack_base
                0xffffffff81983250                bcpu_main_entry
 *(.bbsram_globals)
 .bbsram_globals
                0xffffffff81983254        0x8 /cygdrive/d/greenstoneprj/home/gallite/soft/build/8809p_fpga/int_rom_programmer/bcpu/platform/chip/bcpu/lib/libbcpu_cool_profile.a(spal_gdb_stub.o)
                0xffffffff81983254                spal_GdbGData
 .bbsram_globals
                0xffffffff8198325c        0x4 /cygdrive/d/greenstoneprj/home/gallite/soft/build/8809p_fpga/int_rom_programmer/bcpu/platform/chip/bcpu/lib/libbcpu_cool_profile.a(spal_irq.o)
                0xffffffff8198325c                g_spalIrqRegistry
 .bbsram_globals
                0xffffffff81983260        0xc /cygdrive/d/greenstoneprj/home/gallite/soft/build/8809p_fpga/int_rom_programmer/bcpu/platform/chip/bcpu/lib/libbcpu_cool_profile.a(spal_version.o)
                0xffffffff81983260                g_spalProfileControl
 .bbsram_globals
                0xffffffff8198326c       0x20 /cygdrive/d/greenstoneprj/home/gallite/soft/build/8809p_fpga/int_rom_programmer/bcpu/platform/chip/bcpu/lib/libbcpu_cool_profile.a(spal_xcor.o)
 .bbsram_globals
                0xffffffff8198328c        0x8 /cygdrive/d/greenstoneprj/home/gallite/soft/build/8809p_fpga/int_rom_programmer/bcpu/platform/chip/bcpu/lib/libbcpu_cool_profile.a(spc_amr_tx.o)
                0xffffffff8198328c                g_spcAmrState
 .bbsram_globals
                0xffffffff81983294        0xc /cygdrive/d/greenstoneprj/home/gallite/soft/build/8809p_fpga/int_rom_programmer/bcpu/platform/chip/bcpu/lib/libbcpu_cool_profile.a(spc_rx_ext_8809.o)
                0xffffffff81983294                g_EqShiftTable_Ext_8809
                0xffffffff8198329c                g_fadingchannel_cnt
                0xffffffff8198329d                g_fadingchannel_8tap_num
                0xffffffff8198329e                g_fadingchannel_8tap_state
                0xffffffff8198329f                g_dgc_pwr_target_shift
 .bbsram_globals
                0xffffffff819832a0       0xec /cygdrive/d/greenstoneprj/home/gallite/soft/build/8809p_fpga/int_rom_programmer/bcpu/platform/chip/bcpu/lib/libbcpu_cool_profile.a(spc_tx.o)
                0xffffffff819832a0                g_spcSwTxFifo
 .bbsram_globals
                0xffffffff8198338c       0x28 /cygdrive/d/greenstoneprj/home/gallite/soft/build/8809p_fpga/int_rom_programmer/bcpu/platform/chip/bcpu/lib/libbcpu_cool_profile.a(spp_cfg.o)
                0xffffffff8198338c                g_sppGlobalParams
 .bbsram_globals
                0xffffffff819833b4       0x2c /cygdrive/d/greenstoneprj/home/gallite/soft/build/8809p_fpga/int_rom_programmer/bcpu/platform/chip/bcpu/lib/libbcpu_cool_profile.a(spp_gsm_rx.o)
 .bbsram_globals
                0xffffffff819833e0        0x1 /cygdrive/d/greenstoneprj/home/gallite/soft/build/8809p_fpga/int_rom_programmer/bcpu/platform/chip/bcpu/lib/libbcpu_cool_profile.a(spp_misc.o)
                0xffffffff819833e0                g_sppFullBurstReady
                0xffffffff819833e1                _bb_sram_romed_globals_end = .
                0x0000000000000001                ASSERT ((_bb_sram_romed_end <= _bb_sram_romed_globals_start), BBSRAM Overflozed !!)
                0x0000000000000001                ASSERT ((SIZEOF (.bbsram_globals) <= 0x1c0), BBSRAM  Globals Overflozed !!)

.mailbox        0xffffffffa1b00580      0x280
                0xffffffffa1b00580                _dualport_sram_romed_mbx_start = .
 *spc_mailbox.o(.mailbox)
 .mailbox       0xffffffffa1b00580      0x27c /cygdrive/d/greenstoneprj/home/gallite/soft/build/8809p_fpga/int_rom_programmer/bcpu/platform/chip/bcpu/lib/libbcpu_cool_profile.a(spc_mailbox.o)
                0xffffffffa1b00580                g_mailbox
                0xffffffffa1b00800                . = ALIGN (0x10)
 *fill*         0xffffffffa1b007fc        0x4 00
                0x0000000000000001                ASSERT ((SIZEOF (.mailbox) <= 0x280), Mailbox Overlfowed !!)

.bcpu_rom_version_number
                0xffffffff81e97ff8        0x4
                0xffffffff81e97ff8                _bcpu_rom_version_number = .
 *(.bcpu_rom_version_number)
 .bcpu_rom_version_number
                0xffffffff81e97ff8        0x4 /cygdrive/d/greenstoneprj/home/gallite/soft/build/8809p_fpga/int_rom_programmer/bcpu/platform/chip/bcpu/lib/libbcpu_cool_profile.a(bcpu_rom_version.o)
                0xffffffff81e97ff8                g_bcpuRomVersionNumber

.bcpu_rom.crc   0xffffffff81e97ffc        0x4
                0xffffffff81e97ffc                __bcpu_rom_crc = .
                0xffffffff81e97ffc        0x4 LONG 0xc001c001

/DISCARD/
 *(*)
START GROUP
LOAD /cygdrive/d/greenstoneprj/home/gallite/soft/build/8809p_fpga/int_rom_programmer/bcpu/platform/base/std/lib/libstd_cool_profile.a
LOAD /cygdrive/d/greenstoneprj/home/gallite/soft/build/8809p_fpga/int_rom_programmer/bcpu/platform/chip/bcpu/lib/libbcpu_cool_profile.a
END GROUP
LOAD /crosscompiler/bin/../lib/gcc/mips-elf/4.4.2/libgcc.a
OUTPUT(/cygdrive/d/greenstoneprj/home/gallite/soft/build/8809p_fpga/int_rom_programmer/bcpu/platform_test/rom/int_rom_programmer/bcpu_int_rom_programmer_fpga_8809p_fpga_cool_profile.elf elf32-littlemips)
