Archive member included because of file (symbol)

/cygdrive/d/projects/home/fp_trunk_rom/soft/build/8809m_fpga/int_rom_programmer/bcpu/platform/base/std/lib/libstd_cool_profile.a(atoi.o)
                              (atoi)
/cygdrive/d/projects/home/fp_trunk_rom/soft/build/8809m_fpga/int_rom_programmer/bcpu/platform/base/std/lib/libstd_cool_profile.a(bsearch.o)
                              (bsearch)
/cygdrive/d/projects/home/fp_trunk_rom/soft/build/8809m_fpga/int_rom_programmer/bcpu/platform/base/std/lib/libstd_cool_profile.a(ctype.o)
                              (_ctype)
/cygdrive/d/projects/home/fp_trunk_rom/soft/build/8809m_fpga/int_rom_programmer/bcpu/platform/base/std/lib/libstd_cool_profile.a(memchr.o)
                              (memchr)
/cygdrive/d/projects/home/fp_trunk_rom/soft/build/8809m_fpga/int_rom_programmer/bcpu/platform/base/std/lib/libstd_cool_profile.a(memcmp.o)
                              (memcmp)
/cygdrive/d/projects/home/fp_trunk_rom/soft/build/8809m_fpga/int_rom_programmer/bcpu/platform/base/std/lib/libstd_cool_profile.a(memcpy.o)
                              (memcpy)
/cygdrive/d/projects/home/fp_trunk_rom/soft/build/8809m_fpga/int_rom_programmer/bcpu/platform/base/std/lib/libstd_cool_profile.a(memmove.o)
                              (memmove)
/cygdrive/d/projects/home/fp_trunk_rom/soft/build/8809m_fpga/int_rom_programmer/bcpu/platform/base/std/lib/libstd_cool_profile.a(memscan.o)
                              (memscan)
/cygdrive/d/projects/home/fp_trunk_rom/soft/build/8809m_fpga/int_rom_programmer/bcpu/platform/base/std/lib/libstd_cool_profile.a(memset.o)
                              (memset)
/cygdrive/d/projects/home/fp_trunk_rom/soft/build/8809m_fpga/int_rom_programmer/bcpu/platform/base/std/lib/libstd_cool_profile.a(qsort.o)
                              (qsort)
/cygdrive/d/projects/home/fp_trunk_rom/soft/build/8809m_fpga/int_rom_programmer/bcpu/platform/base/std/lib/libstd_cool_profile.a(strcat.o)
                              (strcat)
/cygdrive/d/projects/home/fp_trunk_rom/soft/build/8809m_fpga/int_rom_programmer/bcpu/platform/base/std/lib/libstd_cool_profile.a(strchr.o)
                              (strchr)
/cygdrive/d/projects/home/fp_trunk_rom/soft/build/8809m_fpga/int_rom_programmer/bcpu/platform/base/std/lib/libstd_cool_profile.a(strcmp.o)
                              (strcmp)
/cygdrive/d/projects/home/fp_trunk_rom/soft/build/8809m_fpga/int_rom_programmer/bcpu/platform/base/std/lib/libstd_cool_profile.a(strcpy.o)
                              (strcpy)
/cygdrive/d/projects/home/fp_trunk_rom/soft/build/8809m_fpga/int_rom_programmer/bcpu/platform/base/std/lib/libstd_cool_profile.a(strcspn.o)
                              (strcspn)
/cygdrive/d/projects/home/fp_trunk_rom/soft/build/8809m_fpga/int_rom_programmer/bcpu/platform/base/std/lib/libstd_cool_profile.a(strlen.o)
                              (strlen)
/cygdrive/d/projects/home/fp_trunk_rom/soft/build/8809m_fpga/int_rom_programmer/bcpu/platform/base/std/lib/libstd_cool_profile.a(strncat.o)
                              (strncat)
/cygdrive/d/projects/home/fp_trunk_rom/soft/build/8809m_fpga/int_rom_programmer/bcpu/platform/base/std/lib/libstd_cool_profile.a(strncmp.o)
                              (strncmp)
/cygdrive/d/projects/home/fp_trunk_rom/soft/build/8809m_fpga/int_rom_programmer/bcpu/platform/base/std/lib/libstd_cool_profile.a(strncpy.o)
                              (strncpy)
/cygdrive/d/projects/home/fp_trunk_rom/soft/build/8809m_fpga/int_rom_programmer/bcpu/platform/base/std/lib/libstd_cool_profile.a(strnicmp.o)
                              (strnicmp)
/cygdrive/d/projects/home/fp_trunk_rom/soft/build/8809m_fpga/int_rom_programmer/bcpu/platform/base/std/lib/libstd_cool_profile.a(strsep.o)
                              (strsep)
/cygdrive/d/projects/home/fp_trunk_rom/soft/build/8809m_fpga/int_rom_programmer/bcpu/platform/base/std/lib/libstd_cool_profile.a(strspn.o)
                              (strspn)
/cygdrive/d/projects/home/fp_trunk_rom/soft/build/8809m_fpga/int_rom_programmer/bcpu/platform/base/std/lib/libstd_cool_profile.a(strstr.o)
                              (strstr)
/cygdrive/d/projects/home/fp_trunk_rom/soft/build/8809m_fpga/int_rom_programmer/bcpu/platform/base/std/lib/libstd_cool_profile.a(strtok.o)
                              (strtok_r)
/cygdrive/d/projects/home/fp_trunk_rom/soft/build/8809m_fpga/int_rom_programmer/bcpu/platform/base/std/lib/libstd_cool_profile.a(strtol.o)
                              (strtol)
/cygdrive/d/projects/home/fp_trunk_rom/soft/build/8809m_fpga/int_rom_programmer/bcpu/platform/base/std/lib/libstd_cool_profile.a(strtoul.o)
                              (strtoul)
/cygdrive/d/projects/home/fp_trunk_rom/soft/build/8809m_fpga/int_rom_programmer/bcpu/platform/base/std/lib/libstd_cool_profile.a(vsprintf.o)
                              (vsnprintf)
[...]
Memory Configuration

Name             Origin             Length             Attributes
*default*        0x0000000000000000 0xffffffffffffffff

Linker script and memory map

                0xffffffff81e80000                . = 0xffffffff81e80000
                0xffffffff81e80000                _bcpu_rom_start = .
                0xffffffffa1e80000                . = (. + 0x20000000)

.bcpu_rom_text  0xffffffffa1e80000    0x137b0 load address 0xffffffff81e80000
                0xffffffffa1e80000                __bcpu_rom_main = .
 *bcpu_rom.o(.text .text.*)
 .text          0xffffffffa1e80000       0x54 /cygdrive/d/projects/home/fp_trunk_rom/soft/build/8809m_fpga/int_rom_programmer/bcpu/platform/chip/bcpu/lib/libbcpu_cool_profile.a(bcpu_rom.o)
                0xffffffffa1e80000                __bcpu_start
                0xffffffffa1e80024                __bcpu_init
 *bcpu_romstring.o(.text .text.*)
 .text          0xffffffffa1e80054        0x0 /cygdrive/d/projects/home/fp_trunk_rom/soft/build/8809m_fpga/int_rom_programmer/bcpu/platform/chip/bcpu/lib/libbcpu_cool_profile.a(bcpu_romstring.o)
 *bcpu_rom_version.o(.text .text.*)
 .text          0xffffffffa1e80054        0x0 /cygdrive/d/projects/home/fp_trunk_rom/soft/build/8809m_fpga/int_rom_programmer/bcpu/platform/chip/bcpu/lib/libbcpu_cool_profile.a(bcpu_rom_version.o)
 *spal_cache.o(.text .text.*)
 *fill*         0xffffffffa1e80054        0xc 00
 .text          0xffffffffa1e80060       0x60 /cygdrive/d/projects/home/fp_trunk_rom/soft/build/8809m_fpga/int_rom_programmer/bcpu/platform/chip/bcpu/lib/libbcpu_cool_profile.a(spal_cache.o)
                0xffffffffa1e80060                spal_InvalidateDcache
                0xffffffffa1e80090                spal_InvalidateCache
 *spal_cfg.o(.text .text.*)
 .text          0xffffffffa1e800c0       0x30 /cygdrive/d/projects/home/fp_trunk_rom/soft/build/8809m_fpga/int_rom_programmer/bcpu/platform/chip/bcpu/lib/libbcpu_cool_profile.a(spal_cfg.o)
                0xffffffffa1e800c1                spal_Open
 *spp_DummyPCH_DisAsm.o(.text .text.*)
 .text          0xffffffffa1e800f0       0x4c /cygdrive/d/projects/home/fp_trunk_rom/soft/build/8809m_fpga/int_rom_programmer/bcpu/platform/chip/bcpu/lib/libbcpu_cool_profile.a(spp_DummyPCH_DisAsm.o)
                0xffffffffa1e800f0                spp_DummyPCH_DisAsm
 *spp_cfg.o(.text .text.*)
 *fill*         0xffffffffa1e8013c        0x4 00
 .text          0xffffffffa1e80140       0x20 /cygdrive/d/projects/home/fp_trunk_rom/soft/build/8809m_fpga/int_rom_programmer/bcpu/platform/chip/bcpu/lib/libbcpu_cool_profile.a(spp_cfg.o)
                0xffffffffa1e80141                spp_Open
                0xffffffffa1e80180                . = 0x180
 *fill*         0xffffffffa1e80160       0x20 00
 *spal_irq_handler.o(.text .text.*)
 .text          0xffffffffa1e80180      0x2ec /cygdrive/d/projects/home/fp_trunk_rom/soft/build/8809m_fpga/int_rom_programmer/bcpu/platform/chip/bcpu/lib/libbcpu_cool_profile.a(spal_irq_handler.o)
                0xffffffffa1e80180                __bb_int_handler
                0xffffffffa1e80438                spal_BbGetSp
                0xffffffffa1e80440                spal_IrqInit
 *spp_*.o(.text .text.*)
 *fill*         0xffffffffa1e8046c        0x4 00
 .text          0xffffffffa1e80470      0x160 /cygdrive/d/projects/home/fp_trunk_rom/soft/build/8809m_fpga/int_rom_programmer/bcpu/platform/chip/bcpu/lib/libbcpu_cool_profile.a(spp_cipher.o)
                0xffffffffa1e80471                spp_CipherA53Open
                0xffffffffa1e80491                spp_CipherDecipherNb
                0xffffffffa1e804e1                spp_CipherCipherNb
                0xffffffffa1e80531                spp_CipherStart
                0xffffffffa1e80581                spp_CipherCountInit
 .text          0xffffffffa1e805d0      0x348 /cygdrive/d/projects/home/fp_trunk_rom/soft/build/8809m_fpga/int_rom_programmer/bcpu/platform/chip/bcpu/lib/libbcpu_cool_profile.a(spp_fcch_detect_asm.o)
                0xffffffffa1e805d0                spp_FcchDetectAsm
 *fill*         0xffffffffa1e80918        0x8 00
 .text          0xffffffffa1e80920      0x690 /cygdrive/d/projects/home/fp_trunk_rom/soft/build/8809m_fpga/int_rom_programmer/bcpu/platform/chip/bcpu/lib/libbcpu_cool_profile.a(spp_gsm_amr_rx.o)
                0xffffffffa1e80921                spp_GetAmrIc
                0xffffffffa1e80a51                spp_GetAmrMetric
                0xffffffffa1e80b41                spp_SearchAmrMarker
 .text          0xffffffffa1e80fb0     0x18d0 /cygdrive/d/projects/home/fp_trunk_rom/soft/build/8809m_fpga/int_rom_programmer/bcpu/platform/chip/bcpu/lib/libbcpu_cool_profile.a(spp_gsm_decoder.o)
                0xffffffffa1e80fb1                spp_ReorderFR_EFR
                0xffffffffa1e813e1                spp_DecodeBlock
 .text          0xffffffffa1e82880     0x40e0 /cygdrive/d/projects/home/fp_trunk_rom/soft/build/8809m_fpga/int_rom_programmer/bcpu/platform/chip/bcpu/lib/libbcpu_cool_profile.a(spp_gsm_equalizer.o)
                0xffffffffa1e82881                spp_QrDecomposition
                0xffffffffa1e82aa1                spp_ComputePrefilter
                0xffffffffa1e82cd1                spp_HardDecisionToSym
                0xffffffffa1e82df1                spp_8tapDetectGsm
                0xffffffffa1e82ef1                spp_InterfereDetect
                0xffffffffa1e82f11                spp_EqShiftParam
                0xffffffffa1e82f81                spp_EqSoftShift
                0xffffffffa1e83071                spp_TofSearch
                0xffffffffa1e83191                spp_DcocProcess
                0xffffffffa1e83271                spp_FofEstimation
                0xffffffffa1e834e1                spp_SaicProstep2
                0xffffffffa1e83bd1                spp_SaicPro
                0xffffffffa1e84b81                spp_DigitalAgc
                0xffffffffa1e84c71                spp_Equalize_saic
                0xffffffffa1e84e31                spp_Equalize
                0xffffffffa1e85441                spp_Chest
                0xffffffffa1e854f1                spp_ChannelEstimation
                0xffffffffa1e85811                spp_EqualizeDecodeSch
                0xffffffffa1e859c1                spp_EqualizeNBurstSaic
                0xffffffffa1e85dd1                spp_ChannelEstimation8taps
                0xffffffffa1e860d1                spp_TapsShorten
                0xffffffffa1e861f1                spp_GaussSeidel
                0xffffffffa1e86351                spp_ChannelTracking
                0xffffffffa1e864f1                spp_EqualizeNBurst
 .text          0xffffffffa1e86960      0xfd0 /cygdrive/d/projects/home/fp_trunk_rom/soft/build/8809m_fpga/int_rom_programmer/bcpu/platform/chip/bcpu/lib/libbcpu_cool_profile.a(spp_gsm_rx.o)
                0xffffffffa1e86961                spp_GetUSF
                0xffffffffa1e86a81                spp_DecodeStealingBits
                0xffffffffa1e86bd1                spp_GetChannelType
                0xffffffffa1e86dd1                spp_GetMonPower
                0xffffffffa1e86e21                spp_DeinterleaveBlock
                0xffffffffa1e86e71                spp_SearchFcchFilter
                0xffffffffa1e87371                spp_SearchFcch
 .text          0xffffffffa1e87930        0x0 /cygdrive/d/projects/home/fp_trunk_rom/soft/build/8809m_fpga/int_rom_programmer/bcpu/platform/chip/bcpu/lib/libbcpu_cool_profile.a(spp_gsm_tables.o)
 .text          0xffffffffa1e87930     0x1d50 /cygdrive/d/projects/home/fp_trunk_rom/soft/build/8809m_fpga/int_rom_programmer/bcpu/platform/chip/bcpu/lib/libbcpu_cool_profile.a(spp_gsm_tx.o)
                0xffffffffa1e87931                spp_Modulation
                0xffffffffa1e87c81                spp_BuildNBurst
                0xffffffffa1e87d41                spp_EncodeABurst
                0xffffffffa1e87eb1                spp_EncodeBlock
 .text          0xffffffffa1e89680      0x2a0 /cygdrive/d/projects/home/fp_trunk_rom/soft/build/8809m_fpga/int_rom_programmer/bcpu/platform/chip/bcpu/lib/libbcpu_cool_profile.a(spp_math.o)
                0xffffffffa1e89681                spp_10log10
                0xffffffffa1e89741                spp_Log2
                0xffffffffa1e89801                spp_DivL
                0xffffffffa1e898b1                spp_Sqrt
 .text          0xffffffffa1e89920       0x80 /cygdrive/d/projects/home/fp_trunk_rom/soft/build/8809m_fpga/int_rom_programmer/bcpu/platform/chip/bcpu/lib/libbcpu_cool_profile.a(spp_misc.o)
                0xffffffffa1e89921                spp_FullBurstReady
                0xffffffffa1e89931                spp_ResetFullBurstReady
                0xffffffffa1e89941                spp_OneFullBurstReady
                0xffffffffa1e89971                spp_OneFullBurstDone
 .text          0xffffffffa1e899a0      0x190 /cygdrive/d/projects/home/fp_trunk_rom/soft/build/8809m_fpga/int_rom_programmer/bcpu/platform/chip/bcpu/lib/libbcpu_cool_profile.a(spp_pch_detect.o)
                0xffffffffa1e899a1                spp_DetectDummyPCH
 .text          0xffffffffa1e89b30        0x0 /cygdrive/d/projects/home/fp_trunk_rom/soft/build/8809m_fpga/int_rom_programmer/bcpu/platform/chip/bcpu/lib/libbcpu_cool_profile.a(spp_version.o)
 .text          0xffffffffa1e89b30      0x220 /cygdrive/d/projects/home/fp_trunk_rom/soft/build/8809m_fpga/int_rom_programmer/bcpu/platform/chip/bcpu/lib/libbcpu_cool_profile.a(spp_fcch_detect_filter_asm.o)
                0xffffffffa1e89b30                spp_FcchDetectFilterAsm
 *spal_*.o(.text .text.*)
 .text          0xffffffffa1e89d50      0x540 /cygdrive/d/projects/home/fp_trunk_rom/soft/build/8809m_fpga/int_rom_programmer/bcpu/platform/chip/bcpu/lib/libbcpu_cool_profile.a(spal_debug.o)
                0xffffffffa1e89d51                spal_DbgPxtsProfileTask
                0xffffffffa1e89e21                spal_DbgHstSendEvent
                0xffffffffa1e89e81                spal_DbgPxtsProfilePulse
                0xffffffffa1e89f51                spal_DbgPxtsProfileFunctionEnter
                0xffffffffa1e8a021                spal_DbgPxtsProfileFunctionExit
                0xffffffffa1e8a0f1                spal_DbgPxtsProfileWindowEnter
                0xffffffffa1e8a1c1                spal_DbgPxtsProfileWindowExit
 .text          0xffffffffa1e8a290      0xf50 /cygdrive/d/projects/home/fp_trunk_rom/soft/build/8809m_fpga/int_rom_programmer/bcpu/platform/chip/bcpu/lib/libbcpu_cool_profile.a(spal_gdb_stub.o)
                0xffffffffa1e8a291                spal_DbgGdbHstSendEvent
                0xffffffffa1e8a2d1                spal_GdbOpen
                0xffffffffa1e8a311                spal_GdbBreaks
                0xffffffffa1e8a341                spal_GdbBreakPrint
                0xffffffffa1e8a3f1                spal_GdbPrepare
                0xffffffffa1e8a411                spal_GdbSendcmd
                0xffffffffa1e8a471                spal_Gdb16Step
                0xffffffffa1e8a801                spal_Gdb32Step
                0xffffffffa1e8aa61                spal_Gdb16EndStep
                0xffffffffa1e8aa91                spal_Gdb32EndStep
                0xffffffffa1e8aab1                spal_GdbLoop
                0xffffffffa1e8ae11                spal_GdbException
                0xffffffffa1e8aeb1                spal_GdbIrqDebug
                0xffffffffa1e8af41                spal_GdbBreakRaise
                0xffffffffa1e8aff1                spal_GdbBreakSoftBreakPoint
                0xffffffffa1e8b091                spal_GdbBreakBreakPoint
                0xffffffffa1e8b121                spal_GdbBreakDivBy0
 .text          0xffffffffa1e8b1e0      0x180 /cygdrive/d/projects/home/fp_trunk_rom/soft/build/8809m_fpga/int_rom_programmer/bcpu/platform/chip/bcpu/lib/libbcpu_cool_profile.a(spal_irq.o)
                0xffffffffa1e8b1e1                spal_IrqSetMask
                0xffffffffa1e8b201                spal_IrqHandler
 .text          0xffffffffa1e8b360       0xc0 /cygdrive/d/projects/home/fp_trunk_rom/soft/build/8809m_fpga/int_rom_programmer/bcpu/platform/chip/bcpu/lib/libbcpu_cool_profile.a(spal_itlv.o)
                0xffffffffa1e8b361                spal_ItlvBusy
                0xffffffffa1e8b371                spal_ItlvItlv
                0xffffffffa1e8b3c1                spal_ItlvDitlv
                0xffffffffa1e8b411                spal_ItlvIntClear
 .text          0xffffffffa1e8b420        0x0 /cygdrive/d/projects/home/fp_trunk_rom/soft/build/8809m_fpga/int_rom_programmer/bcpu/platform/chip/bcpu/lib/libbcpu_cool_profile.a(spal_version.o)
 .text          0xffffffffa1e8b420      0x280 /cygdrive/d/projects/home/fp_trunk_rom/soft/build/8809m_fpga/int_rom_programmer/bcpu/platform/chip/bcpu/lib/libbcpu_cool_profile.a(spal_vitac.o)
                0xffffffffa1e8b421                spal_VitacBusy
                0xffffffffa1e8b441                spal_VitacEqualize
                0xffffffffa1e8b531                spal_VitacFullDecoding
 .text          0xffffffffa1e8b6a0      0xa60 /cygdrive/d/projects/home/fp_trunk_rom/soft/build/8809m_fpga/int_rom_programmer/bcpu/platform/chip/bcpu/lib/libbcpu_cool_profile.a(spal_xcor.o)
                0xffffffffa1e8b6a1                spal_XcorResetFchFilterParam
                0xffffffffa1e8b6c1                spal_XcorTscxcNb
                0xffffffffa1e8b6f1                spal_XcorTscxcSch
                0xffffffffa1e8b721                spal_XcorBiterror
                0xffffffffa1e8b751                spal_XcorChest
                0xffffffffa1e8b7d1                spal_XcorSrec
                0xffffffffa1e8b821                spal_XcorBmsum
                0xffffffffa1e8b931                spal_XcorErrCalc
                0xffffffffa1e8b961                spal_XcorIcorCalc
                0xffffffffa1e8b991                spal_XcorHvextract
                0xffffffffa1e8b9c1                spal_XcorDcoc
                0xffffffffa1e8bb71                spal_XcorDcocHburst
                0xffffffffa1e8bbe1                spal_XcorFchxc_Delay
                0xffffffffa1e8bd71                spal_XcorChest8taps
                0xffffffffa1e8bdf1                spal_XcorFchxc_AutoCorr
                0xffffffffa1e8be41                spal_XcorFchxc
                0xffffffffa1e8bf91                spal_XcorFchFilter
 .text          0xffffffffa1e8c100      0x1a0 /cygdrive/d/projects/home/fp_trunk_rom/soft/build/8809m_fpga/int_rom_programmer/bcpu/platform/chip/bcpu/lib/libbcpu_cool_profile.a(spal_XcorFchFilterAsm.o)
                0xffffffffa1e8c100                spal_XcorFchFilterAsm
 .text          0xffffffffa1e8c2a0      0x400 /cygdrive/d/projects/home/fp_trunk_rom/soft/build/8809m_fpga/int_rom_programmer/bcpu/platform/chip/bcpu/lib/libbcpu_cool_profile.a(spal_cap_cp2.o)
                0xffffffffa1e8c2a0                spal_CapDecodeCrc
                0xffffffffa1e8c360                spal_CapEncodeCrc
                0xffffffffa1e8c420                spal_CapConvoluate
                0xffffffffa1e8c510                spal_CapConvSrc
                0xffffffffa1e8c5d0                spal_CapFireCorrection
 .text          0xffffffffa1e8c6a0      0x130 /cygdrive/d/projects/home/fp_trunk_rom/soft/build/8809m_fpga/int_rom_programmer/bcpu/platform/chip/bcpu/lib/libbcpu_cool_profile.a(spal_cholk.o)
                0xffffffffa1e8c6a1                spal_CholkBusy
                0xffffffffa1e8c6c1                spal_CholkCgStep1
                0xffffffffa1e8c741                spal_CholkCg
 .text          0xffffffffa1e8c7d0      0x200 /cygdrive/d/projects/home/fp_trunk_rom/soft/build/8809m_fpga/int_rom_programmer/bcpu/platform/chip/bcpu/lib/libbcpu_cool_profile.a(spal_cipher.o)
                0xffffffffa1e8c7d1                spal_CipherCountInit
                0xffffffffa1e8c7f1                spal_CipherStart
                0xffffffffa1e8c841                spal_CipherCipherNb
                0xffffffffa1e8c891                spal_CipherDecipherNb
                0xffffffffa1e8c8c1                spal_CipherA53CountInit
                0xffffffffa1e8c911                spal_CipherA53Start
                0xffffffffa1e8c941                spal_CipherCipherA53Nb
                0xffffffffa1e8c971                spal_CipherDecipherA53Nb
 .text          0xffffffffa1e8c9d0       0x30 /cygdrive/d/projects/home/fp_trunk_rom/soft/build/8809m_fpga/int_rom_programmer/bcpu/platform/chip/bcpu/lib/libbcpu_cool_profile.a(spal_cordic.o)
                0xffffffffa1e8c9d1                spal_CordicAngle
 .text          0xffffffffa1e8ca00      0xb10 /cygdrive/d/projects/home/fp_trunk_rom/soft/build/8809m_fpga/int_rom_programmer/bcpu/platform/chip/bcpu/lib/libbcpu_cool_profile.a(spal_excor.o)
                0xffffffffa1e8ca01                spal_XcorBmmlZf
                0xffffffffa1e8ca81                spal_XcorComplexPower16
                0xffffffffa1e8cb01                spal_XcorComplexPower32
                0xffffffffa1e8cb51                spal_XcorDerotate
                0xffffffffa1e8cbd1                spal_XcorDcIqCompensate
                0xffffffffa1e8cc41                spal_XcorSrecPSK8
                0xffffffffa1e8ccd1                spal_XcorComplexConvolution
                0xffffffffa1e8cd91                spal_XcorComplexMatrixMultiply
                0xffffffffa1e8ce31                spal_ExcorIQShift
                0xffffffffa1e8ce81                spal_ExcorEgprsRotate
                0xffffffffa1e8cf01                spal_XcorFastConvolutionInit
                0xffffffffa1e8cf31                spal_XcorFastConvolutionSet
                0xffffffffa1e8cf71                spal_XcorFastMatrixMultiplySet
                0xffffffffa1e8cff1                spal_XcorFastMatrixMultiplyInit
                0xffffffffa1e8d021                spal_XcorFastMatrixMultiplyS
                0xffffffffa1e8d061                spal_XcorFastMatrixMultiply
                0xffffffffa1e8d0f1                spal_XcorFastConvolution
                0xffffffffa1e8d181                spal_ExcorIrRecombine
 .text          0xffffffffa1e8d510       0x10 /cygdrive/d/projects/home/fp_trunk_rom/soft/build/8809m_fpga/int_rom_programmer/bcpu/platform/chip/bcpu/lib/libbcpu_cool_profile.a(spal_gdb.o)
                0xffffffffa1e8d510                spal_DbgGdbPrintf
 .text          0xffffffffa1e8d520       0x60 /cygdrive/d/projects/home/fp_trunk_rom/soft/build/8809m_fpga/int_rom_programmer/bcpu/platform/chip/bcpu/lib/libbcpu_cool_profile.a(spal_ifc.o)
                0xffffffffa1e8d521                spal_IfcTxFifoReset
                0xffffffffa1e8d531                spal_IfcTxFifoSetup
                0xffffffffa1e8d551                spal_IfcDisableRf
                0xffffffffa1e8d561                spal_IfcParamRf
 *spc_amr_tx.o(.text .text.*)
 .text          0xffffffffa1e8d580      0xb30 /cygdrive/d/projects/home/fp_trunk_rom/soft/build/8809m_fpga/int_rom_programmer/bcpu/platform/chip/bcpu/lib/libbcpu_cool_profile.a(spc_amr_tx.o)
                0xffffffffa1e8d581                spc_AHSencoding
                0xffffffffa1e8d991                spc_AFSencoding
                0xffffffffa1e8dc61                spc_UpdateAmrCfg
                0xffffffffa1e8ddc1                spc_RetrieveCodecMode
                0xffffffffa1e8de81                spc_AmrEncode
 *spc_amr_rx.o(.text .text.*)
 .text          0xffffffffa1e8e0b0     0x1370 /cygdrive/d/projects/home/fp_trunk_rom/soft/build/8809m_fpga/int_rom_programmer/bcpu/platform/chip/bcpu/lib/libbcpu_cool_profile.a(spc_amr_rx.o)
                0xffffffffa1e8e0b1                spc_AmrFrameFilter
                0xffffffffa1e8e0e1                spc_UpdateCMR
                0xffffffffa1e8e1b1                spc_AHSdecoding
                0xffffffffa1e8e851                spc_AFSdecoding
                0xffffffffa1e8ecd1                spc_AmrRatscch
                0xffffffffa1e8ee11                spc_AmrDecode
 *spc_irq_handler.o(.text .text.*)
 .text          0xffffffffa1e8f420      0x6b0 /cygdrive/d/projects/home/fp_trunk_rom/soft/build/8809m_fpga/int_rom_programmer/bcpu/platform/chip/bcpu/lib/libbcpu_cool_profile.a(spc_irq_handler.o)
                0xffffffffa1e8f421                bb_prog_rx_win
                0xffffffffa1e8f681                spc_IrqHandler
 *spc_mailbox.o(.text .text.*)
 .text          0xffffffffa1e8fad0        0x0 /cygdrive/d/projects/home/fp_trunk_rom/soft/build/8809m_fpga/int_rom_programmer/bcpu/platform/chip/bcpu/lib/libbcpu_cool_profile.a(spc_mailbox.o)
 *spc_rx.o(.text .text.*)
 .text          0xffffffffa1e8fad0     0x1de0 /cygdrive/d/projects/home/fp_trunk_rom/soft/build/8809m_fpga/int_rom_programmer/bcpu/platform/chip/bcpu/lib/libbcpu_cool_profile.a(spc_rx.o)
                0xffffffffa1e8fad1                spc_SppToMboxSpeechMode
                0xffffffffa1e8fb31                spc_CheckLoopMode
                0xffffffffa1e8fc91                spc_BfiFilter
                0xffffffffa1e8fe71                spc_SetFacch
                0xffffffffa1e8ff91                spc_VocBfiFilter
                0xffffffffa1e90111                spc_UpdateSpeechDec
                0xffffffffa1e90281                spc_TCHRxProcess
                0xffffffffa1e90b21                spc_CCHRxProcess
                0xffffffffa1e91321                spc_NBurstProcess
                0xffffffffa1e91381                spc_SchProcess
                0xffffffffa1e91461                spc_MonitoringProcess
                0xffffffffa1e914c1                spc_FcchProcess
                0xffffffffa1e91621                spc_RxProcess
 *spc_scheduler.o(.text .text.*)
 .text          0xffffffffa1e918b0      0x530 /cygdrive/d/projects/home/fp_trunk_rom/soft/build/8809m_fpga/int_rom_programmer/bcpu/platform/chip/bcpu/lib/libbcpu_cool_profile.a(spc_scheduler.o)
                0xffffffffa1e918b1                spc_GnrlReset
                0xffffffffa1e91c01                spc_SchedulerMain
 *spc_tables.o(.text .text.*)
 .text          0xffffffffa1e91de0        0x0 /cygdrive/d/projects/home/fp_trunk_rom/soft/build/8809m_fpga/int_rom_programmer/bcpu/platform/chip/bcpu/lib/libbcpu_cool_profile.a(spc_tables.o)
 *spc_tx.o(.text .text.*)
 .text          0xffffffffa1e91de0     0x1170 /cygdrive/d/projects/home/fp_trunk_rom/soft/build/8809m_fpga/int_rom_programmer/bcpu/platform/chip/bcpu/lib/libbcpu_cool_profile.a(spc_tx.o)
                0xffffffffa1e91de1                spc_MboxToSppSpeechMode
                0xffffffffa1e91ed1                spc_UpdateSpeechEnc
                0xffffffffa1e920b1                spc_ResetCodec
                0xffffffffa1e921a1                spc_DataFacch
                0xffffffffa1e922b1                spc_DataEncode
                0xffffffffa1e92421                spc_TCHTxProcess
                0xffffffffa1e92891                spc_CCHTxProcess
                0xffffffffa1e92ab1                spc_RACHTxProcess
                0xffffffffa1e92bb1                spc_TxProcess
                0xffffffffa1e92c71                spc_UpdateOnFint
 *spc_version.o(.text .text.*)
 .text          0xffffffffa1e92f50        0x0 /cygdrive/d/projects/home/fp_trunk_rom/soft/build/8809m_fpga/int_rom_programmer/bcpu/platform/chip/bcpu/lib/libbcpu_cool_profile.a(spc_version.o)
 *spc_rx_ext_8809.o(.text .text.*)
 *(.bcpu_rom_text)
 *atoi.o(.text .text.*)
 .text          0xffffffffa1e92f50       0x40 /cygdrive/d/projects/home/fp_trunk_rom/soft/build/8809m_fpga/int_rom_programmer/bcpu/platform/base/std/lib/libstd_cool_profile.a(atoi.o)
                0xffffffffa1e92f51                atoi
 *ctype.o(.text .text.*)
 .text          0xffffffffa1e92f90        0x0 /cygdrive/d/projects/home/fp_trunk_rom/soft/build/8809m_fpga/int_rom_programmer/bcpu/platform/base/std/lib/libstd_cool_profile.a(ctype.o)
 *memchr.o(.text .text.*)
 .text          0xffffffffa1e92f90       0x40 /cygdrive/d/projects/home/fp_trunk_rom/soft/build/8809m_fpga/int_rom_programmer/bcpu/platform/base/std/lib/libstd_cool_profile.a(memchr.o)
                0xffffffffa1e92f91                memchr
 *memcmp.o(.text .text.*)
 .text          0xffffffffa1e92fd0       0x30 /cygdrive/d/projects/home/fp_trunk_rom/soft/build/8809m_fpga/int_rom_programmer/bcpu/platform/base/std/lib/libstd_cool_profile.a(memcmp.o)
                0xffffffffa1e92fd1                memcmp
 *memcpy.o(.text .text.*)
 .text          0xffffffffa1e93000      0x330 /cygdrive/d/projects/home/fp_trunk_rom/soft/build/8809m_fpga/int_rom_programmer/bcpu/platform/base/std/lib/libstd_cool_profile.a(memcpy.o)
                0xffffffffa1e93000                memcpy
                0xffffffffa1e93300                memcpyb
 *memmove.o(.text .text.*)
 .text          0xffffffffa1e93330      0x140 /cygdrive/d/projects/home/fp_trunk_rom/soft/build/8809m_fpga/int_rom_programmer/bcpu/platform/base/std/lib/libstd_cool_profile.a(memmove.o)
                0xffffffffa1e93331                memmove
 *memscan.o(.text .text.*)
 .text          0xffffffffa1e93470       0x20 /cygdrive/d/projects/home/fp_trunk_rom/soft/build/8809m_fpga/int_rom_programmer/bcpu/platform/base/std/lib/libstd_cool_profile.a(memscan.o)
                0xffffffffa1e93471                memscan
 *memset.o(.text .text.*)
 .text          0xffffffffa1e93490       0xf0 /cygdrive/d/projects/home/fp_trunk_rom/soft/build/8809m_fpga/int_rom_programmer/bcpu/platform/base/std/lib/libstd_cool_profile.a(memset.o)
                0xffffffffa1e93490                memset
 *strcat.o(.text .text.*)
 .text          0xffffffffa1e93580       0x20 /cygdrive/d/projects/home/fp_trunk_rom/soft/build/8809m_fpga/int_rom_programmer/bcpu/platform/base/std/lib/libstd_cool_profile.a(strcat.o)
                0xffffffffa1e93581                strcat
 *strchr.o(.text .text.*)
 .text          0xffffffffa1e935a0       0x50 /cygdrive/d/projects/home/fp_trunk_rom/soft/build/8809m_fpga/int_rom_programmer/bcpu/platform/base/std/lib/libstd_cool_profile.a(strchr.o)
                0xffffffffa1e935a1                strchr
                0xffffffffa1e935d1                strrchr
 *strcmp.o(.text .text.*)
 .text          0xffffffffa1e935f0       0x40 /cygdrive/d/projects/home/fp_trunk_rom/soft/build/8809m_fpga/int_rom_programmer/bcpu/platform/base/std/lib/libstd_cool_profile.a(strcmp.o)
                0xffffffffa1e935f1                strcmp
 *strcpy.o(.text .text.*)
 .text          0xffffffffa1e93630       0x20 /cygdrive/d/projects/home/fp_trunk_rom/soft/build/8809m_fpga/int_rom_programmer/bcpu/platform/base/std/lib/libstd_cool_profile.a(strcpy.o)
                0xffffffffa1e93631                strcpy
 *strlen.o(.text .text.*)
 .text          0xffffffffa1e93650       0x40 /cygdrive/d/projects/home/fp_trunk_rom/soft/build/8809m_fpga/int_rom_programmer/bcpu/platform/base/std/lib/libstd_cool_profile.a(strlen.o)
                0xffffffffa1e93651                strlen
                0xffffffffa1e93671                strnlen
 *strncmp.o(.text .text.*)
 .text          0xffffffffa1e93690       0x40 /cygdrive/d/projects/home/fp_trunk_rom/soft/build/8809m_fpga/int_rom_programmer/bcpu/platform/base/std/lib/libstd_cool_profile.a(strncmp.o)
                0xffffffffa1e93691                strncmp
 *strncpy.o(.text .text.*)
 .text          0xffffffffa1e936d0       0x40 /cygdrive/d/projects/home/fp_trunk_rom/soft/build/8809m_fpga/int_rom_programmer/bcpu/platform/base/std/lib/libstd_cool_profile.a(strncpy.o)
                0xffffffffa1e936d1                strncpy
 *strsep.o(.text .text.*)
 .text          0xffffffffa1e93710       0x40 /cygdrive/d/projects/home/fp_trunk_rom/soft/build/8809m_fpga/int_rom_programmer/bcpu/platform/base/std/lib/libstd_cool_profile.a(strsep.o)
                0xffffffffa1e93711                strsep
 *strstr.o(.text .text.*)
 .text          0xffffffffa1e93750       0x60 /cygdrive/d/projects/home/fp_trunk_rom/soft/build/8809m_fpga/int_rom_programmer/bcpu/platform/base/std/lib/libstd_cool_profile.a(strstr.o)
                0xffffffffa1e93751                strstr
                0xffffffffa1e937b0                . = ALIGN (0x10)
                0xffffffff81e937b0                . = (. - 0x20000000)

.bcpu_rom_rodata
                0xffffffff81e937b0     0x46f0
 *bcpu_rom.o(.rdata .rodata .rodata.str1.4 .rodata.*)
 *bcpu_romstring.o(.rdata .rodata .rodata.str1.4 .rodata.*)
 .rodata        0xffffffff81e937b0       0x34 /cygdrive/d/projects/home/fp_trunk_rom/soft/build/8809m_fpga/int_rom_programmer/bcpu/platform/chip/bcpu/lib/libbcpu_cool_profile.a(bcpu_romstring.o)
                0xffffffff81e937b0                bcpu_romCsString
                0xffffffff81e937dc                bcpu_romDT
 *bcpu_rom_version.o(.rdata .rodata .rodata.str1.4 .rodata.*)
 *spal_cache.o(.rdata .rodata .rodata.str1.4 .rodata.*)
 *spal_cfg.o(.rdata .rodata .rodata.str1.4 .rodata.*)
 *spp_DummyPCH_DisAsm.o(.rdata .rodata .rodata.str1.4 .rodata.*)
 *spp_cfg.o(.rdata .rodata .rodata.str1.4 .rodata.*)
 *spal_irq_handler.o(.rdata .rodata .rodata.str1.4 .rodata.*)
 *spp_*.o(.rdata .rodata .rodata.str1.4 .rodata.*)
 .rodata        0xffffffff81e937e4       0x20 /cygdrive/d/projects/home/fp_trunk_rom/soft/build/8809m_fpga/int_rom_programmer/bcpu/platform/chip/bcpu/lib/libbcpu_cool_profile.a(spp_gsm_equalizer.o)
 .rodata        0xffffffff81e93804       0x18 /cygdrive/d/projects/home/fp_trunk_rom/soft/build/8809m_fpga/int_rom_programmer/bcpu/platform/chip/bcpu/lib/libbcpu_cool_profile.a(spp_gsm_rx.o)
 .rodata        0xffffffff81e9381c     0x3e68 /cygdrive/d/projects/home/fp_trunk_rom/soft/build/8809m_fpga/int_rom_programmer/bcpu/platform/chip/bcpu/lib/libbcpu_cool_profile.a(spp_gsm_tables.o)
                0xffffffff81e9381c                g_sppCsCrcParam
                0xffffffff81e9398c                g_sppCsConvParam
                0xffffffff81e93afc                g_sppCsSrcParam
                0xffffffff81e93b8c                g_sppVitacDecParam
                0xffffffff81e93c44                g_sppVitacPolyres
                0xffffffff81e93c64                g_sppInputLengthBitAfs
                0xffffffff81e93c6c                g_sppAfsReorderTables
                0xffffffff81e93c8c                g_sppInputLengthBitAhs
                0xffffffff81e93c94                g_sppAhsReorderTables
                0xffffffff81e93cac                g_sppMatrixHr
                0xffffffff81e93d8c                g_sppMatrixFrInv
                0xffffffff81e93f94                g_sppMatrixEfr1
                0xffffffff81e93fd8                g_sppMatrixEfr1Inv
                0xffffffff81e9401c                g_sppMatrixEfr2Inv
                0xffffffff81e94214                g_sppNbFwequStartSt
                0xffffffff81e94234                g_sppNbBwequStartSt
                0xffffffff81e94254                g_sppGsmTscSch
                0xffffffff81e9425c                g_sppGsmTscAburst
                0xffffffff81e94264                g_sppGsmTscAburst_1
                0xffffffff81e9426c                g_sppGsmTscAburst_2
                0xffffffff81e94274                g_sppGsmTscNburst
                0xffffffff81e942f4                g_sppSaicTable
                0xffffffff81e9433c                g_sppSaicPMatrixTable
                0xffffffff81e94354                g_sppUsfCs2Cs3
                0xffffffff81e9435c                g_spp_UsfCs4
                0xffffffff81e9436c                g_sppIcSidRatscch
                0xffffffff81e94374                g_sppIcAfsSpeech
                0xffffffff81e9437c                g_sppIcAhsSpeech
                0xffffffff81e94384                g_sppImAfsSid
                0xffffffff81e943a0                g_sppImAhsSid
                0xffffffff81e943c0                g_sppImRatscch
                0xffffffff81e943e0                g_sppAfsSidMarker
                0xffffffff81e943fc                g_sppAhsSidMarker
                0xffffffff81e94418                g_sppRatscchMarker
                0xffffffff81e94434                g_sppConvOutLengthBitAhs
                0xffffffff81e9443c                g_sppConvOutMaskAhs
                0xffffffff81e94454                g_spp_8TapChestTab
                0xffffffff81e94dd4                g_sppChestTab
                0xffffffff81e96a30                g_sppCsPuncturingTable
 .rodata        0xffffffff81e97684      0x300 /cygdrive/d/projects/home/fp_trunk_rom/soft/build/8809m_fpga/int_rom_programmer/bcpu/platform/chip/bcpu/lib/libbcpu_cool_profile.a(spp_pch_detect.o)
                0xffffffff81e97684                g_sppPCH_vector_a
                0xffffffff81e977dc                g_sppPCH_vector_b1
                0xffffffff81e97830                g_sppPCH_vector_b2
                0xffffffff81e97884                g_sppPCH_vector_b3
                0xffffffff81e978d8                g_sppPCH_vector_b4
                0xffffffff81e9792c                g_sppPCH_b_pos
                0xffffffff81e97980                g_sppPCH_size_vector_b
 .rodata.str1.4
                0xffffffff81e97984       0x38 /cygdrive/d/projects/home/fp_trunk_rom/soft/build/8809m_fpga/int_rom_programmer/bcpu/platform/chip/bcpu/lib/libbcpu_cool_profile.a(spp_version.o)
 .rodata        0xffffffff81e979bc       0x10 /cygdrive/d/projects/home/fp_trunk_rom/soft/build/8809m_fpga/int_rom_programmer/bcpu/platform/chip/bcpu/lib/libbcpu_cool_profile.a(spp_version.o)
                0xffffffff81e979bc                g_sppMapVersion
 *spal_*.o(.rdata .rodata .rodata.str1.4 .rodata.*)
 .rodata        0xffffffff81e979cc       0x44 /cygdrive/d/projects/home/fp_trunk_rom/soft/build/8809m_fpga/int_rom_programmer/bcpu/platform/chip/bcpu/lib/libbcpu_cool_profile.a(spal_gdb_stub.o)
 .rodata        0xffffffff81e97a10       0x14 /cygdrive/d/projects/home/fp_trunk_rom/soft/build/8809m_fpga/int_rom_programmer/bcpu/platform/chip/bcpu/lib/libbcpu_cool_profile.a(spal_version.o)
                0xffffffff81e97a10                g_spalMapAccess
                0xffffffff81e97a14                g_spalMapVersion
 .rodata.str1.4
                0xffffffff81e97a24       0x38 /cygdrive/d/projects/home/fp_trunk_rom/soft/build/8809m_fpga/int_rom_programmer/bcpu/platform/chip/bcpu/lib/libbcpu_cool_profile.a(spal_version.o)
 .rodata        0xffffffff81e97a5c       0xa0 /cygdrive/d/projects/home/fp_trunk_rom/soft/build/8809m_fpga/int_rom_programmer/bcpu/platform/chip/bcpu/lib/libbcpu_cool_profile.a(spal_excor.o)
                0xffffffff81e97a5c                LUT_8PSK
                0xffffffff81e97a7c                PSK8_ROTATE
                0xffffffff81e97abc                GMSK_ROTATE
 .rodata        0xffffffff81e97afc       0x40 /cygdrive/d/projects/home/fp_trunk_rom/soft/build/8809m_fpga/int_rom_programmer/bcpu/platform/chip/bcpu/lib/libbcpu_cool_profile.a(spal_gdb.o)
                0xffffffff81e97afc                spal_GdbGBreak
 *spc_amr_tx.o(.rdata .rodata .rodata.str1.4 .rodata.*)
 *spc_amr_rx.o(.rdata .rodata .rodata.str1.4 .rodata.*)
 *spc_irq_handler.o(.rdata .rodata .rodata.str1.4 .rodata.*)
 *spc_mailbox.o(.rdata .rodata .rodata.str1.4 .rodata.*)
 *spc_rx.o(.rdata .rodata .rodata.str1.4 .rodata.*)
 .rodata        0xffffffff81e97b3c       0x68 /cygdrive/d/projects/home/fp_trunk_rom/soft/build/8809m_fpga/int_rom_programmer/bcpu/platform/chip/bcpu/lib/libbcpu_cool_profile.a(spc_rx.o)
 *spc_scheduler.o(.rdata .rodata .rodata.str1.4 .rodata.*)
 *spc_tables.o(.rdata .rodata .rodata.str1.4 .rodata.*)
 .rodata        0xffffffff81e97ba4      0x1a0 /cygdrive/d/projects/home/fp_trunk_rom/soft/build/8809m_fpga/int_rom_programmer/bcpu/platform/chip/bcpu/lib/libbcpu_cool_profile.a(spc_tables.o)
                0xffffffff81e97ba4                AFSfilterCI
                0xffffffff81e97c70                AHSfilterCI
                0xffffffff81e97cd8                MutedFrame_AMR
                0xffffffff81e97ce0                MutedFrame_HR
                0xffffffff81e97cf0                MutedFrame_EFR
                0xffffffff81e97d10                MutedFrame_FR
                0xffffffff81e97d34                spcSizeFromMCS
 *spc_tx.o(.rdata .rodata .rodata.str1.4 .rodata.*)
 *spc_version.o(.rdata .rodata .rodata.str1.4 .rodata.*)
 .rodata.str1.4
                0xffffffff81e97d44       0x3d /cygdrive/d/projects/home/fp_trunk_rom/soft/build/8809m_fpga/int_rom_programmer/bcpu/platform/chip/bcpu/lib/libbcpu_cool_profile.a(spc_version.o)
                                         0x40 (size before relaxing)
 *fill*         0xffffffff81e97d81        0x3 00
 .rodata        0xffffffff81e97d84       0x10 /cygdrive/d/projects/home/fp_trunk_rom/soft/build/8809m_fpga/int_rom_programmer/bcpu/platform/chip/bcpu/lib/libbcpu_cool_profile.a(spc_version.o)
                0xffffffff81e97d84                g_spcMapVersion
 *spc_rx_ext_8809.o(.rdata .rodata .rodata.str1.4 .rodata.*)
 *(.bcpu_rom_rodata)
 *atoi.o(.rdata .rodata .rodata.str1.4 .rodata.*)
 *ctype.o(.rdata .rodata .rodata.str1.4 .rodata.*)
 .rodata        0xffffffff81e97d94      0x100 /cygdrive/d/projects/home/fp_trunk_rom/soft/build/8809m_fpga/int_rom_programmer/bcpu/platform/base/std/lib/libstd_cool_profile.a(ctype.o)
                0xffffffff81e97d94                _ctype
 *memchr.o(.rdata .rodata .rodata.str1.4 .rodata.*)
 *memcmp.o(.rdata .rodata .rodata.str1.4 .rodata.*)
 *memcpy.o(.rdata .rodata .rodata.str1.4 .rodata.*)
 *memmove.o(.rdata .rodata .rodata.str1.4 .rodata.*)
 *memscan.o(.rdata .rodata .rodata.str1.4 .rodata.*)
 *memset.o(.rdata .rodata .rodata.str1.4 .rodata.*)
 *strcat.o(.rdata .rodata .rodata.str1.4 .rodata.*)
 *strchr.o(.rdata .rodata .rodata.str1.4 .rodata.*)
 *strcmp.o(.rdata .rodata .rodata.str1.4 .rodata.*)
 *strcpy.o(.rdata .rodata .rodata.str1.4 .rodata.*)
 *strlen.o(.rdata .rodata .rodata.str1.4 .rodata.*)
 *strncmp.o(.rdata .rodata .rodata.str1.4 .rodata.*)
 *strncpy.o(.rdata .rodata .rodata.str1.4 .rodata.*)
 *strsep.o(.rdata .rodata .rodata.str1.4 .rodata.*)
 *strstr.o(.rdata .rodata .rodata.str1.4 .rodata.*)
                0xffffffff81e97ea0                . = ALIGN (0x10)
 *fill*         0xffffffff81e97e94        0xc 00
                0xffffffff81e97ea0                __bcpu_rom_end = .
                0xffffffff81980000                . = 0xffffffff81980000
                0xffffffff81980000                _bb_sram_romed_start = .

.bbsram         0xffffffff81980000     0x1e00
                0xffffffff81980000                _bb_sram_romed_cached_start = .
 *(BB_ITLV_SECTION)
 BB_ITLV_SECTION
                0xffffffff81980000     0x1920 /cygdrive/d/projects/home/fp_trunk_rom/soft/build/8809m_fpga/int_rom_programmer/bcpu/platform/chip/bcpu/lib/libbcpu_cool_profile.a(spc_scheduler.o)
                0xffffffff81980000                g_spcItlvBufTabSaic
                0xffffffff81980a00                g_spcItlvBufTab
                0xffffffff81981920                . = ALIGN (0x4)
                0xffffffff81981920                _bb_sram_romed_itlv_buf_end = .
 *(BB_SPC_CTX_SECTION)
 BB_SPC_CTX_SECTION
                0xffffffff81981920      0x4e0 /cygdrive/d/projects/home/fp_trunk_rom/soft/build/8809m_fpga/int_rom_programmer/bcpu/platform/chip/bcpu/lib/libbcpu_cool_profile.a(spc_scheduler.o)
                0xffffffff81981920                g_spcCtxStruct
                0xffffffff81981e00                . = ALIGN (0x10)
                0xffffffff81981e00                _bb_sram_romed_cached_end = .
                0x0000000000001e00                _bb_sram_romed_cached_size = (_bb_sram_romed_cached_end - _bb_sram_romed_cached_start)
                0xffffffffa1981e00                . = (. + 0x20000000)

.bbsramu        0xffffffffa1981e00     0x1bf0
                0xffffffffa1981e00                _bb_sram_romed_uncached_start = .
                0xffffffffa1981e00                . = ALIGN (0x10)
                0xffffffffa1981e00                _mbbsramu = .
 *(BB_STATIC_SECTION)
 BB_STATIC_SECTION
                0xffffffffa1981e00     0x1bf0 /cygdrive/d/projects/home/fp_trunk_rom/soft/build/8809m_fpga/int_rom_programmer/bcpu/platform/chip/bcpu/lib/libbcpu_cool_profile.a(spc_scheduler.o)
                0xffffffffa1981e00                g_spcStaticBufTabSaic
                0xffffffffa19822f0                g_spcStaticBufTab
                0xffffffffa19839f0                . = ALIGN (0x10)
                0xffffffffa19839f0                _bb_sram_romed_uncached_end = .
                0x0000000000001bf0                _bb_sram_romed_uncached_size = (_bb_sram_romed_uncached_end - _bb_sram_romed_uncached_start)
                0x00000000000039f0                _bb_sram_romed_size = (_bb_sram_romed_cached_size + _bb_sram_romed_uncached_size)
                0xffffffff819839f0                _bb_sram_romed_end = (_bb_sram_romed_start + _bb_sram_romed_size)

.bbsram_globals
                0xffffffff81986640      0x1b9
                0xffffffff81986640                _bb_sram_romed_globals_start = .
 *(BB_SRAM_GLOBALS)
 BB_SRAM_GLOBALS
                0xffffffff81986640       0x14 /cygdrive/d/projects/home/fp_trunk_rom/soft/build/8809m_fpga/int_rom_programmer/bcpu/platform/chip/bcpu/lib/libbcpu_cool_profile.a(bcpu_ram.o)
                0xffffffff81986640                bcpu_error_code
                0xffffffff81986644                bcpu_error_status
                0xffffffff81986648                bcpu_sp_context
                0xffffffff8198664c                bcpu_stack_base
                0xffffffff81986650                bcpu_main_entry
 *(.bbsram_globals)
 .bbsram_globals
                0xffffffff81986654        0x8 /cygdrive/d/projects/home/fp_trunk_rom/soft/build/8809m_fpga/int_rom_programmer/bcpu/platform/chip/bcpu/lib/libbcpu_cool_profile.a(spal_gdb_stub.o)
                0xffffffff81986654                spal_GdbGData
 .bbsram_globals
                0xffffffff8198665c        0x4 /cygdrive/d/projects/home/fp_trunk_rom/soft/build/8809m_fpga/int_rom_programmer/bcpu/platform/chip/bcpu/lib/libbcpu_cool_profile.a(spal_irq.o)
                0xffffffff8198665c                g_spalIrqRegistry
 .bbsram_globals
                0xffffffff81986660        0xc /cygdrive/d/projects/home/fp_trunk_rom/soft/build/8809m_fpga/int_rom_programmer/bcpu/platform/chip/bcpu/lib/libbcpu_cool_profile.a(spal_version.o)
                0xffffffff81986660                g_spalProfileControl
 .bbsram_globals
                0xffffffff8198666c       0x20 /cygdrive/d/projects/home/fp_trunk_rom/soft/build/8809m_fpga/int_rom_programmer/bcpu/platform/chip/bcpu/lib/libbcpu_cool_profile.a(spal_xcor.o)
 .bbsram_globals
                0xffffffff8198668c        0xc /cygdrive/d/projects/home/fp_trunk_rom/soft/build/8809m_fpga/int_rom_programmer/bcpu/platform/chip/bcpu/lib/libbcpu_cool_profile.a(spc_amr_tx.o)
                0xffffffff8198668c                g_spcAmrState
                0xffffffff81986694                g_spcCtxAmrCfgTxChg
 .bbsram_globals
                0xffffffff81986698        0x1 /cygdrive/d/projects/home/fp_trunk_rom/soft/build/8809m_fpga/int_rom_programmer/bcpu/platform/chip/bcpu/lib/libbcpu_cool_profile.a(spc_irq_handler.o)
                0xffffffff81986698                g_spcRxCountTcu
 *fill*         0xffffffff81986699        0x3 00
 .bbsram_globals
                0xffffffff8198669c       0xec /cygdrive/d/projects/home/fp_trunk_rom/soft/build/8809m_fpga/int_rom_programmer/bcpu/platform/chip/bcpu/lib/libbcpu_cool_profile.a(spc_tx.o)
                0xffffffff8198669c                g_spcSwTxFifo
 .bbsram_globals
                0xffffffff81986788       0x38 /cygdrive/d/projects/home/fp_trunk_rom/soft/build/8809m_fpga/int_rom_programmer/bcpu/platform/chip/bcpu/lib/libbcpu_cool_profile.a(spp_cfg.o)
                0xffffffff81986788                g_sppGlobalParams
 .bbsram_globals
                0xffffffff819867c0        0xc /cygdrive/d/projects/home/fp_trunk_rom/soft/build/8809m_fpga/int_rom_programmer/bcpu/platform/chip/bcpu/lib/libbcpu_cool_profile.a(spp_cipher.o)
                0xffffffff819867c0                g_sppA53CountInit
                0xffffffff819867c4                g_sppCipherCipherA53Nb
                0xffffffff819867c8                g_sppCipherDecipherA53Nb
 .bbsram_globals
                0xffffffff819867cc       0x2c /cygdrive/d/projects/home/fp_trunk_rom/soft/build/8809m_fpga/int_rom_programmer/bcpu/platform/chip/bcpu/lib/libbcpu_cool_profile.a(spp_gsm_rx.o)
 .bbsram_globals
                0xffffffff819867f8        0x1 /cygdrive/d/projects/home/fp_trunk_rom/soft/build/8809m_fpga/int_rom_programmer/bcpu/platform/chip/bcpu/lib/libbcpu_cool_profile.a(spp_misc.o)
                0xffffffff819867f8                g_sppFullBurstReady
                0xffffffff819867f9                _bb_sram_romed_globals_end = .
                0x0000000000000001                ASSERT ((_bb_sram_romed_end <= _bb_sram_romed_globals_start), BBSRAM Overflozed !!)
                0x0000000000000001                ASSERT ((SIZEOF (.bbsram_globals) <= 0x1c0), BBSRAM  Globals Overflozed !!)

.mailbox        0xffffffffa1b00580      0x280
                0xffffffffa1b00580                _dualport_sram_romed_mbx_start = .
 *spc_mailbox.o(.mailbox)
 .mailbox       0xffffffffa1b00580      0x27c /cygdrive/d/projects/home/fp_trunk_rom/soft/build/8809m_fpga/int_rom_programmer/bcpu/platform/chip/bcpu/lib/libbcpu_cool_profile.a(spc_mailbox.o)
                0xffffffffa1b00580                g_mailbox
                0xffffffffa1b00800                . = ALIGN (0x10)
 *fill*         0xffffffffa1b007fc        0x4 00
                0x0000000000000001                ASSERT ((SIZEOF (.mailbox) <= 0x280), Mailbox Overlfowed !!)

.bcpu_rom_version_number
                0xffffffff81e97ff8        0x4
                0xffffffff81e97ff8                _bcpu_rom_version_number = .
 *(.bcpu_rom_version_number)
 .bcpu_rom_version_number
                0xffffffff81e97ff8        0x4 /cygdrive/d/projects/home/fp_trunk_rom/soft/build/8809m_fpga/int_rom_programmer/bcpu/platform/chip/bcpu/lib/libbcpu_cool_profile.a(bcpu_rom_version.o)
                0xffffffff81e97ff8                g_bcpuRomVersionNumber

.bcpu_rom.crc   0xffffffff81e97ffc        0x4
                0xffffffff81e97ffc                __bcpu_rom_crc = .
                0xffffffff81e97ffc        0x4 LONG 0xc001c001

/DISCARD/
 *(*)
START GROUP
LOAD /cygdrive/d/projects/home/fp_trunk_rom/soft/build/8809m_fpga/int_rom_programmer/bcpu/platform/base/std/lib/libstd_cool_profile.a
LOAD /cygdrive/d/projects/home/fp_trunk_rom/soft/build/8809m_fpga/int_rom_programmer/bcpu/platform/chip/bcpu/lib/libbcpu_cool_profile.a
END GROUP
LOAD /crosscompiler/bin/../lib/gcc/mips-elf/4.4.2/libgcc.a
OUTPUT(/cygdrive/d/projects/home/fp_trunk_rom/soft/build/8809m_fpga/int_rom_programmer/bcpu/platform_test/rom/int_rom_programmer/bcpu_int_rom_programmer_chip_8809m_fpga_cool_profile.elf elf32-littlemips)
