Archive member included because of file (symbol)

/cygdrive/d/projects/home/fp_trunk_rom/soft/build/8809m_fpga/int_rom_programmer/platform/base/std/lib/libstd_cool_profile.a(atoi.o)
                              (atoi)
/cygdrive/d/projects/home/fp_trunk_rom/soft/build/8809m_fpga/int_rom_programmer/platform/base/std/lib/libstd_cool_profile.a(bsearch.o)
                              (bsearch)
/cygdrive/d/projects/home/fp_trunk_rom/soft/build/8809m_fpga/int_rom_programmer/platform/base/std/lib/libstd_cool_profile.a(ctype.o)
                              (_ctype)
/cygdrive/d/projects/home/fp_trunk_rom/soft/build/8809m_fpga/int_rom_programmer/platform/base/std/lib/libstd_cool_profile.a(memchr.o)
                              (memchr)
/cygdrive/d/projects/home/fp_trunk_rom/soft/build/8809m_fpga/int_rom_programmer/platform/base/std/lib/libstd_cool_profile.a(memcmp.o)
                              (memcmp)
/cygdrive/d/projects/home/fp_trunk_rom/soft/build/8809m_fpga/int_rom_programmer/platform/base/std/lib/libstd_cool_profile.a(memcpy.o)
                              (memcpy)
/cygdrive/d/projects/home/fp_trunk_rom/soft/build/8809m_fpga/int_rom_programmer/platform/base/std/lib/libstd_cool_profile.a(memmove.o)
                              (memmove)
/cygdrive/d/projects/home/fp_trunk_rom/soft/build/8809m_fpga/int_rom_programmer/platform/base/std/lib/libstd_cool_profile.a(memscan.o)
                              (memscan)
/cygdrive/d/projects/home/fp_trunk_rom/soft/build/8809m_fpga/int_rom_programmer/platform/base/std/lib/libstd_cool_profile.a(memset.o)
                              (memset)
/cygdrive/d/projects/home/fp_trunk_rom/soft/build/8809m_fpga/int_rom_programmer/platform/base/std/lib/libstd_cool_profile.a(qsort.o)
                              (qsort)
/cygdrive/d/projects/home/fp_trunk_rom/soft/build/8809m_fpga/int_rom_programmer/platform/base/std/lib/libstd_cool_profile.a(strcat.o)
                              (strcat)
/cygdrive/d/projects/home/fp_trunk_rom/soft/build/8809m_fpga/int_rom_programmer/platform/base/std/lib/libstd_cool_profile.a(strchr.o)
                              (strchr)
/cygdrive/d/projects/home/fp_trunk_rom/soft/build/8809m_fpga/int_rom_programmer/platform/base/std/lib/libstd_cool_profile.a(strcmp.o)
                              (strcmp)
/cygdrive/d/projects/home/fp_trunk_rom/soft/build/8809m_fpga/int_rom_programmer/platform/base/std/lib/libstd_cool_profile.a(strcpy.o)
                              (strcpy)
/cygdrive/d/projects/home/fp_trunk_rom/soft/build/8809m_fpga/int_rom_programmer/platform/base/std/lib/libstd_cool_profile.a(strcspn.o)
                              (strcspn)
/cygdrive/d/projects/home/fp_trunk_rom/soft/build/8809m_fpga/int_rom_programmer/platform/base/std/lib/libstd_cool_profile.a(strlen.o)
                              (strlen)
/cygdrive/d/projects/home/fp_trunk_rom/soft/build/8809m_fpga/int_rom_programmer/platform/base/std/lib/libstd_cool_profile.a(strncat.o)
                              (strncat)
/cygdrive/d/projects/home/fp_trunk_rom/soft/build/8809m_fpga/int_rom_programmer/platform/base/std/lib/libstd_cool_profile.a(strncmp.o)
                              (strncmp)
/cygdrive/d/projects/home/fp_trunk_rom/soft/build/8809m_fpga/int_rom_programmer/platform/base/std/lib/libstd_cool_profile.a(strncpy.o)
                              (strncpy)
/cygdrive/d/projects/home/fp_trunk_rom/soft/build/8809m_fpga/int_rom_programmer/platform/base/std/lib/libstd_cool_profile.a(strnicmp.o)
                              (strnicmp)
/cygdrive/d/projects/home/fp_trunk_rom/soft/build/8809m_fpga/int_rom_programmer/platform/base/std/lib/libstd_cool_profile.a(strsep.o)
                              (strsep)
/cygdrive/d/projects/home/fp_trunk_rom/soft/build/8809m_fpga/int_rom_programmer/platform/base/std/lib/libstd_cool_profile.a(strspn.o)
                              (strspn)
/cygdrive/d/projects/home/fp_trunk_rom/soft/build/8809m_fpga/int_rom_programmer/platform/base/std/lib/libstd_cool_profile.a(strstr.o)
                              (strstr)
/cygdrive/d/projects/home/fp_trunk_rom/soft/build/8809m_fpga/int_rom_programmer/platform/base/std/lib/libstd_cool_profile.a(strtok.o)
                              (strtok_r)
/cygdrive/d/projects/home/fp_trunk_rom/soft/build/8809m_fpga/int_rom_programmer/platform/base/std/lib/libstd_cool_profile.a(strtol.o)
                              (strtol)
/cygdrive/d/projects/home/fp_trunk_rom/soft/build/8809m_fpga/int_rom_programmer/platform/base/std/lib/libstd_cool_profile.a(strtoul.o)
                              (strtoul)
/cygdrive/d/projects/home/fp_trunk_rom/soft/build/8809m_fpga/int_rom_programmer/platform/base/std/lib/libstd_cool_profile.a(vsprintf.o)
                              (vsnprintf)
/cygdrive/d/projects/home/fp_trunk_rom/soft/build/8809m_fpga/int_rom_programmer/platform/base/std/lib/libstd_cool_profile.a(vsscanf.o)
                              (vsscanf)
[...]
Memory Configuration

Name             Origin             Length             Attributes
*default*        0x0000000000000000 0xffffffffffffffff

Linker script and memory map

LOAD /cygdrive/d/projects/home/fp_trunk_rom/soft/build/8809m_fpga/int_rom_programmer/platform_test/rom/int_rom_programmer/obj/cool_profile/stub.o
                0xffffffff81e00000                . = 0xffffffff81e00000
                0xffffffff81e00000                __int_rom_main = .
                0xffffffff81e00000                _int_rom_start = .

.internal_rom   0xffffffff81e00000     0x5ba0
 *boot_rom.o(.text .text.* .rdata .rodata .rodata.str1.4 .rodata.*)
 .text          0xffffffff81e00000      0x400 /cygdrive/d/projects/home/fp_trunk_rom/soft/build/8809m_fpga/int_rom_programmer/platform/chip/boot/lib/libboot_cool_profile.a(boot_rom.o)
                0xffffffff81e00000                __xcpu_start
                0xffffffff81e00180                _boot_IrqHandler
                0xffffffff81e002d0                boot_HstMonitorX
                0xffffffff81e00330                boot_DbgExlTrigFunction0
                0xffffffff81e00358                monitor_entry
                0xffffffff81e0035c                initial_stack_top_var
                0xffffffff81e00360                boot_InvalidCache
                0xffffffff81e00378                boot_InvalidICache
                0xffffffff81e00398                boot_InvalidDCache
                0xffffffff81e003b8                boot_DisableInterrupt
 *boot_monitor.o(.text .text.* .rdata .rodata .rodata.str1.4 .rodata.*)
 .text          0xffffffff81e00400      0x164 /cygdrive/d/projects/home/fp_trunk_rom/soft/build/8809m_fpga/int_rom_programmer/platform/chip/boot/lib/libboot_cool_profile.a(boot_monitor.o)
                0xffffffff81e00401                boot_MonitorDoMonitoring
                0xffffffff81e0052d                boot_Monitor
 *boot_uart_monitor.o(.text .text.* .rdata .rodata .rodata.str1.4 .rodata.*)
 .text          0xffffffff81e00564      0x924 /cygdrive/d/projects/home/fp_trunk_rom/soft/build/8809m_fpga/int_rom_programmer/platform/chip/boot/lib/libboot_cool_profile.a(boot_uart_monitor.o)
                0xffffffff81e00565                boot_UartMonitorGetBaudRate
                0xffffffff81e00579                boot_UartMonitorSend
                0xffffffff81e005dd                boot_UartMonitorGet
                0xffffffff81e00641                boot_UartMonitorOpen
                0xffffffff81e006a9                boot_UartMonitorClose
                0xffffffff81e006b9                boot_UartMonitorAck
                0xffffffff81e00745                boot_UartMonitorTimeOut
                0xffffffff81e0076d                boot_UartMonitorWriteProcess
                0xffffffff81e008b5                boot_UartMonitorRpcProcess
                0xffffffff81e009fd                boot_UartMonitorReadProcess
                0xffffffff81e00bbd                boot_UartMonitorExitProcess
                0xffffffff81e00c11                boot_UartMonitorProcess
                0xffffffff81e00cb9                boot_UartMonitor
 .rodata.str1.4
                0xffffffff81e00e88       0x2c /cygdrive/d/projects/home/fp_trunk_rom/soft/build/8809m_fpga/int_rom_programmer/platform/chip/boot/lib/libboot_cool_profile.a(boot_uart_monitor.o)
                0xffffffff81e00ff8                . = 0xff8
 *fill*         0xffffffff81e00eb4      0x144 00
 *boot_usb.o(.usbFixptr)
 .usbFixptr     0xffffffff81e00ff8        0x4 /cygdrive/d/projects/home/fp_trunk_rom/soft/build/8809m_fpga/int_rom_programmer/platform/chip/boot/lib/libboot_cool_profile.a(boot_usb.o)
                0xffffffff81e00ffc                . = 0xffc
 *boot_usb_monitor.o(.usbmonitorFixptr)
 .usbmonitorFixptr
                0xffffffff81e00ffc        0x4 /cygdrive/d/projects/home/fp_trunk_rom/soft/build/8809m_fpga/int_rom_programmer/platform/chip/boot/lib/libboot_cool_profile.a(boot_usb_monitor.o)
                0xffffffff81e00ffc                g_BootHostUsbFixPtr
 *boot_irq_dispatch.o(.text .text.* .rdata .rodata .rodata.str1.4 .rodata.*)
 .text          0xffffffff81e01000     0x1070 /cygdrive/d/projects/home/fp_trunk_rom/soft/build/8809m_fpga/int_rom_programmer/platform/chip/boot/lib/libboot_cool_profile.a(boot_irq_dispatch.o)
                0xffffffff81e01000                boot_FlushDCache
                0xffffffff81e02020                boot_IrqDispatch
 *boot_host.o(.text .text.* .rdata .rodata .rodata.str1.4 .rodata.*)
 .text          0xffffffff81e02070      0x108 /cygdrive/d/projects/home/fp_trunk_rom/soft/build/8809m_fpga/int_rom_programmer/platform/chip/boot/lib/libboot_cool_profile.a(boot_host.o)
                0xffffffff81e02071                mon_Event
                0xffffffff81e020a9                boot_HstCmdBasicHandler
                0xffffffff81e0210d                boot_HstMonitor
 *boot_ispi.o(.text .text.* .rdata .rodata .rodata.str1.4 .rodata.*)
 .text          0xffffffff81e02178      0x4e0 /cygdrive/d/projects/home/fp_trunk_rom/soft/build/8809m_fpga/int_rom_programmer/platform/chip/boot/lib/libboot_cool_profile.a(boot_ispi.o)
                0xffffffff81e02179                boot_IspiGetRomedCfg
                0xffffffff81e02205                boot_IspiOpen
                0xffffffff81e022e5                boot_IspiFlushFifos
                0xffffffff81e022f5                boot_IspiClearRxDmaDone
                0xffffffff81e02305                boot_IspiClearTxDmaDone
                0xffffffff81e02315                boot_IspiClose
                0xffffffff81e02359                boot_IspiRxIfcChannelRelease
                0xffffffff81e02371                boot_IspiTxIfcChannelRelease
                0xffffffff81e02389                boot_IspiSendData
                0xffffffff81e023e5                boot_IspiSendDataBuffer
                0xffffffff81e02451                boot_IspiTxFifoAvail
                0xffffffff81e0246d                boot_IspiTxDmaDone
                0xffffffff81e0249d                boot_IspiTxFinished
                0xffffffff81e024c9                boot_IspiGetData
                0xffffffff81e024f9                boot_IspiGetDataBuffer
                0xffffffff81e02565                boot_IspiRxFifoLevel
                0xffffffff81e0257d                boot_IspiRxDmaDone
                0xffffffff81e025ad                boot_IspiForcePin
                0xffffffff81e02641                boot_IspiGetRxIfcTc
 .rodata        0xffffffff81e02658       0x24 /cygdrive/d/projects/home/fp_trunk_rom/soft/build/8809m_fpga/int_rom_programmer/platform/chip/boot/lib/libboot_cool_profile.a(boot_ispi.o)
                0xffffffff81e02658                g_bootIspiRomedCfg
 *boot_dma.o(.text .text.* .rdata .rodata .rodata.str1.4 .rodata.*)
 *boot_nand.o(.text .text.* .rdata .rodata .rodata.str1.4 .rodata.*)
 *boot_usb.o(.text .text.* .rdata .rodata .rodata.str1.4 .rodata.*)
 .text          0xffffffff81e0267c     0x13a0 /cygdrive/d/projects/home/fp_trunk_rom/soft/build/8809m_fpga/int_rom_programmer/platform/chip/boot/lib/libboot_cool_profile.a(boot_usb.o)
                0xffffffff81e026bd                boot_UsbResetTransfert
                0xffffffff81e026e5                boot_UsbStartTransfert
                0xffffffff81e027e5                boot_UsbCancelTransfert
                0xffffffff81e0280d                boot_UsbContinueTransfert
                0xffffffff81e02d75                boot_UsbInitVar
                0xffffffff81e02d9d                boot_UsbOpen
                0xffffffff81e02dbd                boot_UsbEpStall
                0xffffffff81e02e45                boot_UsbRecv
                0xffffffff81e02e8d                boot_UsbSend
                0xffffffff81e02f05                boot_UsbCompletedCommand
                0xffffffff81e02f41                boot_UsbEpEnableInterrupt
                0xffffffff81e02f91                boot_UsbEpRxTransferedSize
                0xffffffff81e02fad                boot_UsbEpTransfertDone
                0xffffffff81e0305d                boot_UsbClose
                0xffffffff81e03099                boot_UsbReset
                0xffffffff81e03805                boot_UsbIrqHandler
 .rodata.str1.4
                0xffffffff81e03a1c       0x16 /cygdrive/d/projects/home/fp_trunk_rom/soft/build/8809m_fpga/int_rom_programmer/platform/chip/boot/lib/libboot_cool_profile.a(boot_usb.o)
                                         0x18 (size before relaxing)
 *fill*         0xffffffff81e03a32        0x2 00
 .rodata        0xffffffff81e03a34        0x4 /cygdrive/d/projects/home/fp_trunk_rom/soft/build/8809m_fpga/int_rom_programmer/platform/chip/boot/lib/libboot_cool_profile.a(boot_usb.o)
 *boot_usb_monitor.o(.text .text.* .rdata .rodata .rodata.str1.4 .rodata.*)
 .text          0xffffffff81e03a38      0x714 /cygdrive/d/projects/home/fp_trunk_rom/soft/build/8809m_fpga/int_rom_programmer/platform/chip/boot/lib/libboot_cool_profile.a(boot_usb_monitor.o)
                0xffffffff81e03a39                boot_HostUsbDeviceCallback
                0xffffffff81e03a45                boot_HostUsbClockEnable
                0xffffffff81e03a7d                boot_HostUsbClose
                0xffffffff81e03a8d                boot_HostUsbSend
                0xffffffff81e03bc5                boot_HostUsbEvent
                0xffffffff81e04021                boot_HostUsbRecv
                0xffffffff81e040b9                boot_HostUsbInit
                0xffffffff81e04119                boot_HostUsbOpen
 .rodata.str1.4
                0xffffffff81e0414c       0x3c /cygdrive/d/projects/home/fp_trunk_rom/soft/build/8809m_fpga/int_rom_programmer/platform/chip/boot/lib/libboot_cool_profile.a(boot_usb_monitor.o)
 .rodata        0xffffffff81e04188       0x80 /cygdrive/d/projects/home/fp_trunk_rom/soft/build/8809m_fpga/int_rom_programmer/platform/chip/boot/lib/libboot_cool_profile.a(boot_usb_monitor.o)
                0xffffffff81e04188                boot_HostUsbInterface
 *boot_romstring.o(.text .text.* .rdata .rodata .rodata.str1.4 .rodata.*)
 .text          0xffffffff81e04208        0x0 /cygdrive/d/projects/home/fp_trunk_rom/soft/build/8809m_fpga/int_rom_programmer/platform/chip/boot/lib/libboot_cool_profile.a(boot_romstring.o)
 .rodata        0xffffffff81e04208       0x44 /cygdrive/d/projects/home/fp_trunk_rom/soft/build/8809m_fpga/int_rom_programmer/platform/chip/boot/lib/libboot_cool_profile.a(boot_romstring.o)
                0xffffffff81e04208                boot_romCsString
                0xffffffff81e0423c                boot_romDT
 *boot_rom_version.o(.text .text.* .rdata .rodata .rodata.str1.4 .rodata.*)
 .text          0xffffffff81e0424c        0x0 /cygdrive/d/projects/home/fp_trunk_rom/soft/build/8809m_fpga/int_rom_programmer/platform/chip/boot/lib/libboot_cool_profile.a(boot_rom_version.o)
 .rodata        0xffffffff81e0424c       0x5c /cygdrive/d/projects/home/fp_trunk_rom/soft/build/8809m_fpga/int_rom_programmer/platform/chip/boot/lib/libboot_cool_profile.a(boot_rom_version.o)
                0xffffffff81e0424c                MutedFrame_AMR
                0xffffffff81e04254                MutedFrame_HR
                0xffffffff81e04264                MutedFrame_EFR
                0xffffffff81e04284                MutedFrame_FR
 *boot_test.o(.text .text.* .rdata .rodata .rodata.str1.4 .rodata.*)
 *boot_bist.o(.text .text.* .rdata .rodata .rodata.str1.4 .rodata.*)
 *boot_march_c_bbcp2.o(.text .text.* .rdata .rodata .rodata.str1.4 .rodata.*)
 *(.internal_rom_text)
 *(.internal_rom_rodata)
 *atoi.o(.text .text.* .rdata .rodata .rodata.str1.4 .rodata.*)
 *fill*         0xffffffff81e042a8        0x8 00
 .text          0xffffffff81e042b0       0x40 /cygdrive/d/projects/home/fp_trunk_rom/soft/build/8809m_fpga/int_rom_programmer/platform/base/std/lib/libstd_cool_profile.a(atoi.o)
                0xffffffff81e042b1                atoi
 *bsearch.o(.text .text.* .rdata .rodata .rodata.str1.4 .rodata.*)
 .text          0xffffffff81e042f0       0x60 /cygdrive/d/projects/home/fp_trunk_rom/soft/build/8809m_fpga/int_rom_programmer/platform/base/std/lib/libstd_cool_profile.a(bsearch.o)
                0xffffffff81e042f1                bsearch
 *ctype.o(.text .text.* .rdata .rodata .rodata.str1.4 .rodata.*)
 .text          0xffffffff81e04350        0x0 /cygdrive/d/projects/home/fp_trunk_rom/soft/build/8809m_fpga/int_rom_programmer/platform/base/std/lib/libstd_cool_profile.a(ctype.o)
 .rodata        0xffffffff81e04350      0x100 /cygdrive/d/projects/home/fp_trunk_rom/soft/build/8809m_fpga/int_rom_programmer/platform/base/std/lib/libstd_cool_profile.a(ctype.o)
                0xffffffff81e04350                _ctype
 *memchr.o(.text .text.* .rdata .rodata .rodata.str1.4 .rodata.*)
 .text          0xffffffff81e04450       0x40 /cygdrive/d/projects/home/fp_trunk_rom/soft/build/8809m_fpga/int_rom_programmer/platform/base/std/lib/libstd_cool_profile.a(memchr.o)
                0xffffffff81e04451                memchr
 *memcmp.o(.text .text.* .rdata .rodata .rodata.str1.4 .rodata.*)
 .text          0xffffffff81e04490       0x30 /cygdrive/d/projects/home/fp_trunk_rom/soft/build/8809m_fpga/int_rom_programmer/platform/base/std/lib/libstd_cool_profile.a(memcmp.o)
                0xffffffff81e04491                memcmp
 *memcpy.o(.text .text.* .rdata .rodata .rodata.str1.4 .rodata.*)
 .text          0xffffffff81e044c0      0x330 /cygdrive/d/projects/home/fp_trunk_rom/soft/build/8809m_fpga/int_rom_programmer/platform/base/std/lib/libstd_cool_profile.a(memcpy.o)
                0xffffffff81e044c0                memcpy
                0xffffffff81e047c0                memcpyb
 *memmove.o(.text .text.* .rdata .rodata .rodata.str1.4 .rodata.*)
 .text          0xffffffff81e047f0      0x140 /cygdrive/d/projects/home/fp_trunk_rom/soft/build/8809m_fpga/int_rom_programmer/platform/base/std/lib/libstd_cool_profile.a(memmove.o)
                0xffffffff81e047f1                memmove
 *memscan.o(.text .text.* .rdata .rodata .rodata.str1.4 .rodata.*)
 .text          0xffffffff81e04930       0x20 /cygdrive/d/projects/home/fp_trunk_rom/soft/build/8809m_fpga/int_rom_programmer/platform/base/std/lib/libstd_cool_profile.a(memscan.o)
                0xffffffff81e04931                memscan
 *memset.o(.text .text.* .rdata .rodata .rodata.str1.4 .rodata.*)
 .text          0xffffffff81e04950       0xf0 /cygdrive/d/projects/home/fp_trunk_rom/soft/build/8809m_fpga/int_rom_programmer/platform/base/std/lib/libstd_cool_profile.a(memset.o)
                0xffffffff81e04950                memset
 *qsort.o(.text .text.* .rdata .rodata .rodata.str1.4 .rodata.*)
 .text          0xffffffff81e04a40      0x2e0 /cygdrive/d/projects/home/fp_trunk_rom/soft/build/8809m_fpga/int_rom_programmer/platform/base/std/lib/libstd_cool_profile.a(qsort.o)
                0xffffffff81e04cf1                qsort
 *strcat.o(.text .text.* .rdata .rodata .rodata.str1.4 .rodata.*)
 .text          0xffffffff81e04d20       0x20 /cygdrive/d/projects/home/fp_trunk_rom/soft/build/8809m_fpga/int_rom_programmer/platform/base/std/lib/libstd_cool_profile.a(strcat.o)
                0xffffffff81e04d21                strcat
 *strchr.o(.text .text.* .rdata .rodata .rodata.str1.4 .rodata.*)
 .text          0xffffffff81e04d40       0x50 /cygdrive/d/projects/home/fp_trunk_rom/soft/build/8809m_fpga/int_rom_programmer/platform/base/std/lib/libstd_cool_profile.a(strchr.o)
                0xffffffff81e04d41                strchr
                0xffffffff81e04d71                strrchr
 *strcmp.o(.text .text.* .rdata .rodata .rodata.str1.4 .rodata.*)
 .text          0xffffffff81e04d90       0x40 /cygdrive/d/projects/home/fp_trunk_rom/soft/build/8809m_fpga/int_rom_programmer/platform/base/std/lib/libstd_cool_profile.a(strcmp.o)
                0xffffffff81e04d91                strcmp
 *strcpy.o(.text .text.* .rdata .rodata .rodata.str1.4 .rodata.*)
 .text          0xffffffff81e04dd0       0x20 /cygdrive/d/projects/home/fp_trunk_rom/soft/build/8809m_fpga/int_rom_programmer/platform/base/std/lib/libstd_cool_profile.a(strcpy.o)
                0xffffffff81e04dd1                strcpy
 *strcspn.o(.text .text.* .rdata .rodata .rodata.str1.4 .rodata.*)
 .text          0xffffffff81e04df0       0x40 /cygdrive/d/projects/home/fp_trunk_rom/soft/build/8809m_fpga/int_rom_programmer/platform/base/std/lib/libstd_cool_profile.a(strcspn.o)
                0xffffffff81e04df1                strcspn
 *strlen.o(.text .text.* .rdata .rodata .rodata.str1.4 .rodata.*)
 .text          0xffffffff81e04e30       0x40 /cygdrive/d/projects/home/fp_trunk_rom/soft/build/8809m_fpga/int_rom_programmer/platform/base/std/lib/libstd_cool_profile.a(strlen.o)
                0xffffffff81e04e31                strlen
                0xffffffff81e04e51                strnlen
 *strncat.o(.text .text.* .rdata .rodata .rodata.str1.4 .rodata.*)
 .text          0xffffffff81e04e70       0x50 /cygdrive/d/projects/home/fp_trunk_rom/soft/build/8809m_fpga/int_rom_programmer/platform/base/std/lib/libstd_cool_profile.a(strncat.o)
                0xffffffff81e04e71                strncat
 *strncmp.o(.text .text.* .rdata .rodata .rodata.str1.4 .rodata.*)
 .text          0xffffffff81e04ec0       0x40 /cygdrive/d/projects/home/fp_trunk_rom/soft/build/8809m_fpga/int_rom_programmer/platform/base/std/lib/libstd_cool_profile.a(strncmp.o)
                0xffffffff81e04ec1                strncmp
 *strncpy.o(.text .text.* .rdata .rodata .rodata.str1.4 .rodata.*)
 .text          0xffffffff81e04f00       0x40 /cygdrive/d/projects/home/fp_trunk_rom/soft/build/8809m_fpga/int_rom_programmer/platform/base/std/lib/libstd_cool_profile.a(strncpy.o)
                0xffffffff81e04f01                strncpy
 *strnicmp.o(.text .text.* .rdata .rodata .rodata.str1.4 .rodata.*)
 .text          0xffffffff81e04f40       0x80 /cygdrive/d/projects/home/fp_trunk_rom/soft/build/8809m_fpga/int_rom_programmer/platform/base/std/lib/libstd_cool_profile.a(strnicmp.o)
                0xffffffff81e04f41                strnicmp
 *strsep.o(.text .text.* .rdata .rodata .rodata.str1.4 .rodata.*)
 .text          0xffffffff81e04fc0       0x40 /cygdrive/d/projects/home/fp_trunk_rom/soft/build/8809m_fpga/int_rom_programmer/platform/base/std/lib/libstd_cool_profile.a(strsep.o)
                0xffffffff81e04fc1                strsep
 *strspn.o(.text .text.* .rdata .rodata .rodata.str1.4 .rodata.*)
 .text          0xffffffff81e05000       0x30 /cygdrive/d/projects/home/fp_trunk_rom/soft/build/8809m_fpga/int_rom_programmer/platform/base/std/lib/libstd_cool_profile.a(strspn.o)
                0xffffffff81e05001                strspn
 *strstr.o(.text .text.* .rdata .rodata .rodata.str1.4 .rodata.*)
 .text          0xffffffff81e05030       0x60 /cygdrive/d/projects/home/fp_trunk_rom/soft/build/8809m_fpga/int_rom_programmer/platform/base/std/lib/libstd_cool_profile.a(strstr.o)
                0xffffffff81e05031                strstr
 *strtok.o(.text .text.* .rdata .rodata .rodata.str1.4 .rodata.*)
 .text          0xffffffff81e05090       0xa0 /cygdrive/d/projects/home/fp_trunk_rom/soft/build/8809m_fpga/int_rom_programmer/platform/base/std/lib/libstd_cool_profile.a(strtok.o)
                0xffffffff81e05091                strtok_r
                0xffffffff81e05111                strtok
 *strtol.o(.text .text.* .rdata .rodata .rodata.str1.4 .rodata.*)
 .text          0xffffffff81e05130      0x1c0 /cygdrive/d/projects/home/fp_trunk_rom/soft/build/8809m_fpga/int_rom_programmer/platform/base/std/lib/libstd_cool_profile.a(strtol.o)
                0xffffffff81e05131                strtol
 *strtoul.o(.text .text.* .rdata .rodata .rodata.str1.4 .rodata.*)
 .text          0xffffffff81e052f0      0x190 /cygdrive/d/projects/home/fp_trunk_rom/soft/build/8809m_fpga/int_rom_programmer/platform/base/std/lib/libstd_cool_profile.a(strtoul.o)
                0xffffffff81e052f1                strtoul
 *vsprintf.o(.text .text.* .rdata .rodata .rodata.str1.4 .rodata.*)
 .text          0xffffffff81e05480      0x6f0 /cygdrive/d/projects/home/fp_trunk_rom/soft/build/8809m_fpga/int_rom_programmer/platform/base/std/lib/libstd_cool_profile.a(vsprintf.o)
                0xffffffff81e05671                vsnprintf
                0xffffffff81e05b11                vsprintf
                0xffffffff81e05b31                snprintf
                0xffffffff81e05b51                sprintf
 .rodata.str1.4
                0xffffffff81e05b70       0x25 /cygdrive/d/projects/home/fp_trunk_rom/soft/build/8809m_fpga/int_rom_programmer/platform/base/std/lib/libstd_cool_profile.a(vsprintf.o)
                                         0x28 (size before relaxing)
                0xffffffff81e05ba0                . = ALIGN (0x10)
 *fill*         0xffffffff81e05b95        0xb 00
                0xffffffff81e05ba0                __int_rom_end = .
                0xffffffffa1c000a0                . = 0xffffffffa1c000a0

.rom_entries_uncached
                0xffffffffa1c000a0       0x18
                0xffffffffa1c000a0                _hstMonitorXCtx_start = .
 *boot_host.o(.sram_hst_monitor_ctx)
 .sram_hst_monitor_ctx
                0xffffffffa1c000a0       0x18 /cygdrive/d/projects/home/fp_trunk_rom/soft/build/8809m_fpga/int_rom_programmer/platform/chip/boot/lib/libboot_cool_profile.a(boot_host.o)
                0xffffffffa1c000a0                boot_HstMonitorXCtx
                0xffffffffa1c000b4                boot_HstMonitorExtendedHandler
                0xffffffffa1c000b8                . = ALIGN (0x4)
                0xffffffff81c000b8                . = (. - 0x20000000)

.rom_entries_cached
                0xffffffff81c000b8      0x130
 *boot_host.o(.data .data.* .bss .bss.* .scommon COMMON)
 .data          0xffffffff81c000b8        0x0 /cygdrive/d/projects/home/fp_trunk_rom/soft/build/8809m_fpga/int_rom_programmer/platform/chip/boot/lib/libboot_cool_profile.a(boot_host.o)
 .bss           0xffffffff81c000b8        0x0 /cygdrive/d/projects/home/fp_trunk_rom/soft/build/8809m_fpga/int_rom_programmer/platform/chip/boot/lib/libboot_cool_profile.a(boot_host.o)
 *boot_ram.o(.data .data.* .bss .bss.* .scommon COMMON)
 .data          0xffffffff81c000b8       0x18 /cygdrive/d/projects/home/fp_trunk_rom/soft/build/8809m_fpga/int_rom_programmer/platform/chip/boot/lib/libboot_cool_profile.a(boot_ram.o)
                0xffffffff81c000b8                xcpu_error_code
                0xffffffff81c000bc                xcpu_error_status
                0xffffffff81c000c0                xcpu_sp_context
                0xffffffff81c000c4                sxr_IrqStack_pointer
                0xffffffff81c000c8                g_bootResetCause
                0xffffffff81c000cc                g_bootBootMode
 .bss           0xffffffff81c000d0        0x0 /cygdrive/d/projects/home/fp_trunk_rom/soft/build/8809m_fpga/int_rom_programmer/platform/chip/boot/lib/libboot_cool_profile.a(boot_ram.o)
 *boot_uart_monitor.o(.data .data.* .bss .bss.* .scommon COMMON)
 .data          0xffffffff81c000d0        0x0 /cygdrive/d/projects/home/fp_trunk_rom/soft/build/8809m_fpga/int_rom_programmer/platform/chip/boot/lib/libboot_cool_profile.a(boot_uart_monitor.o)
 .bss           0xffffffff81c000d0        0x1 /cygdrive/d/projects/home/fp_trunk_rom/soft/build/8809m_fpga/int_rom_programmer/platform/chip/boot/lib/libboot_cool_profile.a(boot_uart_monitor.o)
                0xffffffff81c000d0                g_bootUartMonitorBrDetected
 *fill*         0xffffffff81c000d1        0x3 00
 .scommon       0xffffffff81c000d4        0x4 /cygdrive/d/projects/home/fp_trunk_rom/soft/build/8809m_fpga/int_rom_programmer/platform/chip/boot/lib/libboot_cool_profile.a(boot_uart_monitor.o)
                0xffffffff81c000d4                g_bootUartMonitorBaudRate
 *boot_rom.o(.data .data.* .bss .bss.* .scommon COMMON)
 .data          0xffffffff81c000d8        0x0 /cygdrive/d/projects/home/fp_trunk_rom/soft/build/8809m_fpga/int_rom_programmer/platform/chip/boot/lib/libboot_cool_profile.a(boot_rom.o)
 .bss           0xffffffff81c000d8        0x0 /cygdrive/d/projects/home/fp_trunk_rom/soft/build/8809m_fpga/int_rom_programmer/platform/chip/boot/lib/libboot_cool_profile.a(boot_rom.o)
 *boot_monitor.o(.data .data.* .bss .bss.* .scommon COMMON)
 .data          0xffffffff81c000d8        0x0 /cygdrive/d/projects/home/fp_trunk_rom/soft/build/8809m_fpga/int_rom_programmer/platform/chip/boot/lib/libboot_cool_profile.a(boot_monitor.o)
 .bss           0xffffffff81c000d8        0x0 /cygdrive/d/projects/home/fp_trunk_rom/soft/build/8809m_fpga/int_rom_programmer/platform/chip/boot/lib/libboot_cool_profile.a(boot_monitor.o)
 *boot_ram.o(.data .data.* .bss .bss.* .scommon COMMON)
 *boot_uart_monitor.o(.data .data.* .bss .bss.* .scommon COMMON)
 *boot_ispi.o(.data .data.* .bss .bss.* .scommon COMMON)
 .data          0xffffffff81c000d8        0x4 /cygdrive/d/projects/home/fp_trunk_rom/soft/build/8809m_fpga/int_rom_programmer/platform/chip/boot/lib/libboot_cool_profile.a(boot_ispi.o)
 .bss           0xffffffff81c000dc        0x0 /cygdrive/d/projects/home/fp_trunk_rom/soft/build/8809m_fpga/int_rom_programmer/platform/chip/boot/lib/libboot_cool_profile.a(boot_ispi.o)
 *boot_usb.o(.data .data.* .bss .bss.* .scommon COMMON)
 .data          0xffffffff81c000dc        0x0 /cygdrive/d/projects/home/fp_trunk_rom/soft/build/8809m_fpga/int_rom_programmer/platform/chip/boot/lib/libboot_cool_profile.a(boot_usb.o)
 .bss           0xffffffff81c000dc       0x80 /cygdrive/d/projects/home/fp_trunk_rom/soft/build/8809m_fpga/int_rom_programmer/platform/chip/boot/lib/libboot_cool_profile.a(boot_usb.o)
 COMMON         0xffffffff81c0015c       0x5c /cygdrive/d/projects/home/fp_trunk_rom/soft/build/8809m_fpga/int_rom_programmer/platform/chip/boot/lib/libboot_cool_profile.a(boot_usb.o)
                0xffffffff81c0015c                g_BootUsbVar
 *boot_usb_monitor.o(.data .data.* .bss .bss.* .scommon COMMON)
 .data          0xffffffff81c001b8        0x0 /cygdrive/d/projects/home/fp_trunk_rom/soft/build/8809m_fpga/int_rom_programmer/platform/chip/boot/lib/libboot_cool_profile.a(boot_usb_monitor.o)
 .bss           0xffffffff81c001b8       0x24 /cygdrive/d/projects/home/fp_trunk_rom/soft/build/8809m_fpga/int_rom_programmer/platform/chip/boot/lib/libboot_cool_profile.a(boot_usb_monitor.o)
 *boot_irq_dispatch.o(.data .data.* .bss .bss.* .scommon COMMON)
 .data          0xffffffff81c001dc        0x0 /cygdrive/d/projects/home/fp_trunk_rom/soft/build/8809m_fpga/int_rom_programmer/platform/chip/boot/lib/libboot_cool_profile.a(boot_irq_dispatch.o)
 .bss           0xffffffff81c001dc        0x0 /cygdrive/d/projects/home/fp_trunk_rom/soft/build/8809m_fpga/int_rom_programmer/platform/chip/boot/lib/libboot_cool_profile.a(boot_irq_dispatch.o)
 *atoi.o(.data .data.* .bss .bss.* .scommon COMMON)
 .data          0xffffffff81c001dc        0x0 /cygdrive/d/projects/home/fp_trunk_rom/soft/build/8809m_fpga/int_rom_programmer/platform/base/std/lib/libstd_cool_profile.a(atoi.o)
 .bss           0xffffffff81c001dc        0x0 /cygdrive/d/projects/home/fp_trunk_rom/soft/build/8809m_fpga/int_rom_programmer/platform/base/std/lib/libstd_cool_profile.a(atoi.o)
 *bsearch.o(.data .data.* .bss .bss.* .scommon COMMON)
 .data          0xffffffff81c001dc        0x0 /cygdrive/d/projects/home/fp_trunk_rom/soft/build/8809m_fpga/int_rom_programmer/platform/base/std/lib/libstd_cool_profile.a(bsearch.o)
 .bss           0xffffffff81c001dc        0x0 /cygdrive/d/projects/home/fp_trunk_rom/soft/build/8809m_fpga/int_rom_programmer/platform/base/std/lib/libstd_cool_profile.a(bsearch.o)
 *ctype.o(.data .data.* .bss .bss.* .scommon COMMON)
 .data          0xffffffff81c001dc        0x0 /cygdrive/d/projects/home/fp_trunk_rom/soft/build/8809m_fpga/int_rom_programmer/platform/base/std/lib/libstd_cool_profile.a(ctype.o)
 .bss           0xffffffff81c001dc        0x0 /cygdrive/d/projects/home/fp_trunk_rom/soft/build/8809m_fpga/int_rom_programmer/platform/base/std/lib/libstd_cool_profile.a(ctype.o)
 *memchr.o(.data .data.* .bss .bss.* .scommon COMMON)
 .data          0xffffffff81c001dc        0x0 /cygdrive/d/projects/home/fp_trunk_rom/soft/build/8809m_fpga/int_rom_programmer/platform/base/std/lib/libstd_cool_profile.a(memchr.o)
 .bss           0xffffffff81c001dc        0x0 /cygdrive/d/projects/home/fp_trunk_rom/soft/build/8809m_fpga/int_rom_programmer/platform/base/std/lib/libstd_cool_profile.a(memchr.o)
 *memcmp.o(.data .data.* .bss .bss.* .scommon COMMON)
 .data          0xffffffff81c001dc        0x0 /cygdrive/d/projects/home/fp_trunk_rom/soft/build/8809m_fpga/int_rom_programmer/platform/base/std/lib/libstd_cool_profile.a(memcmp.o)
 .bss           0xffffffff81c001dc        0x0 /cygdrive/d/projects/home/fp_trunk_rom/soft/build/8809m_fpga/int_rom_programmer/platform/base/std/lib/libstd_cool_profile.a(memcmp.o)
 *memcpy.o(.data .data.* .bss .bss.* .scommon COMMON)
 .data          0xffffffff81c001dc        0x0 /cygdrive/d/projects/home/fp_trunk_rom/soft/build/8809m_fpga/int_rom_programmer/platform/base/std/lib/libstd_cool_profile.a(memcpy.o)
 .bss           0xffffffff81c001dc        0x0 /cygdrive/d/projects/home/fp_trunk_rom/soft/build/8809m_fpga/int_rom_programmer/platform/base/std/lib/libstd_cool_profile.a(memcpy.o)
 *memmove.o(.data .data.* .bss .bss.* .scommon COMMON)
 .data          0xffffffff81c001dc        0x0 /cygdrive/d/projects/home/fp_trunk_rom/soft/build/8809m_fpga/int_rom_programmer/platform/base/std/lib/libstd_cool_profile.a(memmove.o)
 .bss           0xffffffff81c001dc        0x0 /cygdrive/d/projects/home/fp_trunk_rom/soft/build/8809m_fpga/int_rom_programmer/platform/base/std/lib/libstd_cool_profile.a(memmove.o)
 *memscan.o(.data .data.* .bss .bss.* .scommon COMMON)
 .data          0xffffffff81c001dc        0x0 /cygdrive/d/projects/home/fp_trunk_rom/soft/build/8809m_fpga/int_rom_programmer/platform/base/std/lib/libstd_cool_profile.a(memscan.o)
 .bss           0xffffffff81c001dc        0x0 /cygdrive/d/projects/home/fp_trunk_rom/soft/build/8809m_fpga/int_rom_programmer/platform/base/std/lib/libstd_cool_profile.a(memscan.o)
 *memset.o(.data .data.* .bss .bss.* .scommon COMMON)
 .data          0xffffffff81c001dc        0x0 /cygdrive/d/projects/home/fp_trunk_rom/soft/build/8809m_fpga/int_rom_programmer/platform/base/std/lib/libstd_cool_profile.a(memset.o)
 .bss           0xffffffff81c001dc        0x0 /cygdrive/d/projects/home/fp_trunk_rom/soft/build/8809m_fpga/int_rom_programmer/platform/base/std/lib/libstd_cool_profile.a(memset.o)
 *qsort.o(.data .data.* .bss .bss.* .scommon COMMON)
 .data          0xffffffff81c001dc        0x0 /cygdrive/d/projects/home/fp_trunk_rom/soft/build/8809m_fpga/int_rom_programmer/platform/base/std/lib/libstd_cool_profile.a(qsort.o)
 .bss           0xffffffff81c001dc        0x8 /cygdrive/d/projects/home/fp_trunk_rom/soft/build/8809m_fpga/int_rom_programmer/platform/base/std/lib/libstd_cool_profile.a(qsort.o)
 *strcat.o(.data .data.* .bss .bss.* .scommon COMMON)
 .data          0xffffffff81c001e4        0x0 /cygdrive/d/projects/home/fp_trunk_rom/soft/build/8809m_fpga/int_rom_programmer/platform/base/std/lib/libstd_cool_profile.a(strcat.o)
 .bss           0xffffffff81c001e4        0x0 /cygdrive/d/projects/home/fp_trunk_rom/soft/build/8809m_fpga/int_rom_programmer/platform/base/std/lib/libstd_cool_profile.a(strcat.o)
 *strchr.o(.data .data.* .bss .bss.* .scommon COMMON)
 .data          0xffffffff81c001e4        0x0 /cygdrive/d/projects/home/fp_trunk_rom/soft/build/8809m_fpga/int_rom_programmer/platform/base/std/lib/libstd_cool_profile.a(strchr.o)
 .bss           0xffffffff81c001e4        0x0 /cygdrive/d/projects/home/fp_trunk_rom/soft/build/8809m_fpga/int_rom_programmer/platform/base/std/lib/libstd_cool_profile.a(strchr.o)
 *strcmp.o(.data .data.* .bss .bss.* .scommon COMMON)
 .data          0xffffffff81c001e4        0x0 /cygdrive/d/projects/home/fp_trunk_rom/soft/build/8809m_fpga/int_rom_programmer/platform/base/std/lib/libstd_cool_profile.a(strcmp.o)
 .bss           0xffffffff81c001e4        0x0 /cygdrive/d/projects/home/fp_trunk_rom/soft/build/8809m_fpga/int_rom_programmer/platform/base/std/lib/libstd_cool_profile.a(strcmp.o)
 *strcpy.o(.data .data.* .bss .bss.* .scommon COMMON)
 .data          0xffffffff81c001e4        0x0 /cygdrive/d/projects/home/fp_trunk_rom/soft/build/8809m_fpga/int_rom_programmer/platform/base/std/lib/libstd_cool_profile.a(strcpy.o)
 .bss           0xffffffff81c001e4        0x0 /cygdrive/d/projects/home/fp_trunk_rom/soft/build/8809m_fpga/int_rom_programmer/platform/base/std/lib/libstd_cool_profile.a(strcpy.o)
 *strcspn.o(.data .data.* .bss .bss.* .scommon COMMON)
 .data          0xffffffff81c001e4        0x0 /cygdrive/d/projects/home/fp_trunk_rom/soft/build/8809m_fpga/int_rom_programmer/platform/base/std/lib/libstd_cool_profile.a(strcspn.o)
 .bss           0xffffffff81c001e4        0x0 /cygdrive/d/projects/home/fp_trunk_rom/soft/build/8809m_fpga/int_rom_programmer/platform/base/std/lib/libstd_cool_profile.a(strcspn.o)
 *strlen.o(.data .data.* .bss .bss.* .scommon COMMON)
 .data          0xffffffff81c001e4        0x0 /cygdrive/d/projects/home/fp_trunk_rom/soft/build/8809m_fpga/int_rom_programmer/platform/base/std/lib/libstd_cool_profile.a(strlen.o)
 .bss           0xffffffff81c001e4        0x0 /cygdrive/d/projects/home/fp_trunk_rom/soft/build/8809m_fpga/int_rom_programmer/platform/base/std/lib/libstd_cool_profile.a(strlen.o)
 *strncat.o(.data .data.* .bss .bss.* .scommon COMMON)
 .data          0xffffffff81c001e4        0x0 /cygdrive/d/projects/home/fp_trunk_rom/soft/build/8809m_fpga/int_rom_programmer/platform/base/std/lib/libstd_cool_profile.a(strncat.o)
 .bss           0xffffffff81c001e4        0x0 /cygdrive/d/projects/home/fp_trunk_rom/soft/build/8809m_fpga/int_rom_programmer/platform/base/std/lib/libstd_cool_profile.a(strncat.o)
 *strncmp.o(.data .data.* .bss .bss.* .scommon COMMON)
 .data          0xffffffff81c001e4        0x0 /cygdrive/d/projects/home/fp_trunk_rom/soft/build/8809m_fpga/int_rom_programmer/platform/base/std/lib/libstd_cool_profile.a(strncmp.o)
 .bss           0xffffffff81c001e4        0x0 /cygdrive/d/projects/home/fp_trunk_rom/soft/build/8809m_fpga/int_rom_programmer/platform/base/std/lib/libstd_cool_profile.a(strncmp.o)
 *strncpy.o(.data .data.* .bss .bss.* .scommon COMMON)
 .data          0xffffffff81c001e4        0x0 /cygdrive/d/projects/home/fp_trunk_rom/soft/build/8809m_fpga/int_rom_programmer/platform/base/std/lib/libstd_cool_profile.a(strncpy.o)
 .bss           0xffffffff81c001e4        0x0 /cygdrive/d/projects/home/fp_trunk_rom/soft/build/8809m_fpga/int_rom_programmer/platform/base/std/lib/libstd_cool_profile.a(strncpy.o)
 *strnicmp.o(.data .data.* .bss .bss.* .scommon COMMON)
 .data          0xffffffff81c001e4        0x0 /cygdrive/d/projects/home/fp_trunk_rom/soft/build/8809m_fpga/int_rom_programmer/platform/base/std/lib/libstd_cool_profile.a(strnicmp.o)
 .bss           0xffffffff81c001e4        0x0 /cygdrive/d/projects/home/fp_trunk_rom/soft/build/8809m_fpga/int_rom_programmer/platform/base/std/lib/libstd_cool_profile.a(strnicmp.o)
 *strsep.o(.data .data.* .bss .bss.* .scommon COMMON)
 .data          0xffffffff81c001e4        0x0 /cygdrive/d/projects/home/fp_trunk_rom/soft/build/8809m_fpga/int_rom_programmer/platform/base/std/lib/libstd_cool_profile.a(strsep.o)
 .bss           0xffffffff81c001e4        0x0 /cygdrive/d/projects/home/fp_trunk_rom/soft/build/8809m_fpga/int_rom_programmer/platform/base/std/lib/libstd_cool_profile.a(strsep.o)
 *strspn.o(.data .data.* .bss .bss.* .scommon COMMON)
 .data          0xffffffff81c001e4        0x0 /cygdrive/d/projects/home/fp_trunk_rom/soft/build/8809m_fpga/int_rom_programmer/platform/base/std/lib/libstd_cool_profile.a(strspn.o)
 .bss           0xffffffff81c001e4        0x0 /cygdrive/d/projects/home/fp_trunk_rom/soft/build/8809m_fpga/int_rom_programmer/platform/base/std/lib/libstd_cool_profile.a(strspn.o)
 *strstr.o(.data .data.* .bss .bss.* .scommon COMMON)
 .data          0xffffffff81c001e4        0x0 /cygdrive/d/projects/home/fp_trunk_rom/soft/build/8809m_fpga/int_rom_programmer/platform/base/std/lib/libstd_cool_profile.a(strstr.o)
 .bss           0xffffffff81c001e4        0x0 /cygdrive/d/projects/home/fp_trunk_rom/soft/build/8809m_fpga/int_rom_programmer/platform/base/std/lib/libstd_cool_profile.a(strstr.o)
 *strtok.o(.data .data.* .bss .bss.* .scommon COMMON)
 .data          0xffffffff81c001e4        0x0 /cygdrive/d/projects/home/fp_trunk_rom/soft/build/8809m_fpga/int_rom_programmer/platform/base/std/lib/libstd_cool_profile.a(strtok.o)
 .bss           0xffffffff81c001e4        0x4 /cygdrive/d/projects/home/fp_trunk_rom/soft/build/8809m_fpga/int_rom_programmer/platform/base/std/lib/libstd_cool_profile.a(strtok.o)
 *strtol.o(.data .data.* .bss .bss.* .scommon COMMON)
 .data          0xffffffff81c001e8        0x0 /cygdrive/d/projects/home/fp_trunk_rom/soft/build/8809m_fpga/int_rom_programmer/platform/base/std/lib/libstd_cool_profile.a(strtol.o)
 .bss           0xffffffff81c001e8        0x0 /cygdrive/d/projects/home/fp_trunk_rom/soft/build/8809m_fpga/int_rom_programmer/platform/base/std/lib/libstd_cool_profile.a(strtol.o)
 *strtoul.o(.data .data.* .bss .bss.* .scommon COMMON)
 .data          0xffffffff81c001e8        0x0 /cygdrive/d/projects/home/fp_trunk_rom/soft/build/8809m_fpga/int_rom_programmer/platform/base/std/lib/libstd_cool_profile.a(strtoul.o)
 .bss           0xffffffff81c001e8        0x0 /cygdrive/d/projects/home/fp_trunk_rom/soft/build/8809m_fpga/int_rom_programmer/platform/base/std/lib/libstd_cool_profile.a(strtoul.o)
 *vsprintf.o(.data .data.* .bss .bss.* .scommon COMMON)
 .data          0xffffffff81c001e8        0x0 /cygdrive/d/projects/home/fp_trunk_rom/soft/build/8809m_fpga/int_rom_programmer/platform/base/std/lib/libstd_cool_profile.a(vsprintf.o)
 .bss           0xffffffff81c001e8        0x0 /cygdrive/d/projects/home/fp_trunk_rom/soft/build/8809m_fpga/int_rom_programmer/platform/base/std/lib/libstd_cool_profile.a(vsprintf.o)
                0xffffffff81c001e8                __int_rom_reserved_end = .
                0x0000000000000001                ASSERT ((ABSOLUTE (__int_rom_reserved_end) <= 0xffffffff81c00220), Reserved Ram Reserved for Rom Overflowed)

.sram_romed_top
                0xffffffff81c0fffc        0x0
                0xffffffff81c0fffc                _sys_sram_non_romed_top = .

.boot_rom_version_number
                0xffffffff81e05ff8        0x4
                0xffffffff81e05ff8                _int_rom_version_number = .
 *(.boot_rom_version_number)
 .boot_rom_version_number
                0xffffffff81e05ff8        0x4 /cygdrive/d/projects/home/fp_trunk_rom/soft/build/8809m_fpga/int_rom_programmer/platform/chip/boot/lib/libboot_cool_profile.a(boot_rom_version.o)
                0xffffffff81e05ff8                g_bootRomVersionNumber

.internal_rom.crc
                0xffffffff81e05ffc        0x4
                0xffffffff81e05ffc                __int_rom_crc = .
                0xffffffff81e05ffc        0x4 LONG 0xc001c001

/DISCARD/
 *(*)
START GROUP
LOAD /cygdrive/d/projects/home/fp_trunk_rom/soft/build/8809m_fpga/int_rom_programmer/platform/base/std/lib/libstd_cool_profile.a
LOAD /cygdrive/d/projects/home/fp_trunk_rom/soft/build/8809m_fpga/int_rom_programmer/platform/chip/bcpu/lib/libbcpu_cool_profile.a
LOAD /cygdrive/d/projects/home/fp_trunk_rom/soft/build/8809m_fpga/int_rom_programmer/platform/chip/boot/lib/libboot_cool_profile.a
END GROUP
LOAD /crosscompiler/bin/../lib/gcc/mips-elf/4.4.2/libgcc.a
OUTPUT(/cygdrive/d/projects/home/fp_trunk_rom/soft/build/8809m_fpga/int_rom_programmer/platform_test/rom/int_rom_programmer/int_rom_programmer_fpga_8809m_fpga_cool_profile.elf elf32-littlemips)
