Archive member included because of file (symbol)

/home/local/RDAMICRO/deqikong/projects/fpcommit/soft/build/8809z_fpga/int_rom_programmer/platform/base/std/lib/libstd_cool_profile.a(atoi.o)
                              (atoi)
/home/local/RDAMICRO/deqikong/projects/fpcommit/soft/build/8809z_fpga/int_rom_programmer/platform/base/std/lib/libstd_cool_profile.a(bsearch.o)
                              (bsearch)
/home/local/RDAMICRO/deqikong/projects/fpcommit/soft/build/8809z_fpga/int_rom_programmer/platform/base/std/lib/libstd_cool_profile.a(ctype.o)
                              (_ctype)
/home/local/RDAMICRO/deqikong/projects/fpcommit/soft/build/8809z_fpga/int_rom_programmer/platform/base/std/lib/libstd_cool_profile.a(memchr.o)
                              (memchr)
/home/local/RDAMICRO/deqikong/projects/fpcommit/soft/build/8809z_fpga/int_rom_programmer/platform/base/std/lib/libstd_cool_profile.a(memcmp.o)
                              (memcmp)
/home/local/RDAMICRO/deqikong/projects/fpcommit/soft/build/8809z_fpga/int_rom_programmer/platform/base/std/lib/libstd_cool_profile.a(memcpy.o)
                              (memcpy)
/home/local/RDAMICRO/deqikong/projects/fpcommit/soft/build/8809z_fpga/int_rom_programmer/platform/base/std/lib/libstd_cool_profile.a(memmove.o)
                              (memmove)
/home/local/RDAMICRO/deqikong/projects/fpcommit/soft/build/8809z_fpga/int_rom_programmer/platform/base/std/lib/libstd_cool_profile.a(memscan.o)
                              (memscan)
/home/local/RDAMICRO/deqikong/projects/fpcommit/soft/build/8809z_fpga/int_rom_programmer/platform/base/std/lib/libstd_cool_profile.a(memset.o)
                              (memset)
/home/local/RDAMICRO/deqikong/projects/fpcommit/soft/build/8809z_fpga/int_rom_programmer/platform/base/std/lib/libstd_cool_profile.a(qsort.o)
                              (qsort)
/home/local/RDAMICRO/deqikong/projects/fpcommit/soft/build/8809z_fpga/int_rom_programmer/platform/base/std/lib/libstd_cool_profile.a(strcat.o)
                              (strcat)
/home/local/RDAMICRO/deqikong/projects/fpcommit/soft/build/8809z_fpga/int_rom_programmer/platform/base/std/lib/libstd_cool_profile.a(strchr.o)
                              (strchr)
/home/local/RDAMICRO/deqikong/projects/fpcommit/soft/build/8809z_fpga/int_rom_programmer/platform/base/std/lib/libstd_cool_profile.a(strcmp.o)
                              (strcmp)
/home/local/RDAMICRO/deqikong/projects/fpcommit/soft/build/8809z_fpga/int_rom_programmer/platform/base/std/lib/libstd_cool_profile.a(strcpy.o)
                              (strcpy)
/home/local/RDAMICRO/deqikong/projects/fpcommit/soft/build/8809z_fpga/int_rom_programmer/platform/base/std/lib/libstd_cool_profile.a(strcspn.o)
                              (strcspn)
/home/local/RDAMICRO/deqikong/projects/fpcommit/soft/build/8809z_fpga/int_rom_programmer/platform/base/std/lib/libstd_cool_profile.a(strlen.o)
                              (strlen)
/home/local/RDAMICRO/deqikong/projects/fpcommit/soft/build/8809z_fpga/int_rom_programmer/platform/base/std/lib/libstd_cool_profile.a(strncat.o)
                              (strncat)
/home/local/RDAMICRO/deqikong/projects/fpcommit/soft/build/8809z_fpga/int_rom_programmer/platform/base/std/lib/libstd_cool_profile.a(strncmp.o)
                              (strncmp)
/home/local/RDAMICRO/deqikong/projects/fpcommit/soft/build/8809z_fpga/int_rom_programmer/platform/base/std/lib/libstd_cool_profile.a(strncpy.o)
                              (strncpy)
/home/local/RDAMICRO/deqikong/projects/fpcommit/soft/build/8809z_fpga/int_rom_programmer/platform/base/std/lib/libstd_cool_profile.a(strnicmp.o)
                              (strnicmp)
/home/local/RDAMICRO/deqikong/projects/fpcommit/soft/build/8809z_fpga/int_rom_programmer/platform/base/std/lib/libstd_cool_profile.a(strsep.o)
                              (strsep)
/home/local/RDAMICRO/deqikong/projects/fpcommit/soft/build/8809z_fpga/int_rom_programmer/platform/base/std/lib/libstd_cool_profile.a(strspn.o)
                              (strspn)
/home/local/RDAMICRO/deqikong/projects/fpcommit/soft/build/8809z_fpga/int_rom_programmer/platform/base/std/lib/libstd_cool_profile.a(strstr.o)
                              (strstr)
/home/local/RDAMICRO/deqikong/projects/fpcommit/soft/build/8809z_fpga/int_rom_programmer/platform/base/std/lib/libstd_cool_profile.a(strtok.o)
                              (strtok_r)
/home/local/RDAMICRO/deqikong/projects/fpcommit/soft/build/8809z_fpga/int_rom_programmer/platform/base/std/lib/libstd_cool_profile.a(strtol.o)
                              (strtol)
/home/local/RDAMICRO/deqikong/projects/fpcommit/soft/build/8809z_fpga/int_rom_programmer/platform/base/std/lib/libstd_cool_profile.a(strtoul.o)
                              (strtoul)
/home/local/RDAMICRO/deqikong/projects/fpcommit/soft/build/8809z_fpga/int_rom_programmer/platform/base/std/lib/libstd_cool_profile.a(vsprintf.o)
                              (vsnprintf)
[...]
Memory Configuration

Name             Origin             Length             Attributes
*default*        0x0000000000000000 0xffffffffffffffff

Linker script and memory map

LOAD /home/local/RDAMICRO/deqikong/projects/fpcommit/soft/build/8809z_fpga/int_rom_programmer/platform_test/rom/int_rom_programmer/obj/cool_profile/stub.o
                0xffffffff81e00000                . = 0xffffffff81e00000
                0xffffffff81e00000                __int_rom_main = .
                0xffffffff81e00000                _int_rom_start = .

.internal_rom   0xffffffff81e00000     0x51f0
 *boot_rom.o(.text .text.* .rdata .rodata .rodata.str1.4 .rodata.*)
 .text          0xffffffff81e00000      0x400 /home/local/RDAMICRO/deqikong/projects/fpcommit/soft/build/8809z_fpga/int_rom_programmer/platform/chip/boot/lib/libboot_cool_profile.a(boot_rom.o)
                0xffffffff81e00000                __xcpu_start
                0xffffffff81e00180                _boot_IrqHandler
                0xffffffff81e002d0                boot_HstMonitorX
                0xffffffff81e00330                boot_DbgExlTrigFunction0
                0xffffffff81e00358                monitor_entry
                0xffffffff81e0035c                initial_stack_top_var
                0xffffffff81e00360                boot_InvalidCache
                0xffffffff81e00378                boot_InvalidICache
                0xffffffff81e00398                boot_InvalidDCache
                0xffffffff81e003b8                boot_DisableInterrupt
 *boot_monitor.o(.text .text.* .rdata .rodata .rodata.str1.4 .rodata.*)
 .text          0xffffffff81e00400      0x188 /home/local/RDAMICRO/deqikong/projects/fpcommit/soft/build/8809z_fpga/int_rom_programmer/platform/chip/boot/lib/libboot_cool_profile.a(boot_monitor.o)
                0xffffffff81e00401                boot_MonitorDoMonitoring
                0xffffffff81e00551                boot_Monitor
 *boot_uart_monitor.o(.text .text.* .rdata .rodata .rodata.str1.4 .rodata.*)
 .text          0xffffffff81e00588      0x924 /home/local/RDAMICRO/deqikong/projects/fpcommit/soft/build/8809z_fpga/int_rom_programmer/platform/chip/boot/lib/libboot_cool_profile.a(boot_uart_monitor.o)
                0xffffffff81e00589                boot_UartMonitorGetBaudRate
                0xffffffff81e0059d                boot_UartMonitorSend
                0xffffffff81e00601                boot_UartMonitorGet
                0xffffffff81e00665                boot_UartMonitorOpen
                0xffffffff81e006cd                boot_UartMonitorClose
                0xffffffff81e006dd                boot_UartMonitorAck
                0xffffffff81e00769                boot_UartMonitorTimeOut
                0xffffffff81e00791                boot_UartMonitorWriteProcess
                0xffffffff81e008d9                boot_UartMonitorRpcProcess
                0xffffffff81e00a21                boot_UartMonitorReadProcess
                0xffffffff81e00be1                boot_UartMonitorExitProcess
                0xffffffff81e00c35                boot_UartMonitorProcess
                0xffffffff81e00cdd                boot_UartMonitor
 .rodata.str1.4
                0xffffffff81e00eac       0x2c /home/local/RDAMICRO/deqikong/projects/fpcommit/soft/build/8809z_fpga/int_rom_programmer/platform/chip/boot/lib/libboot_cool_profile.a(boot_uart_monitor.o)
                0xffffffff81e00ff8                . = 0xff8
 *fill*         0xffffffff81e00ed8      0x120 00
 *boot_usb.o(.usbFixptr)
 .usbFixptr     0xffffffff81e00ff8        0x4 /home/local/RDAMICRO/deqikong/projects/fpcommit/soft/build/8809z_fpga/int_rom_programmer/platform/chip/boot/lib/libboot_cool_profile.a(boot_usb.o)
                0xffffffff81e00ffc                . = 0xffc
 *boot_usb_monitor.o(.usbmonitorFixptr)
 .usbmonitorFixptr
                0xffffffff81e00ffc        0x4 /home/local/RDAMICRO/deqikong/projects/fpcommit/soft/build/8809z_fpga/int_rom_programmer/platform/chip/boot/lib/libboot_cool_profile.a(boot_usb_monitor.o)
                0xffffffff81e00ffc                g_BootHostUsbFixPtr
 *boot_irq_dispatch.o(.text .text.* .rdata .rodata .rodata.str1.4 .rodata.*)
 .text          0xffffffff81e01000      0x5f0 /home/local/RDAMICRO/deqikong/projects/fpcommit/soft/build/8809z_fpga/int_rom_programmer/platform/chip/boot/lib/libboot_cool_profile.a(boot_irq_dispatch.o)
                0xffffffff81e01000                boot_FlushDCache
                0xffffffff81e01440                boot_IrqDispatch
                0xffffffff81e01484                boot_DcacheFlushAddrRange
 *boot_host.o(.text .text.* .rdata .rodata .rodata.str1.4 .rodata.*)
 .text          0xffffffff81e015f0      0x114 /home/local/RDAMICRO/deqikong/projects/fpcommit/soft/build/8809z_fpga/int_rom_programmer/platform/chip/boot/lib/libboot_cool_profile.a(boot_host.o)
                0xffffffff81e015f1                mon_Event
                0xffffffff81e01629                boot_HstCmdBasicHandler
                0xffffffff81e01699                boot_HstMonitor
 *boot_ispi.o(.text .text.* .rdata .rodata .rodata.str1.4 .rodata.*)
 .text          0xffffffff81e01704      0x4e0 /home/local/RDAMICRO/deqikong/projects/fpcommit/soft/build/8809z_fpga/int_rom_programmer/platform/chip/boot/lib/libboot_cool_profile.a(boot_ispi.o)
                0xffffffff81e01705                boot_IspiGetRomedCfg
                0xffffffff81e01791                boot_IspiOpen
                0xffffffff81e01871                boot_IspiFlushFifos
                0xffffffff81e01881                boot_IspiClearRxDmaDone
                0xffffffff81e01891                boot_IspiClearTxDmaDone
                0xffffffff81e018a1                boot_IspiClose
                0xffffffff81e018e5                boot_IspiRxIfcChannelRelease
                0xffffffff81e018fd                boot_IspiTxIfcChannelRelease
                0xffffffff81e01915                boot_IspiSendData
                0xffffffff81e01971                boot_IspiSendDataBuffer
                0xffffffff81e019dd                boot_IspiTxFifoAvail
                0xffffffff81e019f9                boot_IspiTxDmaDone
                0xffffffff81e01a29                boot_IspiTxFinished
                0xffffffff81e01a55                boot_IspiGetData
                0xffffffff81e01a85                boot_IspiGetDataBuffer
                0xffffffff81e01af1                boot_IspiRxFifoLevel
                0xffffffff81e01b09                boot_IspiRxDmaDone
                0xffffffff81e01b39                boot_IspiForcePin
                0xffffffff81e01bcd                boot_IspiGetRxIfcTc
 .rodata        0xffffffff81e01be4       0x24 /home/local/RDAMICRO/deqikong/projects/fpcommit/soft/build/8809z_fpga/int_rom_programmer/platform/chip/boot/lib/libboot_cool_profile.a(boot_ispi.o)
                0xffffffff81e01be4                g_bootIspiRomedCfg
 *boot_dma.o(.text .text.* .rdata .rodata .rodata.str1.4 .rodata.*)
 *boot_nand.o(.text .text.* .rdata .rodata .rodata.str1.4 .rodata.*)
 *boot_usb.o(.text .text.* .rdata .rodata .rodata.str1.4 .rodata.*)
 .text          0xffffffff81e01c08     0x13ac /home/local/RDAMICRO/deqikong/projects/fpcommit/soft/build/8809z_fpga/int_rom_programmer/platform/chip/boot/lib/libboot_cool_profile.a(boot_usb.o)
                0xffffffff81e01c49                boot_UsbResetTransfert
                0xffffffff81e01c71                boot_UsbStartTransfert
                0xffffffff81e01d79                boot_UsbCancelTransfert
                0xffffffff81e01da1                boot_UsbContinueTransfert
                0xffffffff81e02311                boot_UsbInitVar
                0xffffffff81e02339                boot_UsbOpen
                0xffffffff81e02359                boot_UsbEpStall
                0xffffffff81e023e1                boot_UsbRecv
                0xffffffff81e02429                boot_UsbSend
                0xffffffff81e024a1                boot_UsbCompletedCommand
                0xffffffff81e024dd                boot_UsbEpEnableInterrupt
                0xffffffff81e0252d                boot_UsbEpRxTransferedSize
                0xffffffff81e02549                boot_UsbEpTransfertDone
                0xffffffff81e025f9                boot_UsbClose
                0xffffffff81e02635                boot_UsbReset
                0xffffffff81e02d9d                boot_UsbIrqHandler
 .rodata.str1.4
                0xffffffff81e02fb4       0x16 /home/local/RDAMICRO/deqikong/projects/fpcommit/soft/build/8809z_fpga/int_rom_programmer/platform/chip/boot/lib/libboot_cool_profile.a(boot_usb.o)
                                         0x18 (size before relaxing)
 *fill*         0xffffffff81e02fca        0x2 00
 .rodata        0xffffffff81e02fcc        0x4 /home/local/RDAMICRO/deqikong/projects/fpcommit/soft/build/8809z_fpga/int_rom_programmer/platform/chip/boot/lib/libboot_cool_profile.a(boot_usb.o)
 *boot_usb_monitor.o(.text .text.* .rdata .rodata .rodata.str1.4 .rodata.*)
 .text          0xffffffff81e02fd0      0x77c /home/local/RDAMICRO/deqikong/projects/fpcommit/soft/build/8809z_fpga/int_rom_programmer/platform/chip/boot/lib/libboot_cool_profile.a(boot_usb_monitor.o)
                0xffffffff81e02fd1                boot_HostUsbDeviceCallback
                0xffffffff81e02fdd                boot_HostUsbUartDeviceCallback
                0xffffffff81e02fe9                boot_HostUsbClockEnable
                0xffffffff81e03021                boot_HostUsbClose
                0xffffffff81e03031                boot_HostUsbSend
                0xffffffff81e03169                boot_HostUsbEvent
                0xffffffff81e03621                boot_HostUsbRecv
                0xffffffff81e036b9                boot_HostUsbInit
                0xffffffff81e03719                boot_HostUsbOpen
 .rodata.str1.4
                0xffffffff81e0374c       0x3c /home/local/RDAMICRO/deqikong/projects/fpcommit/soft/build/8809z_fpga/int_rom_programmer/platform/chip/boot/lib/libboot_cool_profile.a(boot_usb_monitor.o)
 .rodata        0xffffffff81e03788       0xd4 /home/local/RDAMICRO/deqikong/projects/fpcommit/soft/build/8809z_fpga/int_rom_programmer/platform/chip/boot/lib/libboot_cool_profile.a(boot_usb_monitor.o)
                0xffffffff81e03788                boot_HostUsbInterface
 *boot_romstring.o(.text .text.* .rdata .rodata .rodata.str1.4 .rodata.*)
 .text          0xffffffff81e0385c        0x0 /home/local/RDAMICRO/deqikong/projects/fpcommit/soft/build/8809z_fpga/int_rom_programmer/platform/chip/boot/lib/libboot_cool_profile.a(boot_romstring.o)
 .rodata        0xffffffff81e0385c       0x44 /home/local/RDAMICRO/deqikong/projects/fpcommit/soft/build/8809z_fpga/int_rom_programmer/platform/chip/boot/lib/libboot_cool_profile.a(boot_romstring.o)
                0xffffffff81e0385c                boot_romCsString
                0xffffffff81e03890                boot_romDT
 *boot_rom_version.o(.text .text.* .rdata .rodata .rodata.str1.4 .rodata.*)
 .text          0xffffffff81e038a0        0x0 /home/local/RDAMICRO/deqikong/projects/fpcommit/soft/build/8809z_fpga/int_rom_programmer/platform/chip/boot/lib/libboot_cool_profile.a(boot_rom_version.o)
 .rodata        0xffffffff81e038a0       0x5c /home/local/RDAMICRO/deqikong/projects/fpcommit/soft/build/8809z_fpga/int_rom_programmer/platform/chip/boot/lib/libboot_cool_profile.a(boot_rom_version.o)
                0xffffffff81e038a0                MutedFrame_AMR
                0xffffffff81e038a8                MutedFrame_HR
                0xffffffff81e038b8                MutedFrame_EFR
                0xffffffff81e038d8                MutedFrame_FR
 *boot_test.o(.text .text.* .rdata .rodata .rodata.str1.4 .rodata.*)
 *boot_bist.o(.text .text.* .rdata .rodata .rodata.str1.4 .rodata.*)
 *boot_march_c_bbcp2.o(.text .text.* .rdata .rodata .rodata.str1.4 .rodata.*)
 *(.internal_rom_text)
 *(.internal_rom_rodata)
 *atoi.o(.text .text.* .rdata .rodata .rodata.str1.4 .rodata.*)
 *fill*         0xffffffff81e038fc        0x4 00
 .text          0xffffffff81e03900       0x40 /home/local/RDAMICRO/deqikong/projects/fpcommit/soft/build/8809z_fpga/int_rom_programmer/platform/base/std/lib/libstd_cool_profile.a(atoi.o)
                0xffffffff81e03901                atoi
 *bsearch.o(.text .text.* .rdata .rodata .rodata.str1.4 .rodata.*)
 .text          0xffffffff81e03940       0x60 /home/local/RDAMICRO/deqikong/projects/fpcommit/soft/build/8809z_fpga/int_rom_programmer/platform/base/std/lib/libstd_cool_profile.a(bsearch.o)
                0xffffffff81e03941                bsearch
 *ctype.o(.text .text.* .rdata .rodata .rodata.str1.4 .rodata.*)
 .text          0xffffffff81e039a0        0x0 /home/local/RDAMICRO/deqikong/projects/fpcommit/soft/build/8809z_fpga/int_rom_programmer/platform/base/std/lib/libstd_cool_profile.a(ctype.o)
 .rodata        0xffffffff81e039a0      0x100 /home/local/RDAMICRO/deqikong/projects/fpcommit/soft/build/8809z_fpga/int_rom_programmer/platform/base/std/lib/libstd_cool_profile.a(ctype.o)
                0xffffffff81e039a0                _ctype
 *memchr.o(.text .text.* .rdata .rodata .rodata.str1.4 .rodata.*)
 .text          0xffffffff81e03aa0       0x40 /home/local/RDAMICRO/deqikong/projects/fpcommit/soft/build/8809z_fpga/int_rom_programmer/platform/base/std/lib/libstd_cool_profile.a(memchr.o)
                0xffffffff81e03aa1                memchr
 *memcmp.o(.text .text.* .rdata .rodata .rodata.str1.4 .rodata.*)
 .text          0xffffffff81e03ae0       0x30 /home/local/RDAMICRO/deqikong/projects/fpcommit/soft/build/8809z_fpga/int_rom_programmer/platform/base/std/lib/libstd_cool_profile.a(memcmp.o)
                0xffffffff81e03ae1                memcmp
 *memcpy.o(.text .text.* .rdata .rodata .rodata.str1.4 .rodata.*)
 .text          0xffffffff81e03b10      0x330 /home/local/RDAMICRO/deqikong/projects/fpcommit/soft/build/8809z_fpga/int_rom_programmer/platform/base/std/lib/libstd_cool_profile.a(memcpy.o)
                0xffffffff81e03b10                memcpy
                0xffffffff81e03e10                memcpyb
 *memmove.o(.text .text.* .rdata .rodata .rodata.str1.4 .rodata.*)
 .text          0xffffffff81e03e40      0x140 /home/local/RDAMICRO/deqikong/projects/fpcommit/soft/build/8809z_fpga/int_rom_programmer/platform/base/std/lib/libstd_cool_profile.a(memmove.o)
                0xffffffff81e03e41                memmove
 *memscan.o(.text .text.* .rdata .rodata .rodata.str1.4 .rodata.*)
 .text          0xffffffff81e03f80       0x20 /home/local/RDAMICRO/deqikong/projects/fpcommit/soft/build/8809z_fpga/int_rom_programmer/platform/base/std/lib/libstd_cool_profile.a(memscan.o)
                0xffffffff81e03f81                memscan
 *memset.o(.text .text.* .rdata .rodata .rodata.str1.4 .rodata.*)
 .text          0xffffffff81e03fa0       0xf0 /home/local/RDAMICRO/deqikong/projects/fpcommit/soft/build/8809z_fpga/int_rom_programmer/platform/base/std/lib/libstd_cool_profile.a(memset.o)
                0xffffffff81e03fa0                memset
 *qsort.o(.text .text.* .rdata .rodata .rodata.str1.4 .rodata.*)
 .text          0xffffffff81e04090      0x2e0 /home/local/RDAMICRO/deqikong/projects/fpcommit/soft/build/8809z_fpga/int_rom_programmer/platform/base/std/lib/libstd_cool_profile.a(qsort.o)
                0xffffffff81e04341                qsort
 *strcat.o(.text .text.* .rdata .rodata .rodata.str1.4 .rodata.*)
 .text          0xffffffff81e04370       0x20 /home/local/RDAMICRO/deqikong/projects/fpcommit/soft/build/8809z_fpga/int_rom_programmer/platform/base/std/lib/libstd_cool_profile.a(strcat.o)
                0xffffffff81e04371                strcat
 *strchr.o(.text .text.* .rdata .rodata .rodata.str1.4 .rodata.*)
 .text          0xffffffff81e04390       0x50 /home/local/RDAMICRO/deqikong/projects/fpcommit/soft/build/8809z_fpga/int_rom_programmer/platform/base/std/lib/libstd_cool_profile.a(strchr.o)
                0xffffffff81e04391                strchr
                0xffffffff81e043c1                strrchr
 *strcmp.o(.text .text.* .rdata .rodata .rodata.str1.4 .rodata.*)
 .text          0xffffffff81e043e0       0x40 /home/local/RDAMICRO/deqikong/projects/fpcommit/soft/build/8809z_fpga/int_rom_programmer/platform/base/std/lib/libstd_cool_profile.a(strcmp.o)
                0xffffffff81e043e1                strcmp
 *strcpy.o(.text .text.* .rdata .rodata .rodata.str1.4 .rodata.*)
 .text          0xffffffff81e04420       0x20 /home/local/RDAMICRO/deqikong/projects/fpcommit/soft/build/8809z_fpga/int_rom_programmer/platform/base/std/lib/libstd_cool_profile.a(strcpy.o)
                0xffffffff81e04421                strcpy
 *strcspn.o(.text .text.* .rdata .rodata .rodata.str1.4 .rodata.*)
 .text          0xffffffff81e04440       0x40 /home/local/RDAMICRO/deqikong/projects/fpcommit/soft/build/8809z_fpga/int_rom_programmer/platform/base/std/lib/libstd_cool_profile.a(strcspn.o)
                0xffffffff81e04441                strcspn
 *strlen.o(.text .text.* .rdata .rodata .rodata.str1.4 .rodata.*)
 .text          0xffffffff81e04480       0x40 /home/local/RDAMICRO/deqikong/projects/fpcommit/soft/build/8809z_fpga/int_rom_programmer/platform/base/std/lib/libstd_cool_profile.a(strlen.o)
                0xffffffff81e04481                strlen
                0xffffffff81e044a1                strnlen
 *strncat.o(.text .text.* .rdata .rodata .rodata.str1.4 .rodata.*)
 .text          0xffffffff81e044c0       0x50 /home/local/RDAMICRO/deqikong/projects/fpcommit/soft/build/8809z_fpga/int_rom_programmer/platform/base/std/lib/libstd_cool_profile.a(strncat.o)
                0xffffffff81e044c1                strncat
 *strncmp.o(.text .text.* .rdata .rodata .rodata.str1.4 .rodata.*)
 .text          0xffffffff81e04510       0x40 /home/local/RDAMICRO/deqikong/projects/fpcommit/soft/build/8809z_fpga/int_rom_programmer/platform/base/std/lib/libstd_cool_profile.a(strncmp.o)
                0xffffffff81e04511                strncmp
 *strncpy.o(.text .text.* .rdata .rodata .rodata.str1.4 .rodata.*)
 .text          0xffffffff81e04550       0x40 /home/local/RDAMICRO/deqikong/projects/fpcommit/soft/build/8809z_fpga/int_rom_programmer/platform/base/std/lib/libstd_cool_profile.a(strncpy.o)
                0xffffffff81e04551                strncpy
 *strnicmp.o(.text .text.* .rdata .rodata .rodata.str1.4 .rodata.*)
 .text          0xffffffff81e04590       0x80 /home/local/RDAMICRO/deqikong/projects/fpcommit/soft/build/8809z_fpga/int_rom_programmer/platform/base/std/lib/libstd_cool_profile.a(strnicmp.o)
                0xffffffff81e04591                strnicmp
 *strsep.o(.text .text.* .rdata .rodata .rodata.str1.4 .rodata.*)
 .text          0xffffffff81e04610       0x40 /home/local/RDAMICRO/deqikong/projects/fpcommit/soft/build/8809z_fpga/int_rom_programmer/platform/base/std/lib/libstd_cool_profile.a(strsep.o)
                0xffffffff81e04611                strsep
 *strspn.o(.text .text.* .rdata .rodata .rodata.str1.4 .rodata.*)
 .text          0xffffffff81e04650       0x30 /home/local/RDAMICRO/deqikong/projects/fpcommit/soft/build/8809z_fpga/int_rom_programmer/platform/base/std/lib/libstd_cool_profile.a(strspn.o)
                0xffffffff81e04651                strspn
 *strstr.o(.text .text.* .rdata .rodata .rodata.str1.4 .rodata.*)
 .text          0xffffffff81e04680       0x60 /home/local/RDAMICRO/deqikong/projects/fpcommit/soft/build/8809z_fpga/int_rom_programmer/platform/base/std/lib/libstd_cool_profile.a(strstr.o)
                0xffffffff81e04681                strstr
 *strtok.o(.text .text.* .rdata .rodata .rodata.str1.4 .rodata.*)
 .text          0xffffffff81e046e0       0xa0 /home/local/RDAMICRO/deqikong/projects/fpcommit/soft/build/8809z_fpga/int_rom_programmer/platform/base/std/lib/libstd_cool_profile.a(strtok.o)
                0xffffffff81e046e1                strtok_r
                0xffffffff81e04761                strtok
 *strtol.o(.text .text.* .rdata .rodata .rodata.str1.4 .rodata.*)
 .text          0xffffffff81e04780      0x1c0 /home/local/RDAMICRO/deqikong/projects/fpcommit/soft/build/8809z_fpga/int_rom_programmer/platform/base/std/lib/libstd_cool_profile.a(strtol.o)
                0xffffffff81e04781                strtol
 *strtoul.o(.text .text.* .rdata .rodata .rodata.str1.4 .rodata.*)
 .text          0xffffffff81e04940      0x190 /home/local/RDAMICRO/deqikong/projects/fpcommit/soft/build/8809z_fpga/int_rom_programmer/platform/base/std/lib/libstd_cool_profile.a(strtoul.o)
                0xffffffff81e04941                strtoul
 *vsprintf.o(.text .text.* .rdata .rodata .rodata.str1.4 .rodata.*)
 .text          0xffffffff81e04ad0      0x6f0 /home/local/RDAMICRO/deqikong/projects/fpcommit/soft/build/8809z_fpga/int_rom_programmer/platform/base/std/lib/libstd_cool_profile.a(vsprintf.o)
                0xffffffff81e04cc1                vsnprintf
                0xffffffff81e05161                vsprintf
                0xffffffff81e05181                snprintf
                0xffffffff81e051a1                sprintf
 .rodata.str1.4
                0xffffffff81e051c0       0x25 /home/local/RDAMICRO/deqikong/projects/fpcommit/soft/build/8809z_fpga/int_rom_programmer/platform/base/std/lib/libstd_cool_profile.a(vsprintf.o)
                                         0x28 (size before relaxing)
                0xffffffff81e051f0                . = ALIGN (0x10)
 *fill*         0xffffffff81e051e5        0xb 00
                0xffffffff81e051f0                __int_rom_end = .
                0xffffffffa1c000a0                . = 0xffffffffa1c000a0

.rom_entries_uncached
                0xffffffffa1c000a0       0xf4
                0xffffffffa1c000a0                _hstMonitorXCtx_start = .
 *boot_host.o(.sram_hst_monitor_ctx)
 .sram_hst_monitor_ctx
                0xffffffffa1c000a0       0x18 /home/local/RDAMICRO/deqikong/projects/fpcommit/soft/build/8809z_fpga/int_rom_programmer/platform/chip/boot/lib/libboot_cool_profile.a(boot_host.o)
                0xffffffffa1c000a0                boot_HstMonitorXCtx
                0xffffffffa1c000b4                boot_HstMonitorExtendedHandler
 *boot_usb.o(.boot_usb_ep_ptr)
 .boot_usb_ep_ptr
                0xffffffffa1c000b8       0xdc /home/local/RDAMICRO/deqikong/projects/fpcommit/soft/build/8809z_fpga/int_rom_programmer/platform/chip/boot/lib/libboot_cool_profile.a(boot_usb.o)
                0xffffffffa1c00138                g_BootUsbVar
                0xffffffffa1c00194                . = ALIGN (0x4)
                0xffffffff81c00194                . = (. - 0x20000000)

.rom_entries_cached
                0xffffffff81c00194       0x54
 *boot_host.o(.data .data.* .bss .bss.* .scommon COMMON)
 .data          0xffffffff81c00194        0x0 /home/local/RDAMICRO/deqikong/projects/fpcommit/soft/build/8809z_fpga/int_rom_programmer/platform/chip/boot/lib/libboot_cool_profile.a(boot_host.o)
 .bss           0xffffffff81c00194        0x0 /home/local/RDAMICRO/deqikong/projects/fpcommit/soft/build/8809z_fpga/int_rom_programmer/platform/chip/boot/lib/libboot_cool_profile.a(boot_host.o)
 *boot_ram.o(.data .data.* .bss .bss.* .scommon COMMON)
 .data          0xffffffff81c00194       0x18 /home/local/RDAMICRO/deqikong/projects/fpcommit/soft/build/8809z_fpga/int_rom_programmer/platform/chip/boot/lib/libboot_cool_profile.a(boot_ram.o)
                0xffffffff81c00194                xcpu_error_code
                0xffffffff81c00198                xcpu_error_status
                0xffffffff81c0019c                xcpu_sp_context
                0xffffffff81c001a0                sxr_IrqStack_pointer
                0xffffffff81c001a4                g_bootResetCause
                0xffffffff81c001a8                g_bootBootMode
 .bss           0xffffffff81c001ac        0x0 /home/local/RDAMICRO/deqikong/projects/fpcommit/soft/build/8809z_fpga/int_rom_programmer/platform/chip/boot/lib/libboot_cool_profile.a(boot_ram.o)
 *boot_uart_monitor.o(.data .data.* .bss .bss.* .scommon COMMON)
 .data          0xffffffff81c001ac        0x0 /home/local/RDAMICRO/deqikong/projects/fpcommit/soft/build/8809z_fpga/int_rom_programmer/platform/chip/boot/lib/libboot_cool_profile.a(boot_uart_monitor.o)
 .bss           0xffffffff81c001ac        0x1 /home/local/RDAMICRO/deqikong/projects/fpcommit/soft/build/8809z_fpga/int_rom_programmer/platform/chip/boot/lib/libboot_cool_profile.a(boot_uart_monitor.o)
                0xffffffff81c001ac                g_bootUartMonitorBrDetected
 *fill*         0xffffffff81c001ad        0x3 00
 .scommon       0xffffffff81c001b0        0x4 /home/local/RDAMICRO/deqikong/projects/fpcommit/soft/build/8809z_fpga/int_rom_programmer/platform/chip/boot/lib/libboot_cool_profile.a(boot_uart_monitor.o)
                0xffffffff81c001b0                g_bootUartMonitorBaudRate
 *boot_rom.o(.data .data.* .bss .bss.* .scommon COMMON)
 .data          0xffffffff81c001b4        0x0 /home/local/RDAMICRO/deqikong/projects/fpcommit/soft/build/8809z_fpga/int_rom_programmer/platform/chip/boot/lib/libboot_cool_profile.a(boot_rom.o)
 .bss           0xffffffff81c001b4        0x0 /home/local/RDAMICRO/deqikong/projects/fpcommit/soft/build/8809z_fpga/int_rom_programmer/platform/chip/boot/lib/libboot_cool_profile.a(boot_rom.o)
 *boot_monitor.o(.data .data.* .bss .bss.* .scommon COMMON)
 .data          0xffffffff81c001b4        0x0 /home/local/RDAMICRO/deqikong/projects/fpcommit/soft/build/8809z_fpga/int_rom_programmer/platform/chip/boot/lib/libboot_cool_profile.a(boot_monitor.o)
 .bss           0xffffffff81c001b4        0x0 /home/local/RDAMICRO/deqikong/projects/fpcommit/soft/build/8809z_fpga/int_rom_programmer/platform/chip/boot/lib/libboot_cool_profile.a(boot_monitor.o)
 *boot_ram.o(.data .data.* .bss .bss.* .scommon COMMON)
 *boot_uart_monitor.o(.data .data.* .bss .bss.* .scommon COMMON)
 *boot_ispi.o(.data .data.* .bss .bss.* .scommon COMMON)
 .data          0xffffffff81c001b4        0x4 /home/local/RDAMICRO/deqikong/projects/fpcommit/soft/build/8809z_fpga/int_rom_programmer/platform/chip/boot/lib/libboot_cool_profile.a(boot_ispi.o)
 .bss           0xffffffff81c001b8        0x0 /home/local/RDAMICRO/deqikong/projects/fpcommit/soft/build/8809z_fpga/int_rom_programmer/platform/chip/boot/lib/libboot_cool_profile.a(boot_ispi.o)
 *boot_usb.o(.data .data.* .bss .bss.* .scommon COMMON)
 .data          0xffffffff81c001b8        0x0 /home/local/RDAMICRO/deqikong/projects/fpcommit/soft/build/8809z_fpga/int_rom_programmer/platform/chip/boot/lib/libboot_cool_profile.a(boot_usb.o)
 .bss           0xffffffff81c001b8        0x0 /home/local/RDAMICRO/deqikong/projects/fpcommit/soft/build/8809z_fpga/int_rom_programmer/platform/chip/boot/lib/libboot_cool_profile.a(boot_usb.o)
 *boot_usb_monitor.o(.data .data.* .bss .bss.* .scommon COMMON)
 .data          0xffffffff81c001b8        0x0 /home/local/RDAMICRO/deqikong/projects/fpcommit/soft/build/8809z_fpga/int_rom_programmer/platform/chip/boot/lib/libboot_cool_profile.a(boot_usb_monitor.o)
 .bss           0xffffffff81c001b8       0x24 /home/local/RDAMICRO/deqikong/projects/fpcommit/soft/build/8809z_fpga/int_rom_programmer/platform/chip/boot/lib/libboot_cool_profile.a(boot_usb_monitor.o)
 *boot_irq_dispatch.o(.data .data.* .bss .bss.* .scommon COMMON)
 .data          0xffffffff81c001dc        0x0 /home/local/RDAMICRO/deqikong/projects/fpcommit/soft/build/8809z_fpga/int_rom_programmer/platform/chip/boot/lib/libboot_cool_profile.a(boot_irq_dispatch.o)
 .bss           0xffffffff81c001dc        0x0 /home/local/RDAMICRO/deqikong/projects/fpcommit/soft/build/8809z_fpga/int_rom_programmer/platform/chip/boot/lib/libboot_cool_profile.a(boot_irq_dispatch.o)
 *atoi.o(.data .data.* .bss .bss.* .scommon COMMON)
 .data          0xffffffff81c001dc        0x0 /home/local/RDAMICRO/deqikong/projects/fpcommit/soft/build/8809z_fpga/int_rom_programmer/platform/base/std/lib/libstd_cool_profile.a(atoi.o)
 .bss           0xffffffff81c001dc        0x0 /home/local/RDAMICRO/deqikong/projects/fpcommit/soft/build/8809z_fpga/int_rom_programmer/platform/base/std/lib/libstd_cool_profile.a(atoi.o)
 *bsearch.o(.data .data.* .bss .bss.* .scommon COMMON)
 .data          0xffffffff81c001dc        0x0 /home/local/RDAMICRO/deqikong/projects/fpcommit/soft/build/8809z_fpga/int_rom_programmer/platform/base/std/lib/libstd_cool_profile.a(bsearch.o)
 .bss           0xffffffff81c001dc        0x0 /home/local/RDAMICRO/deqikong/projects/fpcommit/soft/build/8809z_fpga/int_rom_programmer/platform/base/std/lib/libstd_cool_profile.a(bsearch.o)
 *ctype.o(.data .data.* .bss .bss.* .scommon COMMON)
 .data          0xffffffff81c001dc        0x0 /home/local/RDAMICRO/deqikong/projects/fpcommit/soft/build/8809z_fpga/int_rom_programmer/platform/base/std/lib/libstd_cool_profile.a(ctype.o)
 .bss           0xffffffff81c001dc        0x0 /home/local/RDAMICRO/deqikong/projects/fpcommit/soft/build/8809z_fpga/int_rom_programmer/platform/base/std/lib/libstd_cool_profile.a(ctype.o)
 *memchr.o(.data .data.* .bss .bss.* .scommon COMMON)
 .data          0xffffffff81c001dc        0x0 /home/local/RDAMICRO/deqikong/projects/fpcommit/soft/build/8809z_fpga/int_rom_programmer/platform/base/std/lib/libstd_cool_profile.a(memchr.o)
 .bss           0xffffffff81c001dc        0x0 /home/local/RDAMICRO/deqikong/projects/fpcommit/soft/build/8809z_fpga/int_rom_programmer/platform/base/std/lib/libstd_cool_profile.a(memchr.o)
 *memcmp.o(.data .data.* .bss .bss.* .scommon COMMON)
 .data          0xffffffff81c001dc        0x0 /home/local/RDAMICRO/deqikong/projects/fpcommit/soft/build/8809z_fpga/int_rom_programmer/platform/base/std/lib/libstd_cool_profile.a(memcmp.o)
 .bss           0xffffffff81c001dc        0x0 /home/local/RDAMICRO/deqikong/projects/fpcommit/soft/build/8809z_fpga/int_rom_programmer/platform/base/std/lib/libstd_cool_profile.a(memcmp.o)
 *memcpy.o(.data .data.* .bss .bss.* .scommon COMMON)
 .data          0xffffffff81c001dc        0x0 /home/local/RDAMICRO/deqikong/projects/fpcommit/soft/build/8809z_fpga/int_rom_programmer/platform/base/std/lib/libstd_cool_profile.a(memcpy.o)
 .bss           0xffffffff81c001dc        0x0 /home/local/RDAMICRO/deqikong/projects/fpcommit/soft/build/8809z_fpga/int_rom_programmer/platform/base/std/lib/libstd_cool_profile.a(memcpy.o)
 *memmove.o(.data .data.* .bss .bss.* .scommon COMMON)
 .data          0xffffffff81c001dc        0x0 /home/local/RDAMICRO/deqikong/projects/fpcommit/soft/build/8809z_fpga/int_rom_programmer/platform/base/std/lib/libstd_cool_profile.a(memmove.o)
 .bss           0xffffffff81c001dc        0x0 /home/local/RDAMICRO/deqikong/projects/fpcommit/soft/build/8809z_fpga/int_rom_programmer/platform/base/std/lib/libstd_cool_profile.a(memmove.o)
 *memscan.o(.data .data.* .bss .bss.* .scommon COMMON)
 .data          0xffffffff81c001dc        0x0 /home/local/RDAMICRO/deqikong/projects/fpcommit/soft/build/8809z_fpga/int_rom_programmer/platform/base/std/lib/libstd_cool_profile.a(memscan.o)
 .bss           0xffffffff81c001dc        0x0 /home/local/RDAMICRO/deqikong/projects/fpcommit/soft/build/8809z_fpga/int_rom_programmer/platform/base/std/lib/libstd_cool_profile.a(memscan.o)
 *memset.o(.data .data.* .bss .bss.* .scommon COMMON)
 .data          0xffffffff81c001dc        0x0 /home/local/RDAMICRO/deqikong/projects/fpcommit/soft/build/8809z_fpga/int_rom_programmer/platform/base/std/lib/libstd_cool_profile.a(memset.o)
 .bss           0xffffffff81c001dc        0x0 /home/local/RDAMICRO/deqikong/projects/fpcommit/soft/build/8809z_fpga/int_rom_programmer/platform/base/std/lib/libstd_cool_profile.a(memset.o)
 *qsort.o(.data .data.* .bss .bss.* .scommon COMMON)
 .data          0xffffffff81c001dc        0x0 /home/local/RDAMICRO/deqikong/projects/fpcommit/soft/build/8809z_fpga/int_rom_programmer/platform/base/std/lib/libstd_cool_profile.a(qsort.o)
 .bss           0xffffffff81c001dc        0x8 /home/local/RDAMICRO/deqikong/projects/fpcommit/soft/build/8809z_fpga/int_rom_programmer/platform/base/std/lib/libstd_cool_profile.a(qsort.o)
 *strcat.o(.data .data.* .bss .bss.* .scommon COMMON)
 .data          0xffffffff81c001e4        0x0 /home/local/RDAMICRO/deqikong/projects/fpcommit/soft/build/8809z_fpga/int_rom_programmer/platform/base/std/lib/libstd_cool_profile.a(strcat.o)
 .bss           0xffffffff81c001e4        0x0 /home/local/RDAMICRO/deqikong/projects/fpcommit/soft/build/8809z_fpga/int_rom_programmer/platform/base/std/lib/libstd_cool_profile.a(strcat.o)
 *strchr.o(.data .data.* .bss .bss.* .scommon COMMON)
 .data          0xffffffff81c001e4        0x0 /home/local/RDAMICRO/deqikong/projects/fpcommit/soft/build/8809z_fpga/int_rom_programmer/platform/base/std/lib/libstd_cool_profile.a(strchr.o)
 .bss           0xffffffff81c001e4        0x0 /home/local/RDAMICRO/deqikong/projects/fpcommit/soft/build/8809z_fpga/int_rom_programmer/platform/base/std/lib/libstd_cool_profile.a(strchr.o)
 *strcmp.o(.data .data.* .bss .bss.* .scommon COMMON)
 .data          0xffffffff81c001e4        0x0 /home/local/RDAMICRO/deqikong/projects/fpcommit/soft/build/8809z_fpga/int_rom_programmer/platform/base/std/lib/libstd_cool_profile.a(strcmp.o)
 .bss           0xffffffff81c001e4        0x0 /home/local/RDAMICRO/deqikong/projects/fpcommit/soft/build/8809z_fpga/int_rom_programmer/platform/base/std/lib/libstd_cool_profile.a(strcmp.o)
 *strcpy.o(.data .data.* .bss .bss.* .scommon COMMON)
 .data          0xffffffff81c001e4        0x0 /home/local/RDAMICRO/deqikong/projects/fpcommit/soft/build/8809z_fpga/int_rom_programmer/platform/base/std/lib/libstd_cool_profile.a(strcpy.o)
 .bss           0xffffffff81c001e4        0x0 /home/local/RDAMICRO/deqikong/projects/fpcommit/soft/build/8809z_fpga/int_rom_programmer/platform/base/std/lib/libstd_cool_profile.a(strcpy.o)
 *strcspn.o(.data .data.* .bss .bss.* .scommon COMMON)
 .data          0xffffffff81c001e4        0x0 /home/local/RDAMICRO/deqikong/projects/fpcommit/soft/build/8809z_fpga/int_rom_programmer/platform/base/std/lib/libstd_cool_profile.a(strcspn.o)
 .bss           0xffffffff81c001e4        0x0 /home/local/RDAMICRO/deqikong/projects/fpcommit/soft/build/8809z_fpga/int_rom_programmer/platform/base/std/lib/libstd_cool_profile.a(strcspn.o)
 *strlen.o(.data .data.* .bss .bss.* .scommon COMMON)
 .data          0xffffffff81c001e4        0x0 /home/local/RDAMICRO/deqikong/projects/fpcommit/soft/build/8809z_fpga/int_rom_programmer/platform/base/std/lib/libstd_cool_profile.a(strlen.o)
 .bss           0xffffffff81c001e4        0x0 /home/local/RDAMICRO/deqikong/projects/fpcommit/soft/build/8809z_fpga/int_rom_programmer/platform/base/std/lib/libstd_cool_profile.a(strlen.o)
 *strncat.o(.data .data.* .bss .bss.* .scommon COMMON)
 .data          0xffffffff81c001e4        0x0 /home/local/RDAMICRO/deqikong/projects/fpcommit/soft/build/8809z_fpga/int_rom_programmer/platform/base/std/lib/libstd_cool_profile.a(strncat.o)
 .bss           0xffffffff81c001e4        0x0 /home/local/RDAMICRO/deqikong/projects/fpcommit/soft/build/8809z_fpga/int_rom_programmer/platform/base/std/lib/libstd_cool_profile.a(strncat.o)
 *strncmp.o(.data .data.* .bss .bss.* .scommon COMMON)
 .data          0xffffffff81c001e4        0x0 /home/local/RDAMICRO/deqikong/projects/fpcommit/soft/build/8809z_fpga/int_rom_programmer/platform/base/std/lib/libstd_cool_profile.a(strncmp.o)
 .bss           0xffffffff81c001e4        0x0 /home/local/RDAMICRO/deqikong/projects/fpcommit/soft/build/8809z_fpga/int_rom_programmer/platform/base/std/lib/libstd_cool_profile.a(strncmp.o)
 *strncpy.o(.data .data.* .bss .bss.* .scommon COMMON)
 .data          0xffffffff81c001e4        0x0 /home/local/RDAMICRO/deqikong/projects/fpcommit/soft/build/8809z_fpga/int_rom_programmer/platform/base/std/lib/libstd_cool_profile.a(strncpy.o)
 .bss           0xffffffff81c001e4        0x0 /home/local/RDAMICRO/deqikong/projects/fpcommit/soft/build/8809z_fpga/int_rom_programmer/platform/base/std/lib/libstd_cool_profile.a(strncpy.o)
 *strnicmp.o(.data .data.* .bss .bss.* .scommon COMMON)
 .data          0xffffffff81c001e4        0x0 /home/local/RDAMICRO/deqikong/projects/fpcommit/soft/build/8809z_fpga/int_rom_programmer/platform/base/std/lib/libstd_cool_profile.a(strnicmp.o)
 .bss           0xffffffff81c001e4        0x0 /home/local/RDAMICRO/deqikong/projects/fpcommit/soft/build/8809z_fpga/int_rom_programmer/platform/base/std/lib/libstd_cool_profile.a(strnicmp.o)
 *strsep.o(.data .data.* .bss .bss.* .scommon COMMON)
 .data          0xffffffff81c001e4        0x0 /home/local/RDAMICRO/deqikong/projects/fpcommit/soft/build/8809z_fpga/int_rom_programmer/platform/base/std/lib/libstd_cool_profile.a(strsep.o)
 .bss           0xffffffff81c001e4        0x0 /home/local/RDAMICRO/deqikong/projects/fpcommit/soft/build/8809z_fpga/int_rom_programmer/platform/base/std/lib/libstd_cool_profile.a(strsep.o)
 *strspn.o(.data .data.* .bss .bss.* .scommon COMMON)
 .data          0xffffffff81c001e4        0x0 /home/local/RDAMICRO/deqikong/projects/fpcommit/soft/build/8809z_fpga/int_rom_programmer/platform/base/std/lib/libstd_cool_profile.a(strspn.o)
 .bss           0xffffffff81c001e4        0x0 /home/local/RDAMICRO/deqikong/projects/fpcommit/soft/build/8809z_fpga/int_rom_programmer/platform/base/std/lib/libstd_cool_profile.a(strspn.o)
 *strstr.o(.data .data.* .bss .bss.* .scommon COMMON)
 .data          0xffffffff81c001e4        0x0 /home/local/RDAMICRO/deqikong/projects/fpcommit/soft/build/8809z_fpga/int_rom_programmer/platform/base/std/lib/libstd_cool_profile.a(strstr.o)
 .bss           0xffffffff81c001e4        0x0 /home/local/RDAMICRO/deqikong/projects/fpcommit/soft/build/8809z_fpga/int_rom_programmer/platform/base/std/lib/libstd_cool_profile.a(strstr.o)
 *strtok.o(.data .data.* .bss .bss.* .scommon COMMON)
 .data          0xffffffff81c001e4        0x0 /home/local/RDAMICRO/deqikong/projects/fpcommit/soft/build/8809z_fpga/int_rom_programmer/platform/base/std/lib/libstd_cool_profile.a(strtok.o)
 .bss           0xffffffff81c001e4        0x4 /home/local/RDAMICRO/deqikong/projects/fpcommit/soft/build/8809z_fpga/int_rom_programmer/platform/base/std/lib/libstd_cool_profile.a(strtok.o)
 *strtol.o(.data .data.* .bss .bss.* .scommon COMMON)
 .data          0xffffffff81c001e8        0x0 /home/local/RDAMICRO/deqikong/projects/fpcommit/soft/build/8809z_fpga/int_rom_programmer/platform/base/std/lib/libstd_cool_profile.a(strtol.o)
 .bss           0xffffffff81c001e8        0x0 /home/local/RDAMICRO/deqikong/projects/fpcommit/soft/build/8809z_fpga/int_rom_programmer/platform/base/std/lib/libstd_cool_profile.a(strtol.o)
 *strtoul.o(.data .data.* .bss .bss.* .scommon COMMON)
 .data          0xffffffff81c001e8        0x0 /home/local/RDAMICRO/deqikong/projects/fpcommit/soft/build/8809z_fpga/int_rom_programmer/platform/base/std/lib/libstd_cool_profile.a(strtoul.o)
 .bss           0xffffffff81c001e8        0x0 /home/local/RDAMICRO/deqikong/projects/fpcommit/soft/build/8809z_fpga/int_rom_programmer/platform/base/std/lib/libstd_cool_profile.a(strtoul.o)
 *vsprintf.o(.data .data.* .bss .bss.* .scommon COMMON)
 .data          0xffffffff81c001e8        0x0 /home/local/RDAMICRO/deqikong/projects/fpcommit/soft/build/8809z_fpga/int_rom_programmer/platform/base/std/lib/libstd_cool_profile.a(vsprintf.o)
 .bss           0xffffffff81c001e8        0x0 /home/local/RDAMICRO/deqikong/projects/fpcommit/soft/build/8809z_fpga/int_rom_programmer/platform/base/std/lib/libstd_cool_profile.a(vsprintf.o)
                0xffffffff81c001e8                __int_rom_reserved_end = .
                0x0000000000000001                ASSERT ((ABSOLUTE (__int_rom_reserved_end) <= 0xffffffff81c00220), Reserved Ram Reserved for Rom Overflowed)

.sram_romed_top
                0xffffffff81c0fffc        0x0
                0xffffffff81c0fffc                _sys_sram_non_romed_top = .

.boot_rom_version_number
                0xffffffff81e05ff8        0x4
                0xffffffff81e05ff8                _int_rom_version_number = .
 *(.boot_rom_version_number)
 .boot_rom_version_number
                0xffffffff81e05ff8        0x4 /home/local/RDAMICRO/deqikong/projects/fpcommit/soft/build/8809z_fpga/int_rom_programmer/platform/chip/boot/lib/libboot_cool_profile.a(boot_rom_version.o)
                0xffffffff81e05ff8                g_bootRomVersionNumber

.internal_rom.crc
                0xffffffff81e05ffc        0x4
                0xffffffff81e05ffc                __int_rom_crc = .
                0xffffffff81e05ffc        0x4 LONG 0xc001c001

/DISCARD/
 *(*)
START GROUP
LOAD /home/local/RDAMICRO/deqikong/projects/fpcommit/soft/build/8809z_fpga/int_rom_programmer/platform/base/std/lib/libstd_cool_profile.a
LOAD /home/local/RDAMICRO/deqikong/projects/fpcommit/soft/build/8809z_fpga/int_rom_programmer/platform/chip/bcpu/lib/libbcpu_cool_profile.a
LOAD /home/local/RDAMICRO/deqikong/projects/fpcommit/soft/build/8809z_fpga/int_rom_programmer/platform/chip/boot/lib/libboot_cool_profile.a
END GROUP
LOAD /opt/CSDTK/bin/../lib/gcc/mips-elf/4.4.2/libgcc.a
OUTPUT(/home/local/RDAMICRO/deqikong/projects/fpcommit/soft/build/8809z_fpga/int_rom_programmer/platform_test/rom/int_rom_programmer/int_rom_programmer_chip_8809z_fpga_cool_profile.elf elf32-littlemips)
